Archive member included to satisfy reference by file (symbol)

C:/ST/STM32CubeIDE_1.14.0/STM32CubeIDE/plugins/com.st.stm32cube.ide.mcu.externaltools.gnu-tools-for-stm32.11.3.rel1.win32_1.1.100.202309141235/tools/bin/../lib/gcc/arm-none-eabi/11.3.1/../../../../arm-none-eabi/lib/thumb/v7e-m+fp/hard\libc_nano.a(libc_a-exit.o)
                              C:/ST/STM32CubeIDE_1.14.0/STM32CubeIDE/plugins/com.st.stm32cube.ide.mcu.externaltools.gnu-tools-for-stm32.11.3.rel1.win32_1.1.100.202309141235/tools/bin/../lib/gcc/arm-none-eabi/11.3.1/../../../../arm-none-eabi/lib/thumb/v7e-m+fp/hard/crt0.o (exit)
C:/ST/STM32CubeIDE_1.14.0/STM32CubeIDE/plugins/com.st.stm32cube.ide.mcu.externaltools.gnu-tools-for-stm32.11.3.rel1.win32_1.1.100.202309141235/tools/bin/../lib/gcc/arm-none-eabi/11.3.1/../../../../arm-none-eabi/lib/thumb/v7e-m+fp/hard\libc_nano.a(libc_a-strtol.o)
                              ./Core/Src/main.o (strtol)
C:/ST/STM32CubeIDE_1.14.0/STM32CubeIDE/plugins/com.st.stm32cube.ide.mcu.externaltools.gnu-tools-for-stm32.11.3.rel1.win32_1.1.100.202309141235/tools/bin/../lib/gcc/arm-none-eabi/11.3.1/../../../../arm-none-eabi/lib/thumb/v7e-m+fp/hard\libc_nano.a(libc_a-ctype_.o)
                              C:/ST/STM32CubeIDE_1.14.0/STM32CubeIDE/plugins/com.st.stm32cube.ide.mcu.externaltools.gnu-tools-for-stm32.11.3.rel1.win32_1.1.100.202309141235/tools/bin/../lib/gcc/arm-none-eabi/11.3.1/../../../../arm-none-eabi/lib/thumb/v7e-m+fp/hard\libc_nano.a(libc_a-strtol.o) (_ctype_)
C:/ST/STM32CubeIDE_1.14.0/STM32CubeIDE/plugins/com.st.stm32cube.ide.mcu.externaltools.gnu-tools-for-stm32.11.3.rel1.win32_1.1.100.202309141235/tools/bin/../lib/gcc/arm-none-eabi/11.3.1/../../../../arm-none-eabi/lib/thumb/v7e-m+fp/hard\libc_nano.a(libc_a-findfp.o)
                              ./Middlewares/Third_Party/FreeRTOS/Source/tasks.o (__sf)
C:/ST/STM32CubeIDE_1.14.0/STM32CubeIDE/plugins/com.st.stm32cube.ide.mcu.externaltools.gnu-tools-for-stm32.11.3.rel1.win32_1.1.100.202309141235/tools/bin/../lib/gcc/arm-none-eabi/11.3.1/../../../../arm-none-eabi/lib/thumb/v7e-m+fp/hard\libc_nano.a(libc_a-fwalk.o)
                              C:/ST/STM32CubeIDE_1.14.0/STM32CubeIDE/plugins/com.st.stm32cube.ide.mcu.externaltools.gnu-tools-for-stm32.11.3.rel1.win32_1.1.100.202309141235/tools/bin/../lib/gcc/arm-none-eabi/11.3.1/../../../../arm-none-eabi/lib/thumb/v7e-m+fp/hard\libc_nano.a(libc_a-findfp.o) (_fwalk_sglue)
C:/ST/STM32CubeIDE_1.14.0/STM32CubeIDE/plugins/com.st.stm32cube.ide.mcu.externaltools.gnu-tools-for-stm32.11.3.rel1.win32_1.1.100.202309141235/tools/bin/../lib/gcc/arm-none-eabi/11.3.1/../../../../arm-none-eabi/lib/thumb/v7e-m+fp/hard\libc_nano.a(libc_a-stdio.o)
                              C:/ST/STM32CubeIDE_1.14.0/STM32CubeIDE/plugins/com.st.stm32cube.ide.mcu.externaltools.gnu-tools-for-stm32.11.3.rel1.win32_1.1.100.202309141235/tools/bin/../lib/gcc/arm-none-eabi/11.3.1/../../../../arm-none-eabi/lib/thumb/v7e-m+fp/hard\libc_nano.a(libc_a-findfp.o) (__sread)
C:/ST/STM32CubeIDE_1.14.0/STM32CubeIDE/plugins/com.st.stm32cube.ide.mcu.externaltools.gnu-tools-for-stm32.11.3.rel1.win32_1.1.100.202309141235/tools/bin/../lib/gcc/arm-none-eabi/11.3.1/../../../../arm-none-eabi/lib/thumb/v7e-m+fp/hard\libc_nano.a(libc_a-vsnprintf.o)
                              ./Core/Src/main.o (vsnprintf)
C:/ST/STM32CubeIDE_1.14.0/STM32CubeIDE/plugins/com.st.stm32cube.ide.mcu.externaltools.gnu-tools-for-stm32.11.3.rel1.win32_1.1.100.202309141235/tools/bin/../lib/gcc/arm-none-eabi/11.3.1/../../../../arm-none-eabi/lib/thumb/v7e-m+fp/hard\libc_nano.a(libc_a-memset.o)
                              C:/ST/STM32CubeIDE_1.14.0/STM32CubeIDE/plugins/com.st.stm32cube.ide.mcu.externaltools.gnu-tools-for-stm32.11.3.rel1.win32_1.1.100.202309141235/tools/bin/../lib/gcc/arm-none-eabi/11.3.1/../../../../arm-none-eabi/lib/thumb/v7e-m+fp/hard/crt0.o (memset)
C:/ST/STM32CubeIDE_1.14.0/STM32CubeIDE/plugins/com.st.stm32cube.ide.mcu.externaltools.gnu-tools-for-stm32.11.3.rel1.win32_1.1.100.202309141235/tools/bin/../lib/gcc/arm-none-eabi/11.3.1/../../../../arm-none-eabi/lib/thumb/v7e-m+fp/hard\libc_nano.a(libc_a-closer.o)
                              C:/ST/STM32CubeIDE_1.14.0/STM32CubeIDE/plugins/com.st.stm32cube.ide.mcu.externaltools.gnu-tools-for-stm32.11.3.rel1.win32_1.1.100.202309141235/tools/bin/../lib/gcc/arm-none-eabi/11.3.1/../../../../arm-none-eabi/lib/thumb/v7e-m+fp/hard\libc_nano.a(libc_a-stdio.o) (_close_r)
C:/ST/STM32CubeIDE_1.14.0/STM32CubeIDE/plugins/com.st.stm32cube.ide.mcu.externaltools.gnu-tools-for-stm32.11.3.rel1.win32_1.1.100.202309141235/tools/bin/../lib/gcc/arm-none-eabi/11.3.1/../../../../arm-none-eabi/lib/thumb/v7e-m+fp/hard\libc_nano.a(libc_a-reent.o)
                              ./Middlewares/Third_Party/FreeRTOS/Source/tasks.o (_reclaim_reent)
[...]
Memory Configuration

Name             Origin             Length             Attributes
RAM              0x0000000020000000 0x0000000000018000 xrw
RAM2             0x0000000010000000 0x0000000000008000 xrw
FLASH            0x0000000008000000 0x0000000000100000 xr
*default*        0x0000000000000000 0xffffffffffffffff

Linker script and memory map

LOAD C:/ST/STM32CubeIDE_1.14.0/STM32CubeIDE/plugins/com.st.stm32cube.ide.mcu.externaltools.gnu-tools-for-stm32.11.3.rel1.win32_1.1.100.202309141235/tools/bin/../lib/gcc/arm-none-eabi/11.3.1/thumb/v7e-m+fp/hard/crti.o
LOAD C:/ST/STM32CubeIDE_1.14.0/STM32CubeIDE/plugins/com.st.stm32cube.ide.mcu.externaltools.gnu-tools-for-stm32.11.3.rel1.win32_1.1.100.202309141235/tools/bin/../lib/gcc/arm-none-eabi/11.3.1/thumb/v7e-m+fp/hard/crtbegin.o
LOAD C:/ST/STM32CubeIDE_1.14.0/STM32CubeIDE/plugins/com.st.stm32cube.ide.mcu.externaltools.gnu-tools-for-stm32.11.3.rel1.win32_1.1.100.202309141235/tools/bin/../lib/gcc/arm-none-eabi/11.3.1/../../../../arm-none-eabi/lib/thumb/v7e-m+fp/hard/crt0.o
LOAD ./Core/Src/freertos.o
LOAD ./Core/Src/gpio.o
LOAD ./Core/Src/main.o
LOAD ./Core/Src/spi.o
LOAD ./Core/Src/spsgrf.o
LOAD ./Core/Src/stm32l4xx_hal_msp.o
LOAD ./Core/Src/stm32l4xx_hal_timebase_tim.o
LOAD ./Core/Src/stm32l4xx_it.o
LOAD ./Core/Src/syscalls.o
LOAD ./Core/Src/sysmem.o
LOAD ./Core/Src/system_stm32l4xx.o
LOAD ./Core/Src/usart.o
LOAD ./Core/Startup/startup_stm32l476rgtx.o
LOAD ./Drivers/Drivers/BSP/Components/spirit1/SPIRIT1_Library/Src/SPIRIT_Aes.o
LOAD ./Drivers/Drivers/BSP/Components/spirit1/SPIRIT1_Library/Src/SPIRIT_Calibration.o
LOAD ./Drivers/Drivers/BSP/Components/spirit1/SPIRIT1_Library/Src/SPIRIT_Commands.o
LOAD ./Drivers/Drivers/BSP/Components/spirit1/SPIRIT1_Library/Src/SPIRIT_Csma.o
LOAD ./Drivers/Drivers/BSP/Components/spirit1/SPIRIT1_Library/Src/SPIRIT_DirectRF.o
LOAD ./Drivers/Drivers/BSP/Components/spirit1/SPIRIT1_Library/Src/SPIRIT_General.o
LOAD ./Drivers/Drivers/BSP/Components/spirit1/SPIRIT1_Library/Src/SPIRIT_Gpio.o
LOAD ./Drivers/Drivers/BSP/Components/spirit1/SPIRIT1_Library/Src/SPIRIT_Irq.o
LOAD ./Drivers/Drivers/BSP/Components/spirit1/SPIRIT1_Library/Src/SPIRIT_LinearFifo.o
LOAD ./Drivers/Drivers/BSP/Components/spirit1/SPIRIT1_Library/Src/SPIRIT_Management.o
LOAD ./Drivers/Drivers/BSP/Components/spirit1/SPIRIT1_Library/Src/SPIRIT_PktBasic.o
LOAD ./Drivers/Drivers/BSP/Components/spirit1/SPIRIT1_Library/Src/SPIRIT_PktCommon.o
LOAD ./Drivers/Drivers/BSP/Components/spirit1/SPIRIT1_Library/Src/SPIRIT_PktMbus.o
LOAD ./Drivers/Drivers/BSP/Components/spirit1/SPIRIT1_Library/Src/SPIRIT_PktStack.o
LOAD ./Drivers/Drivers/BSP/Components/spirit1/SPIRIT1_Library/Src/SPIRIT_Qi.o
LOAD ./Drivers/Drivers/BSP/Components/spirit1/SPIRIT1_Library/Src/SPIRIT_Radio.o
LOAD ./Drivers/Drivers/BSP/Components/spirit1/SPIRIT1_Library/Src/SPIRIT_Timer.o
LOAD ./Drivers/Drivers/BSP/Components/spirit1/SPIRIT1_Library/Src/SPIRIT_Types.o
LOAD ./Drivers/Drivers/BSP/Components/spirit1/radio_target.o
LOAD ./Drivers/STM32L4xx_HAL_Driver/Src/stm32l4xx_hal.o
LOAD ./Drivers/STM32L4xx_HAL_Driver/Src/stm32l4xx_hal_cortex.o
LOAD ./Drivers/STM32L4xx_HAL_Driver/Src/stm32l4xx_hal_dma.o
LOAD ./Drivers/STM32L4xx_HAL_Driver/Src/stm32l4xx_hal_dma_ex.o
LOAD ./Drivers/STM32L4xx_HAL_Driver/Src/stm32l4xx_hal_exti.o
LOAD ./Drivers/STM32L4xx_HAL_Driver/Src/stm32l4xx_hal_flash.o
LOAD ./Drivers/STM32L4xx_HAL_Driver/Src/stm32l4xx_hal_flash_ex.o
LOAD ./Drivers/STM32L4xx_HAL_Driver/Src/stm32l4xx_hal_flash_ramfunc.o
LOAD ./Drivers/STM32L4xx_HAL_Driver/Src/stm32l4xx_hal_gpio.o
LOAD ./Drivers/STM32L4xx_HAL_Driver/Src/stm32l4xx_hal_i2c.o
LOAD ./Drivers/STM32L4xx_HAL_Driver/Src/stm32l4xx_hal_i2c_ex.o
LOAD ./Drivers/STM32L4xx_HAL_Driver/Src/stm32l4xx_hal_pwr.o
LOAD ./Drivers/STM32L4xx_HAL_Driver/Src/stm32l4xx_hal_pwr_ex.o
LOAD ./Drivers/STM32L4xx_HAL_Driver/Src/stm32l4xx_hal_rcc.o
LOAD ./Drivers/STM32L4xx_HAL_Driver/Src/stm32l4xx_hal_rcc_ex.o
LOAD ./Drivers/STM32L4xx_HAL_Driver/Src/stm32l4xx_hal_spi.o
LOAD ./Drivers/STM32L4xx_HAL_Driver/Src/stm32l4xx_hal_spi_ex.o
LOAD ./Drivers/STM32L4xx_HAL_Driver/Src/stm32l4xx_hal_tim.o
LOAD ./Drivers/STM32L4xx_HAL_Driver/Src/stm32l4xx_hal_tim_ex.o
LOAD ./Drivers/STM32L4xx_HAL_Driver/Src/stm32l4xx_hal_uart.o
LOAD ./Drivers/STM32L4xx_HAL_Driver/Src/stm32l4xx_hal_uart_ex.o
LOAD ./Middlewares/Third_Party/FreeRTOS/Source/CMSIS_RTOS_V2/cmsis_os2.o
LOAD ./Middlewares/Third_Party/FreeRTOS/Source/croutine.o
LOAD ./Middlewares/Third_Party/FreeRTOS/Source/event_groups.o
LOAD ./Middlewares/Third_Party/FreeRTOS/Source/list.o
LOAD ./Middlewares/Third_Party/FreeRTOS/Source/queue.o
LOAD ./Middlewares/Third_Party/FreeRTOS/Source/stream_buffer.o
LOAD ./Middlewares/Third_Party/FreeRTOS/Source/tasks.o
LOAD ./Middlewares/Third_Party/FreeRTOS/Source/timers.o
LOAD ./Middlewares/Third_Party/FreeRTOS/Source/portable/GCC/ARM_CM4F/port.o
LOAD ./Middlewares/Third_Party/FreeRTOS/Source/portable/MemMang/heap_4.o
START GROUP
LOAD C:/ST/STM32CubeIDE_1.14.0/STM32CubeIDE/plugins/com.st.stm32cube.ide.mcu.externaltools.gnu-tools-for-stm32.11.3.rel1.win32_1.1.100.202309141235/tools/bin/../lib/gcc/arm-none-eabi/11.3.1/../../../../arm-none-eabi/lib/thumb/v7e-m+fp/hard\libc_nano.a
LOAD C:/ST/STM32CubeIDE_1.14.0/STM32CubeIDE/plugins/com.st.stm32cube.ide.mcu.externaltools.gnu-tools-for-stm32.11.3.rel1.win32_1.1.100.202309141235/tools/bin/../lib/gcc/arm-none-eabi/11.3.1/../../../../arm-none-eabi/lib/thumb/v7e-m+fp/hard\libm.a
END GROUP
START GROUP
LOAD C:/ST/STM32CubeIDE_1.14.0/STM32CubeIDE/plugins/com.st.stm32cube.ide.mcu.externaltools.gnu-tools-for-stm32.11.3.rel1.win32_1.1.100.202309141235/tools/bin/../lib/gcc/arm-none-eabi/11.3.1/thumb/v7e-m+fp/hard\libgcc.a
LOAD C:/ST/STM32CubeIDE_1.14.0/STM32CubeIDE/plugins/com.st.stm32cube.ide.mcu.externaltools.gnu-tools-for-stm32.11.3.rel1.win32_1.1.100.202309141235/tools/bin/../lib/gcc/arm-none-eabi/11.3.1/../../../../arm-none-eabi/lib/thumb/v7e-m+fp/hard\libc_nano.a
END GROUP
START GROUP
LOAD C:/ST/STM32CubeIDE_1.14.0/STM32CubeIDE/plugins/com.st.stm32cube.ide.mcu.externaltools.gnu-tools-for-stm32.11.3.rel1.win32_1.1.100.202309141235/tools/bin/../lib/gcc/arm-none-eabi/11.3.1/thumb/v7e-m+fp/hard\libgcc.a
LOAD C:/ST/STM32CubeIDE_1.14.0/STM32CubeIDE/plugins/com.st.stm32cube.ide.mcu.externaltools.gnu-tools-for-stm32.11.3.rel1.win32_1.1.100.202309141235/tools/bin/../lib/gcc/arm-none-eabi/11.3.1/../../../../arm-none-eabi/lib/thumb/v7e-m+fp/hard\libc_nano.a
LOAD C:/ST/STM32CubeIDE_1.14.0/STM32CubeIDE/plugins/com.st.stm32cube.ide.mcu.externaltools.gnu-tools-for-stm32.11.3.rel1.win32_1.1.100.202309141235/tools/bin/../lib/gcc/arm-none-eabi/11.3.1/../../../../arm-none-eabi/lib/thumb/v7e-m+fp/hard\libnosys.a
END GROUP
START GROUP
LOAD C:/ST/STM32CubeIDE_1.14.0/STM32CubeIDE/plugins/com.st.stm32cube.ide.mcu.externaltools.gnu-tools-for-stm32.11.3.rel1.win32_1.1.100.202309141235/tools/bin/../lib/gcc/arm-none-eabi/11.3.1/thumb/v7e-m+fp/hard\libgcc.a
LOAD C:/ST/STM32CubeIDE_1.14.0/STM32CubeIDE/plugins/com.st.stm32cube.ide.mcu.externaltools.gnu-tools-for-stm32.11.3.rel1.win32_1.1.100.202309141235/tools/bin/../lib/gcc/arm-none-eabi/11.3.1/../../../../arm-none-eabi/lib/thumb/v7e-m+fp/hard\libc_nano.a
LOAD C:/ST/STM32CubeIDE_1.14.0/STM32CubeIDE/plugins/com.st.stm32cube.ide.mcu.externaltools.gnu-tools-for-stm32.11.3.rel1.win32_1.1.100.202309141235/tools/bin/../lib/gcc/arm-none-eabi/11.3.1/../../../../arm-none-eabi/lib/thumb/v7e-m+fp/hard\libnosys.a
END GROUP
LOAD C:/ST/STM32CubeIDE_1.14.0/STM32CubeIDE/plugins/com.st.stm32cube.ide.mcu.externaltools.gnu-tools-for-stm32.11.3.rel1.win32_1.1.100.202309141235/tools/bin/../lib/gcc/arm-none-eabi/11.3.1/thumb/v7e-m+fp/hard/crtend.o
LOAD C:/ST/STM32CubeIDE_1.14.0/STM32CubeIDE/plugins/com.st.stm32cube.ide.mcu.externaltools.gnu-tools-for-stm32.11.3.rel1.win32_1.1.100.202309141235/tools/bin/../lib/gcc/arm-none-eabi/11.3.1/thumb/v7e-m+fp/hard/crtn.o
                0x0000000020018000                _estack = (ORIGIN (RAM) + LENGTH (RAM))
                0x0000000000000200                _Min_Heap_Size = 0x200
                0x0000000000000400                _Min_Stack_Size = 0x400

.isr_vector     0x0000000008000000      0x188
                0x0000000008000000                . = ALIGN (0x4)
 *(.isr_vector)
 .isr_vector    0x0000000008000000      0x188 ./Core/Startup/startup_stm32l476rgtx.o
                0x0000000008000000                g_pfnVectors
                0x0000000008000188                . = ALIGN (0x4)

.text           0x0000000008000190     0xbfc4
                0x0000000008000190                . = ALIGN (0x4)
 *(.text)
 .text          0x0000000008000190       0x40 C:/ST/STM32CubeIDE_1.14.0/STM32CubeIDE/plugins/com.st.stm32cube.ide.mcu.externaltools.gnu-tools-for-stm32.11.3.rel1.win32_1.1.100.202309141235/tools/bin/../lib/gcc/arm-none-eabi/11.3.1/thumb/v7e-m+fp/hard/crtbegin.o
 .text          0x00000000080001d0       0x10 C:/ST/STM32CubeIDE_1.14.0/STM32CubeIDE/plugins/com.st.stm32cube.ide.mcu.externaltools.gnu-tools-for-stm32.11.3.rel1.win32_1.1.100.202309141235/tools/bin/../lib/gcc/arm-none-eabi/11.3.1/../../../../arm-none-eabi/lib/thumb/v7e-m+fp/hard\libc_nano.a(libc_a-strlen.o)
                0x00000000080001d0                strlen
 .text          0x00000000080001e0       0xa0 C:/ST/STM32CubeIDE_1.14.0/STM32CubeIDE/plugins/com.st.stm32cube.ide.mcu.externaltools.gnu-tools-for-stm32.11.3.rel1.win32_1.1.100.202309141235/tools/bin/../lib/gcc/arm-none-eabi/11.3.1/../../../../arm-none-eabi/lib/thumb/v7e-m+fp/hard\libc_nano.a(libc_a-memchr.o)
                0x00000000080001e0                memchr
 .text          0x0000000008000280      0x378 C:/ST/STM32CubeIDE_1.14.0/STM32CubeIDE/plugins/com.st.stm32cube.ide.mcu.externaltools.gnu-tools-for-stm32.11.3.rel1.win32_1.1.100.202309141235/tools/bin/../lib/gcc/arm-none-eabi/11.3.1/thumb/v7e-m+fp/hard\libgcc.a(_arm_addsubdf3.o)
                0x0000000008000280                __aeabi_drsub
                0x0000000008000288                __aeabi_dsub
                0x0000000008000288                __subdf3
                0x000000000800028c                __aeabi_dadd
                0x000000000800028c                __adddf3
                0x0000000008000504                __floatunsidf
                0x0000000008000504                __aeabi_ui2d
                0x0000000008000524                __floatsidf
                0x0000000008000524                __aeabi_i2d
                0x0000000008000548                __aeabi_f2d
                0x0000000008000548                __extendsfdf2
                0x000000000800058c                __floatundidf
                0x000000000800058c                __aeabi_ul2d
                0x000000000800059c                __floatdidf
                0x000000000800059c                __aeabi_l2d
 .text          0x00000000080005f8      0x424 C:/ST/STM32CubeIDE_1.14.0/STM32CubeIDE/plugins/com.st.stm32cube.ide.mcu.externaltools.gnu-tools-for-stm32.11.3.rel1.win32_1.1.100.202309141235/tools/bin/../lib/gcc/arm-none-eabi/11.3.1/thumb/v7e-m+fp/hard\libgcc.a(_arm_muldivdf3.o)
                0x00000000080005f8                __aeabi_dmul
                0x00000000080005f8                __muldf3
                0x000000000800084c                __divdf3
                0x000000000800084c                __aeabi_ddiv
 .text          0x0000000008000a1c       0x40 C:/ST/STM32CubeIDE_1.14.0/STM32CubeIDE/plugins/com.st.stm32cube.ide.mcu.externaltools.gnu-tools-for-stm32.11.3.rel1.win32_1.1.100.202309141235/tools/bin/../lib/gcc/arm-none-eabi/11.3.1/thumb/v7e-m+fp/hard\libgcc.a(_arm_fixunsdfsi.o)
                0x0000000008000a1c                __aeabi_d2uiz
                0x0000000008000a1c                __fixunsdfsi
 .text          0x0000000008000a5c       0x30 C:/ST/STM32CubeIDE_1.14.0/STM32CubeIDE/plugins/com.st.stm32cube.ide.mcu.externaltools.gnu-tools-for-stm32.11.3.rel1.win32_1.1.100.202309141235/tools/bin/../lib/gcc/arm-none-eabi/11.3.1/thumb/v7e-m+fp/hard\libgcc.a(_aeabi_uldivmod.o)
                0x0000000008000a5c                __aeabi_uldivmod
 .text          0x0000000008000a8c      0x2c8 C:/ST/STM32CubeIDE_1.14.0/STM32CubeIDE/plugins/com.st.stm32cube.ide.mcu.externaltools.gnu-tools-for-stm32.11.3.rel1.win32_1.1.100.202309141235/tools/bin/../lib/gcc/arm-none-eabi/11.3.1/thumb/v7e-m+fp/hard\libgcc.a(_udivmoddi4.o)
                0x0000000008000a8c                __udivmoddi4
 .text          0x0000000008000d54        0x4 C:/ST/STM32CubeIDE_1.14.0/STM32CubeIDE/plugins/com.st.stm32cube.ide.mcu.externaltools.gnu-tools-for-stm32.11.3.rel1.win32_1.1.100.202309141235/tools/bin/../lib/gcc/arm-none-eabi/11.3.1/thumb/v7e-m+fp/hard\libgcc.a(_dvmd_tls.o)
                0x0000000008000d54                __aeabi_idiv0
                0x0000000008000d54                __aeabi_ldiv0
 *(.text*)
 .text.configureTimerForRunTimeStats
                0x0000000008000d58        0xe ./Core/Src/freertos.o
                0x0000000008000d58                configureTimerForRunTimeStats
 .text.getRunTimeCounterValue
                0x0000000008000d66       0x10 ./Core/Src/freertos.o
                0x0000000008000d66                getRunTimeCounterValue
 *fill*         0x0000000008000d76        0x2 
 .text.MX_GPIO_Init
                0x0000000008000d78      0x11c ./Core/Src/gpio.o
                0x0000000008000d78                MX_GPIO_Init
 .text.getName  0x0000000008000e94       0x3c ./Core/Src/main.o
                0x0000000008000e94                getName
 .text.createPayload
                0x0000000008000ed0       0x90 ./Core/Src/main.o
                0x0000000008000ed0                createPayload
 .text.HAL_GPIO_EXTI_Callback
                0x0000000008000f60       0xa0 ./Core/Src/main.o
                0x0000000008000f60                HAL_GPIO_EXTI_Callback
 .text.confirm_TX
                0x0000000008001000       0xa4 ./Core/Src/main.o
                0x0000000008001000                confirm_TX
 .text.Task_TX  0x00000000080010a4      0x10c ./Core/Src/main.o
                0x00000000080010a4                Task_TX
 .text.get_RX   0x00000000080011b0      0x114 ./Core/Src/main.o
                0x00000000080011b0                get_RX
 .text.handle_RX
                0x00000000080012c4      0x204 ./Core/Src/main.o
                0x00000000080012c4                handle_RX
 .text.Task_RX  0x00000000080014c8       0x24 ./Core/Src/main.o
                0x00000000080014c8                Task_RX
 .text.Task_HandleUpdates
                0x00000000080014ec       0x34 ./Core/Src/main.o
                0x00000000080014ec                Task_HandleUpdates
 .text.Task_BeatHeart
                0x0000000008001520       0x2c ./Core/Src/main.o
                0x0000000008001520                Task_BeatHeart
 .text.main     0x000000000800154c      0x16c ./Core/Src/main.o
                0x000000000800154c                main
 .text.USART2_IRQHandler
                0x00000000080016b8       0xec ./Core/Src/main.o
                0x00000000080016b8                USART2_IRQHandler
 .text.printUsersOnline
                0x00000000080017a4       0xdc ./Core/Src/main.o
                0x00000000080017a4                printUsersOnline
 .text.reapUsers
                0x0000000008001880       0x98 ./Core/Src/main.o
                0x0000000008001880                reapUsers
 .text.handleCommand
                0x0000000008001918      0x148 ./Core/Src/main.o
                0x0000000008001918                handleCommand
 .text.impersonate
                0x0000000008001a60       0xac ./Core/Src/main.o
                0x0000000008001a60                impersonate
 .text.virus    0x0000000008001b0c       0x30 ./Core/Src/main.o
                0x0000000008001b0c                virus
 .text.myHAL_UART_printf
                0x0000000008001b3c       0x50 ./Core/Src/main.o
                0x0000000008001b3c                myHAL_UART_printf
 .text.myHAL_UART_reset
                0x0000000008001b8c       0x38 ./Core/Src/main.o
                0x0000000008001b8c                myHAL_UART_reset
 .text.SpiritGotoReadyState
                0x0000000008001bc4       0x6c ./Core/Src/main.o
                0x0000000008001bc4                SpiritGotoReadyState
 .text.SystemClock_Config
                0x0000000008001c30       0xa4 ./Core/Src/main.o
                0x0000000008001c30                SystemClock_Config
 .text.HAL_TIM_PeriodElapsedCallback
                0x0000000008001cd4       0x24 ./Core/Src/main.o
                0x0000000008001cd4                HAL_TIM_PeriodElapsedCallback
 .text.Error_Handler
                0x0000000008001cf8        0xa ./Core/Src/main.o
                0x0000000008001cf8                Error_Handler
 *fill*         0x0000000008001d02        0x2 
 .text.MX_SPI1_Init
                0x0000000008001d04       0x7c ./Core/Src/spi.o
                0x0000000008001d04                MX_SPI1_Init
 .text.HAL_SPI_MspInit
                0x0000000008001d80       0xc0 ./Core/Src/spi.o
                0x0000000008001d80                HAL_SPI_MspInit
 .text.SPSGRF_Init
                0x0000000008001e40      0x174 ./Core/Src/spsgrf.o
                0x0000000008001e40                SPSGRF_Init
 .text.SPSGRF_StartTx
                0x0000000008001fb4       0x42 ./Core/Src/spsgrf.o
                0x0000000008001fb4                SPSGRF_StartTx
 .text.SPSGRF_StartRx
                0x0000000008001ff6       0x12 ./Core/Src/spsgrf.o
                0x0000000008001ff6                SPSGRF_StartRx
 .text.SPSGRF_GetRxData
                0x0000000008002008       0x24 ./Core/Src/spsgrf.o
                0x0000000008002008                SPSGRF_GetRxData
 .text.HAL_MspInit
                0x000000000800202c       0x50 ./Core/Src/stm32l4xx_hal_msp.o
                0x000000000800202c                HAL_MspInit
 .text.HAL_InitTick
                0x000000000800207c       0xdc ./Core/Src/stm32l4xx_hal_timebase_tim.o
                0x000000000800207c                HAL_InitTick
 .text.NMI_Handler
                0x0000000008002158        0x6 ./Core/Src/stm32l4xx_it.o
                0x0000000008002158                NMI_Handler
 .text.HardFault_Handler
                0x000000000800215e        0x6 ./Core/Src/stm32l4xx_it.o
                0x000000000800215e                HardFault_Handler
 .text.MemManage_Handler
                0x0000000008002164        0x6 ./Core/Src/stm32l4xx_it.o
                0x0000000008002164                MemManage_Handler
 .text.BusFault_Handler
                0x000000000800216a        0x6 ./Core/Src/stm32l4xx_it.o
                0x000000000800216a                BusFault_Handler
 .text.UsageFault_Handler
                0x0000000008002170        0x6 ./Core/Src/stm32l4xx_it.o
                0x0000000008002170                UsageFault_Handler
 .text.DebugMon_Handler
                0x0000000008002176        0xe ./Core/Src/stm32l4xx_it.o
                0x0000000008002176                DebugMon_Handler
 .text.EXTI9_5_IRQHandler
                0x0000000008002184        0xe ./Core/Src/stm32l4xx_it.o
                0x0000000008002184                EXTI9_5_IRQHandler
 *fill*         0x0000000008002192        0x2 
 .text.TIM1_UP_TIM16_IRQHandler
                0x0000000008002194       0x14 ./Core/Src/stm32l4xx_it.o
                0x0000000008002194                TIM1_UP_TIM16_IRQHandler
 .text.EXTI15_10_IRQHandler
                0x00000000080021a8       0x10 ./Core/Src/stm32l4xx_it.o
                0x00000000080021a8                EXTI15_10_IRQHandler
 .text._sbrk    0x00000000080021b8       0x6c ./Core/Src/sysmem.o
                0x00000000080021b8                _sbrk
 .text.SystemInit
                0x0000000008002224       0x24 ./Core/Src/system_stm32l4xx.o
                0x0000000008002224                SystemInit
 .text.MX_USART2_UART_Init
                0x0000000008002248       0x60 ./Core/Src/usart.o
                0x0000000008002248                MX_USART2_UART_Init
 .text.HAL_UART_MspInit
                0x00000000080022a8       0xb8 ./Core/Src/usart.o
                0x00000000080022a8                HAL_UART_MspInit
 .text.Reset_Handler
                0x0000000008002360       0x50 ./Core/Startup/startup_stm32l476rgtx.o
                0x0000000008002360                Reset_Handler
 .text.Default_Handler
                0x00000000080023b0        0x2 ./Core/Startup/startup_stm32l476rgtx.o
                0x00000000080023b0                RTC_Alarm_IRQHandler
                0x00000000080023b0                EXTI2_IRQHandler
                0x00000000080023b0                TIM8_TRG_COM_IRQHandler
                0x00000000080023b0                TIM8_CC_IRQHandler
                0x00000000080023b0                TIM1_CC_IRQHandler
                0x00000000080023b0                TSC_IRQHandler
                0x00000000080023b0                TAMP_STAMP_IRQHandler
                0x00000000080023b0                EXTI3_IRQHandler
                0x00000000080023b0                LPTIM2_IRQHandler
                0x00000000080023b0                DFSDM1_FLT1_IRQHandler
                0x00000000080023b0                I2C3_ER_IRQHandler
                0x00000000080023b0                DFSDM1_FLT2_IRQHandler
                0x00000000080023b0                EXTI0_IRQHandler
                0x00000000080023b0                I2C2_EV_IRQHandler
                0x00000000080023b0                CAN1_RX0_IRQHandler
                0x00000000080023b0                FPU_IRQHandler
                0x00000000080023b0                ADC1_2_IRQHandler
                0x00000000080023b0                SPI1_IRQHandler
                0x00000000080023b0                TIM6_DAC_IRQHandler
                0x00000000080023b0                TIM8_UP_IRQHandler
                0x00000000080023b0                DMA2_Channel2_IRQHandler
                0x00000000080023b0                DMA1_Channel4_IRQHandler
                0x00000000080023b0                SAI2_IRQHandler
                0x00000000080023b0                DFSDM1_FLT3_IRQHandler
                0x00000000080023b0                USART3_IRQHandler
                0x00000000080023b0                DMA1_Channel7_IRQHandler
                0x00000000080023b0                CAN1_RX1_IRQHandler
                0x00000000080023b0                LCD_IRQHandler
                0x00000000080023b0                UART5_IRQHandler
                0x00000000080023b0                ADC3_IRQHandler
                0x00000000080023b0                TIM4_IRQHandler
                0x00000000080023b0                DMA2_Channel1_IRQHandler
                0x00000000080023b0                QUADSPI_IRQHandler
                0x00000000080023b0                I2C1_EV_IRQHandler
                0x00000000080023b0                DMA1_Channel6_IRQHandler
                0x00000000080023b0                UART4_IRQHandler
                0x00000000080023b0                DMA2_Channel4_IRQHandler
                0x00000000080023b0                TIM3_IRQHandler
                0x00000000080023b0                RCC_IRQHandler
                0x00000000080023b0                DMA1_Channel1_IRQHandler
                0x00000000080023b0                Default_Handler
                0x00000000080023b0                DMA2_Channel7_IRQHandler
                0x00000000080023b0                TIM7_IRQHandler
                0x00000000080023b0                SDMMC1_IRQHandler
                0x00000000080023b0                TIM5_IRQHandler
                0x00000000080023b0                I2C3_EV_IRQHandler
                0x00000000080023b0                RTC_WKUP_IRQHandler
                0x00000000080023b0                PVD_PVM_IRQHandler
                0x00000000080023b0                SPI2_IRQHandler
                0x00000000080023b0                CAN1_TX_IRQHandler
                0x00000000080023b0                DMA2_Channel5_IRQHandler
                0x00000000080023b0                DMA1_Channel5_IRQHandler
                0x00000000080023b0                EXTI4_IRQHandler
                0x00000000080023b0                RNG_IRQHandler
                0x00000000080023b0                TIM1_TRG_COM_TIM17_IRQHandler
                0x00000000080023b0                DMA1_Channel3_IRQHandler
                0x00000000080023b0                COMP_IRQHandler
                0x00000000080023b0                WWDG_IRQHandler
                0x00000000080023b0                LPUART1_IRQHandler
                0x00000000080023b0                DMA2_Channel6_IRQHandler
                0x00000000080023b0                TIM2_IRQHandler
                0x00000000080023b0                EXTI1_IRQHandler
                0x00000000080023b0                DFSDM1_FLT0_IRQHandler
                0x00000000080023b0                I2C2_ER_IRQHandler
                0x00000000080023b0                DMA1_Channel2_IRQHandler
                0x00000000080023b0                TIM8_BRK_IRQHandler
                0x00000000080023b0                CAN1_SCE_IRQHandler
                0x00000000080023b0                FLASH_IRQHandler
                0x00000000080023b0                USART1_IRQHandler
                0x00000000080023b0                OTG_FS_IRQHandler
                0x00000000080023b0                SPI3_IRQHandler
                0x00000000080023b0                I2C1_ER_IRQHandler
                0x00000000080023b0                FMC_IRQHandler
                0x00000000080023b0                SWPMI1_IRQHandler
                0x00000000080023b0                LPTIM1_IRQHandler
                0x00000000080023b0                SAI1_IRQHandler
                0x00000000080023b0                DMA2_Channel3_IRQHandler
                0x00000000080023b0                TIM1_BRK_TIM15_IRQHandler
 *fill*         0x00000000080023b2        0x2 
 .text.SpiritCalibrationVco
                0x00000000080023b4       0x70 ./Drivers/Drivers/BSP/Components/spirit1/SPIRIT1_Library/Src/SPIRIT_Calibration.o
                0x00000000080023b4                SpiritCalibrationVco
 .text.SpiritCalibrationGetVcoCalData
                0x0000000008002424       0x38 ./Drivers/Drivers/BSP/Components/spirit1/SPIRIT1_Library/Src/SPIRIT_Calibration.o
                0x0000000008002424                SpiritCalibrationGetVcoCalData
 .text.SpiritCalibrationSetVcoCalDataTx
                0x000000000800245c       0x68 ./Drivers/Drivers/BSP/Components/spirit1/SPIRIT1_Library/Src/SPIRIT_Calibration.o
                0x000000000800245c                SpiritCalibrationSetVcoCalDataTx
 .text.SpiritCalibrationSetVcoCalDataRx
                0x00000000080024c4       0x68 ./Drivers/Drivers/BSP/Components/spirit1/SPIRIT1_Library/Src/SPIRIT_Calibration.o
                0x00000000080024c4                SpiritCalibrationSetVcoCalDataRx
 .text.SpiritCalibrationSelectVco
                0x000000000800252c       0x54 ./Drivers/Drivers/BSP/Components/spirit1/SPIRIT1_Library/Src/SPIRIT_Calibration.o
                0x000000000800252c                SpiritCalibrationSelectVco
 .text.SpiritCmdStrobeCommand
                0x0000000008002580       0x30 ./Drivers/Drivers/BSP/Components/spirit1/SPIRIT1_Library/Src/SPIRIT_Commands.o
                0x0000000008002580                SpiritCmdStrobeCommand
 .text.SpiritGpioInit
                0x00000000080025b0       0x48 ./Drivers/Drivers/BSP/Components/spirit1/SPIRIT1_Library/Src/SPIRIT_Gpio.o
                0x00000000080025b0                SpiritGpioInit
 .text.SpiritIrqDeInit
                0x00000000080025f8       0x58 ./Drivers/Drivers/BSP/Components/spirit1/SPIRIT1_Library/Src/SPIRIT_Irq.o
                0x00000000080025f8                SpiritIrqDeInit
 .text.SpiritIrq
                0x0000000008002650       0xcc ./Drivers/Drivers/BSP/Components/spirit1/SPIRIT1_Library/Src/SPIRIT_Irq.o
                0x0000000008002650                SpiritIrq
 .text.SpiritIrqGetStatus
                0x000000000800271c       0x64 ./Drivers/Drivers/BSP/Components/spirit1/SPIRIT1_Library/Src/SPIRIT_Irq.o
                0x000000000800271c                SpiritIrqGetStatus
 .text.SpiritIrqClearStatus
                0x0000000008002780       0x30 ./Drivers/Drivers/BSP/Components/spirit1/SPIRIT1_Library/Src/SPIRIT_Irq.o
                0x0000000008002780                SpiritIrqClearStatus
 .text.SpiritLinearFifoReadNumElementsRxFifo
                0x00000000080027b0       0x38 ./Drivers/Drivers/BSP/Components/spirit1/SPIRIT1_Library/Src/SPIRIT_LinearFifo.o
                0x00000000080027b0                SpiritLinearFifoReadNumElementsRxFifo
 .text.SpiritManagementSetFrequencyBase
                0x00000000080027e8      0x204 ./Drivers/Drivers/BSP/Components/spirit1/SPIRIT1_Library/Src/SPIRIT_Management.o
                0x00000000080027e8                SpiritManagementSetFrequencyBase
 .text.SpiritManagementWaVcoCalibration
                0x00000000080029ec      0x180 ./Drivers/Drivers/BSP/Components/spirit1/SPIRIT1_Library/Src/SPIRIT_Management.o
                0x00000000080029ec                SpiritManagementWaVcoCalibration
 .text.SpiritManagementWaCmdStrobeTx
                0x0000000008002b6c       0x70 ./Drivers/Drivers/BSP/Components/spirit1/SPIRIT1_Library/Src/SPIRIT_Management.o
                0x0000000008002b6c                SpiritManagementWaCmdStrobeTx
 .text.SpiritManagementWaCmdStrobeRx
                0x0000000008002bdc       0x38 ./Drivers/Drivers/BSP/Components/spirit1/SPIRIT1_Library/Src/SPIRIT_Management.o
                0x0000000008002bdc                SpiritManagementWaCmdStrobeRx
 .text.SpiritManagementWaTRxFcMem
                0x0000000008002c14       0x28 ./Drivers/Drivers/BSP/Components/spirit1/SPIRIT1_Library/Src/SPIRIT_Management.o
                0x0000000008002c14                SpiritManagementWaTRxFcMem
 .text.SpiritManagementWaExtraCurrent
                0x0000000008002c3c       0x4a ./Drivers/Drivers/BSP/Components/spirit1/SPIRIT1_Library/Src/SPIRIT_Management.o
                0x0000000008002c3c                SpiritManagementWaExtraCurrent
 *fill*         0x0000000008002c86        0x2 
 .text.SpiritPktCommonGetControlLength
                0x0000000008002c88       0x38 ./Drivers/Drivers/BSP/Components/spirit1/SPIRIT1_Library/Src/SPIRIT_PktCommon.o
                0x0000000008002c88                SpiritPktCommonGetControlLength
 .text.SpiritPktCommonFilterOnCrc
                0x0000000008002cc0       0x70 ./Drivers/Drivers/BSP/Components/spirit1/SPIRIT1_Library/Src/SPIRIT_PktCommon.o
                0x0000000008002cc0                SpiritPktCommonFilterOnCrc
 .text.SpiritPktCommonSetDestinationAddress
                0x0000000008002d30       0x34 ./Drivers/Drivers/BSP/Components/spirit1/SPIRIT1_Library/Src/SPIRIT_PktCommon.o
                0x0000000008002d30                SpiritPktCommonSetDestinationAddress
 .text.SpiritPktCommonGetBroadcastAddress
                0x0000000008002d64       0x30 ./Drivers/Drivers/BSP/Components/spirit1/SPIRIT1_Library/Src/SPIRIT_PktCommon.o
                0x0000000008002d64                SpiritPktCommonGetBroadcastAddress
 .text.SpiritPktCommonGetReceivedDestAddress
                0x0000000008002d94       0x30 ./Drivers/Drivers/BSP/Components/spirit1/SPIRIT1_Library/Src/SPIRIT_PktCommon.o
                0x0000000008002d94                SpiritPktCommonGetReceivedDestAddress
 .text.SpiritPktCommonGetReceivedSourceAddress
                0x0000000008002dc4       0x30 ./Drivers/Drivers/BSP/Components/spirit1/SPIRIT1_Library/Src/SPIRIT_PktCommon.o
                0x0000000008002dc4                SpiritPktCommonGetReceivedSourceAddress
 .text.SpiritPktStackInit
                0x0000000008002df4      0x1a0 ./Drivers/Drivers/BSP/Components/spirit1/SPIRIT1_Library/Src/SPIRIT_PktStack.o
                0x0000000008002df4                SpiritPktStackInit
 .text.SpiritPktStackAddressesInit
                0x0000000008002f94       0xdc ./Drivers/Drivers/BSP/Components/spirit1/SPIRIT1_Library/Src/SPIRIT_PktStack.o
                0x0000000008002f94                SpiritPktStackAddressesInit
 .text.SpiritPktStackLlpInit
                0x0000000008003070       0xa4 ./Drivers/Drivers/BSP/Components/spirit1/SPIRIT1_Library/Src/SPIRIT_PktStack.o
                0x0000000008003070                SpiritPktStackLlpInit
 .text.SpiritPktStackSetPayloadLength
                0x0000000008003114       0x5c ./Drivers/Drivers/BSP/Components/spirit1/SPIRIT1_Library/Src/SPIRIT_PktStack.o
                0x0000000008003114                SpiritPktStackSetPayloadLength
 .text.SpiritQiSqiCheck
                0x0000000008003170       0x70 ./Drivers/Drivers/BSP/Components/spirit1/SPIRIT1_Library/Src/SPIRIT_Qi.o
                0x0000000008003170                SpiritQiSqiCheck
 .text.SpiritQiSetSqiThreshold
                0x00000000080031e0       0x68 ./Drivers/Drivers/BSP/Components/spirit1/SPIRIT1_Library/Src/SPIRIT_Qi.o
                0x00000000080031e0                SpiritQiSetSqiThreshold
 .text.SpiritQiSetRssiThresholddBm
                0x0000000008003248       0x40 ./Drivers/Drivers/BSP/Components/spirit1/SPIRIT1_Library/Src/SPIRIT_Qi.o
                0x0000000008003248                SpiritQiSetRssiThresholddBm
 .text.SpiritRadioInit
                0x0000000008003288      0x3c8 ./Drivers/Drivers/BSP/Components/spirit1/SPIRIT1_Library/Src/SPIRIT_Radio.o
                0x0000000008003288                SpiritRadioInit
 .text.SpiritRadioSetXtalFlag
                0x0000000008003650       0x74 ./Drivers/Drivers/BSP/Components/spirit1/SPIRIT1_Library/Src/SPIRIT_Radio.o
                0x0000000008003650                SpiritRadioSetXtalFlag
 .text.SpiritRadioSearchWCP
                0x00000000080036c4      0x128 ./Drivers/Drivers/BSP/Components/spirit1/SPIRIT1_Library/Src/SPIRIT_Radio.o
                0x00000000080036c4                SpiritRadioSearchWCP
 .text.SpiritRadioGetSynthWord
                0x00000000080037ec       0x4c ./Drivers/Drivers/BSP/Components/spirit1/SPIRIT1_Library/Src/SPIRIT_Radio.o
                0x00000000080037ec                SpiritRadioGetSynthWord
 .text.SpiritRadioGetBand
                0x0000000008003838       0x5c ./Drivers/Drivers/BSP/Components/spirit1/SPIRIT1_Library/Src/SPIRIT_Radio.o
                0x0000000008003838                SpiritRadioGetBand
 .text.SpiritRadioGetChannel
                0x0000000008003894       0x30 ./Drivers/Drivers/BSP/Components/spirit1/SPIRIT1_Library/Src/SPIRIT_Radio.o
                0x0000000008003894                SpiritRadioGetChannel
 .text.SpiritRadioGetChannelSpace
                0x00000000080038c4       0x40 ./Drivers/Drivers/BSP/Components/spirit1/SPIRIT1_Library/Src/SPIRIT_Radio.o
                0x00000000080038c4                SpiritRadioGetChannelSpace
 .text.SpiritRadioGetFrequencyOffset
                0x0000000008003904       0x88 ./Drivers/Drivers/BSP/Components/spirit1/SPIRIT1_Library/Src/SPIRIT_Radio.o
                0x0000000008003904                SpiritRadioGetFrequencyOffset
 .text.SpiritRadioSetFrequencyBase
                0x000000000800398c      0x23c ./Drivers/Drivers/BSP/Components/spirit1/SPIRIT1_Library/Src/SPIRIT_Radio.o
                0x000000000800398c                SpiritRadioSetFrequencyBase
 .text.SpiritRadioGetFrequencyBase
                0x0000000008003bc8       0x98 ./Drivers/Drivers/BSP/Components/spirit1/SPIRIT1_Library/Src/SPIRIT_Radio.o
                0x0000000008003bc8                SpiritRadioGetFrequencyBase
 .text.SpiritRadioSearchDatarateME
                0x0000000008003c60      0x164 ./Drivers/Drivers/BSP/Components/spirit1/SPIRIT1_Library/Src/SPIRIT_Radio.o
                0x0000000008003c60                SpiritRadioSearchDatarateME
 .text.SpiritRadioSearchChannelBwME
                0x0000000008003dc4      0x1cc ./Drivers/Drivers/BSP/Components/spirit1/SPIRIT1_Library/Src/SPIRIT_Radio.o
                0x0000000008003dc4                SpiritRadioSearchChannelBwME
 .text.SpiritRadioSearchFreqDevME
                0x0000000008003f90      0x170 ./Drivers/Drivers/BSP/Components/spirit1/SPIRIT1_Library/Src/SPIRIT_Radio.o
                0x0000000008003f90                SpiritRadioSearchFreqDevME
 .text.SpiritRadioGetdBm2Reg
                0x0000000008004100      0x21c ./Drivers/Drivers/BSP/Components/spirit1/SPIRIT1_Library/Src/SPIRIT_Radio.o
                0x0000000008004100                SpiritRadioGetdBm2Reg
 .text.SpiritRadioSetPALeveldBm
                0x000000000800431c       0x54 ./Drivers/Drivers/BSP/Components/spirit1/SPIRIT1_Library/Src/SPIRIT_Radio.o
                0x000000000800431c                SpiritRadioSetPALeveldBm
 .text.SpiritRadioSetPACwc
                0x0000000008004370       0x58 ./Drivers/Drivers/BSP/Components/spirit1/SPIRIT1_Library/Src/SPIRIT_Radio.o
                0x0000000008004370                SpiritRadioSetPACwc
 .text.SpiritRadioSetPALevelMaxIndex
                0x00000000080043c8       0x58 ./Drivers/Drivers/BSP/Components/spirit1/SPIRIT1_Library/Src/SPIRIT_Radio.o
                0x00000000080043c8                SpiritRadioSetPALevelMaxIndex
 .text.SpiritRadioAFCFreezeOnSync
                0x0000000008004420       0x64 ./Drivers/Drivers/BSP/Components/spirit1/SPIRIT1_Library/Src/SPIRIT_Radio.o
                0x0000000008004420                SpiritRadioAFCFreezeOnSync
 .text.SpiritRadioSetRefDiv
                0x0000000008004484       0x60 ./Drivers/Drivers/BSP/Components/spirit1/SPIRIT1_Library/Src/SPIRIT_Radio.o
                0x0000000008004484                SpiritRadioSetRefDiv
 .text.SpiritRadioGetRefDiv
                0x00000000080044e4       0x44 ./Drivers/Drivers/BSP/Components/spirit1/SPIRIT1_Library/Src/SPIRIT_Radio.o
                0x00000000080044e4                SpiritRadioGetRefDiv
 .text.SpiritRadioSetDigDiv
                0x0000000008004528       0x60 ./Drivers/Drivers/BSP/Components/spirit1/SPIRIT1_Library/Src/SPIRIT_Radio.o
                0x0000000008004528                SpiritRadioSetDigDiv
 .text.SpiritRadioGetDigDiv
                0x0000000008004588       0x44 ./Drivers/Drivers/BSP/Components/spirit1/SPIRIT1_Library/Src/SPIRIT_Radio.o
                0x0000000008004588                SpiritRadioGetDigDiv
 .text.SpiritRadioGetXtalFrequency
                0x00000000080045cc       0x18 ./Drivers/Drivers/BSP/Components/spirit1/SPIRIT1_Library/Src/SPIRIT_Radio.o
                0x00000000080045cc                SpiritRadioGetXtalFrequency
 .text.SpiritRadioSetXtalFrequency
                0x00000000080045e4       0x20 ./Drivers/Drivers/BSP/Components/spirit1/SPIRIT1_Library/Src/SPIRIT_Radio.o
                0x00000000080045e4                SpiritRadioSetXtalFrequency
 .text.SpiritTimerSetRxTimeoutCounter
                0x0000000008004604       0x34 ./Drivers/Drivers/BSP/Components/spirit1/SPIRIT1_Library/Src/SPIRIT_Timer.o
                0x0000000008004604                SpiritTimerSetRxTimeoutCounter
 .text.SpiritTimerSetRxTimeoutStopCondition
                0x0000000008004638       0x90 ./Drivers/Drivers/BSP/Components/spirit1/SPIRIT1_Library/Src/SPIRIT_Timer.o
                0x0000000008004638                SpiritTimerSetRxTimeoutStopCondition
 .text.SpiritRefreshStatus
                0x00000000080046c8       0x44 ./Drivers/Drivers/BSP/Components/spirit1/SPIRIT1_Library/Src/SPIRIT_Types.o
                0x00000000080046c8                SpiritRefreshStatus
 .text.RadioSpiInit
                0x000000000800470c       0x20 ./Drivers/Drivers/BSP/Components/spirit1/radio_target.o
                0x000000000800470c                RadioSpiInit
 .text.RadioSpiWriteRegisters
                0x000000000800472c       0x98 ./Drivers/Drivers/BSP/Components/spirit1/radio_target.o
                0x000000000800472c                RadioSpiWriteRegisters
 .text.RadioSpiReadRegisters
                0x00000000080047c4       0x98 ./Drivers/Drivers/BSP/Components/spirit1/radio_target.o
                0x00000000080047c4                RadioSpiReadRegisters
 .text.RadioSpiCommandStrobes
                0x000000000800485c       0x80 ./Drivers/Drivers/BSP/Components/spirit1/radio_target.o
                0x000000000800485c                RadioSpiCommandStrobes
 .text.RadioSpiWriteFifo
                0x00000000080048dc       0x90 ./Drivers/Drivers/BSP/Components/spirit1/radio_target.o
                0x00000000080048dc                RadioSpiWriteFifo
 .text.RadioSpiReadFifo
                0x000000000800496c       0x90 ./Drivers/Drivers/BSP/Components/spirit1/radio_target.o
                0x000000000800496c                RadioSpiReadFifo
 .text.RadioEnterShutdown
                0x00000000080049fc       0x16 ./Drivers/Drivers/BSP/Components/spirit1/radio_target.o
                0x00000000080049fc                RadioEnterShutdown
 .text.RadioExitShutdown
                0x0000000008004a12       0x16 ./Drivers/Drivers/BSP/Components/spirit1/radio_target.o
                0x0000000008004a12                RadioExitShutdown
 .text.HAL_Init
                0x0000000008004a28       0x30 ./Drivers/STM32L4xx_HAL_Driver/Src/stm32l4xx_hal.o
                0x0000000008004a28                HAL_Init
 .text.HAL_IncTick
                0x0000000008004a58       0x28 ./Drivers/STM32L4xx_HAL_Driver/Src/stm32l4xx_hal.o
                0x0000000008004a58                HAL_IncTick
 .text.HAL_GetTick
                0x0000000008004a80       0x18 ./Drivers/STM32L4xx_HAL_Driver/Src/stm32l4xx_hal.o
                0x0000000008004a80                HAL_GetTick
 .text.__NVIC_SetPriorityGrouping
                0x0000000008004a98       0x48 ./Drivers/STM32L4xx_HAL_Driver/Src/stm32l4xx_hal_cortex.o
 .text.__NVIC_GetPriorityGrouping
                0x0000000008004ae0       0x1c ./Drivers/STM32L4xx_HAL_Driver/Src/stm32l4xx_hal_cortex.o
 .text.__NVIC_EnableIRQ
                0x0000000008004afc       0x3c ./Drivers/STM32L4xx_HAL_Driver/Src/stm32l4xx_hal_cortex.o
 .text.__NVIC_DisableIRQ
                0x0000000008004b38       0x48 ./Drivers/STM32L4xx_HAL_Driver/Src/stm32l4xx_hal_cortex.o
 .text.__NVIC_SetPriority
                0x0000000008004b80       0x54 ./Drivers/STM32L4xx_HAL_Driver/Src/stm32l4xx_hal_cortex.o
 .text.NVIC_EncodePriority
                0x0000000008004bd4       0x66 ./Drivers/STM32L4xx_HAL_Driver/Src/stm32l4xx_hal_cortex.o
 .text.HAL_NVIC_SetPriorityGrouping
                0x0000000008004c3a       0x16 ./Drivers/STM32L4xx_HAL_Driver/Src/stm32l4xx_hal_cortex.o
                0x0000000008004c3a                HAL_NVIC_SetPriorityGrouping
 .text.HAL_NVIC_SetPriority
                0x0000000008004c50       0x38 ./Drivers/STM32L4xx_HAL_Driver/Src/stm32l4xx_hal_cortex.o
                0x0000000008004c50                HAL_NVIC_SetPriority
 .text.HAL_NVIC_EnableIRQ
                0x0000000008004c88       0x1c ./Drivers/STM32L4xx_HAL_Driver/Src/stm32l4xx_hal_cortex.o
                0x0000000008004c88                HAL_NVIC_EnableIRQ
 .text.HAL_NVIC_DisableIRQ
                0x0000000008004ca4       0x1c ./Drivers/STM32L4xx_HAL_Driver/Src/stm32l4xx_hal_cortex.o
                0x0000000008004ca4                HAL_NVIC_DisableIRQ
 .text.HAL_GPIO_Init
                0x0000000008004cc0      0x354 ./Drivers/STM32L4xx_HAL_Driver/Src/stm32l4xx_hal_gpio.o
                0x0000000008004cc0                HAL_GPIO_Init
 .text.HAL_GPIO_WritePin
                0x0000000008005014       0x30 ./Drivers/STM32L4xx_HAL_Driver/Src/stm32l4xx_hal_gpio.o
                0x0000000008005014                HAL_GPIO_WritePin
 .text.HAL_GPIO_EXTI_IRQHandler
                0x0000000008005044       0x30 ./Drivers/STM32L4xx_HAL_Driver/Src/stm32l4xx_hal_gpio.o
                0x0000000008005044                HAL_GPIO_EXTI_IRQHandler
 .text.HAL_PWREx_GetVoltageRange
                0x0000000008005074       0x1c ./Drivers/STM32L4xx_HAL_Driver/Src/stm32l4xx_hal_pwr_ex.o
                0x0000000008005074                HAL_PWREx_GetVoltageRange
 .text.HAL_PWREx_ControlVoltageScaling
                0x0000000008005090       0xac ./Drivers/STM32L4xx_HAL_Driver/Src/stm32l4xx_hal_pwr_ex.o
                0x0000000008005090                HAL_PWREx_ControlVoltageScaling
 .text.HAL_RCC_OscConfig
                0x000000000800513c      0x7b8 ./Drivers/STM32L4xx_HAL_Driver/Src/stm32l4xx_hal_rcc.o
                0x000000000800513c                HAL_RCC_OscConfig
 .text.HAL_RCC_ClockConfig
                0x00000000080058f4      0x200 ./Drivers/STM32L4xx_HAL_Driver/Src/stm32l4xx_hal_rcc.o
                0x00000000080058f4                HAL_RCC_ClockConfig
 .text.HAL_RCC_GetSysClockFreq
                0x0000000008005af4      0x118 ./Drivers/STM32L4xx_HAL_Driver/Src/stm32l4xx_hal_rcc.o
                0x0000000008005af4                HAL_RCC_GetSysClockFreq
 .text.HAL_RCC_GetHCLKFreq
                0x0000000008005c0c       0x18 ./Drivers/STM32L4xx_HAL_Driver/Src/stm32l4xx_hal_rcc.o
                0x0000000008005c0c                HAL_RCC_GetHCLKFreq
 .text.HAL_RCC_GetPCLK1Freq
                0x0000000008005c24       0x2c ./Drivers/STM32L4xx_HAL_Driver/Src/stm32l4xx_hal_rcc.o
                0x0000000008005c24                HAL_RCC_GetPCLK1Freq
 .text.HAL_RCC_GetPCLK2Freq
                0x0000000008005c50       0x2c ./Drivers/STM32L4xx_HAL_Driver/Src/stm32l4xx_hal_rcc.o
                0x0000000008005c50                HAL_RCC_GetPCLK2Freq
 .text.HAL_RCC_GetClockConfig
                0x0000000008005c7c       0x64 ./Drivers/STM32L4xx_HAL_Driver/Src/stm32l4xx_hal_rcc.o
                0x0000000008005c7c                HAL_RCC_GetClockConfig
 .text.RCC_SetFlashLatencyFromMSIRange
                0x0000000008005ce0       0xc0 ./Drivers/STM32L4xx_HAL_Driver/Src/stm32l4xx_hal_rcc.o
 .text.HAL_RCCEx_PeriphCLKConfig
                0x0000000008005da0      0x5d4 ./Drivers/STM32L4xx_HAL_Driver/Src/stm32l4xx_hal_rcc_ex.o
                0x0000000008005da0                HAL_RCCEx_PeriphCLKConfig
 .text.RCCEx_PLLSAI1_Config
                0x0000000008006374      0x1e8 ./Drivers/STM32L4xx_HAL_Driver/Src/stm32l4xx_hal_rcc_ex.o
 .text.RCCEx_PLLSAI2_Config
                0x000000000800655c      0x1bc ./Drivers/STM32L4xx_HAL_Driver/Src/stm32l4xx_hal_rcc_ex.o
 .text.HAL_SPI_Init
                0x0000000008006718      0x146 ./Drivers/STM32L4xx_HAL_Driver/Src/stm32l4xx_hal_spi.o
                0x0000000008006718                HAL_SPI_Init
 .text.HAL_SPI_Transmit
                0x000000000800685e      0x2ea ./Drivers/STM32L4xx_HAL_Driver/Src/stm32l4xx_hal_spi.o
                0x000000000800685e                HAL_SPI_Transmit
 .text.HAL_SPI_Receive
                0x0000000008006b48      0x26e ./Drivers/STM32L4xx_HAL_Driver/Src/stm32l4xx_hal_spi.o
                0x0000000008006b48                HAL_SPI_Receive
 .text.HAL_SPI_TransmitReceive
                0x0000000008006db6      0x444 ./Drivers/STM32L4xx_HAL_Driver/Src/stm32l4xx_hal_spi.o
                0x0000000008006db6                HAL_SPI_TransmitReceive
 *fill*         0x00000000080071fa        0x2 
 .text.SPI_WaitFlagStateUntilTimeout
                0x00000000080071fc      0x110 ./Drivers/STM32L4xx_HAL_Driver/Src/stm32l4xx_hal_spi.o
 .text.SPI_WaitFifoStateUntilTimeout
                0x000000000800730c      0x12c ./Drivers/STM32L4xx_HAL_Driver/Src/stm32l4xx_hal_spi.o
 .text.SPI_EndRxTransaction
                0x0000000008007438       0xb0 ./Drivers/STM32L4xx_HAL_Driver/Src/stm32l4xx_hal_spi.o
 .text.SPI_EndRxTxTransaction
                0x00000000080074e8       0x8c ./Drivers/STM32L4xx_HAL_Driver/Src/stm32l4xx_hal_spi.o
 .text.HAL_TIM_Base_Init
                0x0000000008007574       0xae ./Drivers/STM32L4xx_HAL_Driver/Src/stm32l4xx_hal_tim.o
                0x0000000008007574                HAL_TIM_Base_Init
 .text.HAL_TIM_Base_MspInit
                0x0000000008007622       0x14 ./Drivers/STM32L4xx_HAL_Driver/Src/stm32l4xx_hal_tim.o
                0x0000000008007622                HAL_TIM_Base_MspInit
 *fill*         0x0000000008007636        0x2 
 .text.HAL_TIM_Base_Start_IT
                0x0000000008007638       0xe0 ./Drivers/STM32L4xx_HAL_Driver/Src/stm32l4xx_hal_tim.o
                0x0000000008007638                HAL_TIM_Base_Start_IT
 .text.HAL_TIM_IRQHandler
                0x0000000008007718      0x204 ./Drivers/STM32L4xx_HAL_Driver/Src/stm32l4xx_hal_tim.o
                0x0000000008007718                HAL_TIM_IRQHandler
 .text.HAL_TIM_OC_DelayElapsedCallback
                0x000000000800791c       0x14 ./Drivers/STM32L4xx_HAL_Driver/Src/stm32l4xx_hal_tim.o
                0x000000000800791c                HAL_TIM_OC_DelayElapsedCallback
 .text.HAL_TIM_IC_CaptureCallback
                0x0000000008007930       0x14 ./Drivers/STM32L4xx_HAL_Driver/Src/stm32l4xx_hal_tim.o
                0x0000000008007930                HAL_TIM_IC_CaptureCallback
 .text.HAL_TIM_PWM_PulseFinishedCallback
                0x0000000008007944       0x14 ./Drivers/STM32L4xx_HAL_Driver/Src/stm32l4xx_hal_tim.o
                0x0000000008007944                HAL_TIM_PWM_PulseFinishedCallback
 .text.HAL_TIM_TriggerCallback
                0x0000000008007958       0x14 ./Drivers/STM32L4xx_HAL_Driver/Src/stm32l4xx_hal_tim.o
                0x0000000008007958                HAL_TIM_TriggerCallback
 .text.TIM_Base_SetConfig
                0x000000000800796c      0x134 ./Drivers/STM32L4xx_HAL_Driver/Src/stm32l4xx_hal_tim.o
                0x000000000800796c                TIM_Base_SetConfig
 .text.HAL_TIMEx_CommutCallback
                0x0000000008007aa0       0x14 ./Drivers/STM32L4xx_HAL_Driver/Src/stm32l4xx_hal_tim_ex.o
                0x0000000008007aa0                HAL_TIMEx_CommutCallback
 .text.HAL_TIMEx_BreakCallback
                0x0000000008007ab4       0x14 ./Drivers/STM32L4xx_HAL_Driver/Src/stm32l4xx_hal_tim_ex.o
                0x0000000008007ab4                HAL_TIMEx_BreakCallback
 .text.HAL_TIMEx_Break2Callback
                0x0000000008007ac8       0x14 ./Drivers/STM32L4xx_HAL_Driver/Src/stm32l4xx_hal_tim_ex.o
                0x0000000008007ac8                HAL_TIMEx_Break2Callback
 .text.HAL_UART_Init
                0x0000000008007adc       0x9c ./Drivers/STM32L4xx_HAL_Driver/Src/stm32l4xx_hal_uart.o
                0x0000000008007adc                HAL_UART_Init
 .text.HAL_UART_Transmit
                0x0000000008007b78      0x114 ./Drivers/STM32L4xx_HAL_Driver/Src/stm32l4xx_hal_uart.o
                0x0000000008007b78                HAL_UART_Transmit
 .text.UART_SetConfig
                0x0000000008007c8c      0x570 ./Drivers/STM32L4xx_HAL_Driver/Src/stm32l4xx_hal_uart.o
                0x0000000008007c8c                UART_SetConfig
 .text.UART_AdvFeatureConfig
                0x00000000080081fc      0x144 ./Drivers/STM32L4xx_HAL_Driver/Src/stm32l4xx_hal_uart.o
                0x00000000080081fc                UART_AdvFeatureConfig
 .text.UART_CheckIdleState
                0x0000000008008340      0x150 ./Drivers/STM32L4xx_HAL_Driver/Src/stm32l4xx_hal_uart.o
                0x0000000008008340                UART_CheckIdleState
 .text.UART_WaitOnFlagUntilTimeout
                0x0000000008008490       0xce ./Drivers/STM32L4xx_HAL_Driver/Src/stm32l4xx_hal_uart.o
                0x0000000008008490                UART_WaitOnFlagUntilTimeout
 .text.UART_EndRxTransfer
                0x000000000800855e       0xc8 ./Drivers/STM32L4xx_HAL_Driver/Src/stm32l4xx_hal_uart.o
 *fill*         0x0000000008008626        0x2 
 .text.SysTick_Handler
                0x0000000008008628       0x20 ./Middlewares/Third_Party/FreeRTOS/Source/CMSIS_RTOS_V2/cmsis_os2.o
                0x0000000008008628                SysTick_Handler
 .text.vApplicationGetIdleTaskMemory
                0x0000000008008648       0x34 ./Middlewares/Third_Party/FreeRTOS/Source/CMSIS_RTOS_V2/cmsis_os2.o
                0x0000000008008648                vApplicationGetIdleTaskMemory
 .text.vApplicationGetTimerTaskMemory
                0x000000000800867c       0x34 ./Middlewares/Third_Party/FreeRTOS/Source/CMSIS_RTOS_V2/cmsis_os2.o
                0x000000000800867c                vApplicationGetTimerTaskMemory
 .text.vListInitialise
                0x00000000080086b0       0x40 ./Middlewares/Third_Party/FreeRTOS/Source/list.o
                0x00000000080086b0                vListInitialise
 .text.vListInitialiseItem
                0x00000000080086f0       0x1a ./Middlewares/Third_Party/FreeRTOS/Source/list.o
                0x00000000080086f0                vListInitialiseItem
 .text.vListInsertEnd
                0x000000000800870a       0x48 ./Middlewares/Third_Party/FreeRTOS/Source/list.o
                0x000000000800870a                vListInsertEnd
 .text.vListInsert
                0x0000000008008752       0x72 ./Middlewares/Third_Party/FreeRTOS/Source/list.o
                0x0000000008008752                vListInsert
 .text.uxListRemove
                0x00000000080087c4       0x54 ./Middlewares/Third_Party/FreeRTOS/Source/list.o
                0x00000000080087c4                uxListRemove
 .text.xQueueGenericReset
                0x0000000008008818       0xd0 ./Middlewares/Third_Party/FreeRTOS/Source/queue.o
                0x0000000008008818                xQueueGenericReset
 .text.xQueueGenericCreateStatic
                0x00000000080088e8       0xf0 ./Middlewares/Third_Party/FreeRTOS/Source/queue.o
                0x00000000080088e8                xQueueGenericCreateStatic
 .text.xQueueGenericCreate
                0x00000000080089d8       0x74 ./Middlewares/Third_Party/FreeRTOS/Source/queue.o
                0x00000000080089d8                xQueueGenericCreate
 .text.prvInitialiseNewQueue
                0x0000000008008a4c       0x46 ./Middlewares/Third_Party/FreeRTOS/Source/queue.o
 *fill*         0x0000000008008a92        0x2 
 .text.xQueueGenericSend
                0x0000000008008a94      0x1fc ./Middlewares/Third_Party/FreeRTOS/Source/queue.o
                0x0000000008008a94                xQueueGenericSend
 .text.xQueueGenericSendFromISR
                0x0000000008008c90      0x136 ./Middlewares/Third_Party/FreeRTOS/Source/queue.o
                0x0000000008008c90                xQueueGenericSendFromISR
 .text.xQueueGiveFromISR
                0x0000000008008dc6      0x11a ./Middlewares/Third_Party/FreeRTOS/Source/queue.o
                0x0000000008008dc6                xQueueGiveFromISR
 .text.xQueueReceive
                0x0000000008008ee0      0x1c0 ./Middlewares/Third_Party/FreeRTOS/Source/queue.o
                0x0000000008008ee0                xQueueReceive
 .text.xQueueSemaphoreTake
                0x00000000080090a0      0x218 ./Middlewares/Third_Party/FreeRTOS/Source/queue.o
                0x00000000080090a0                xQueueSemaphoreTake
 .text.prvGetDisinheritPriorityAfterTimeout
                0x00000000080092b8       0x30 ./Middlewares/Third_Party/FreeRTOS/Source/queue.o
 .text.prvCopyDataToQueue
                0x00000000080092e8       0xd4 ./Middlewares/Third_Party/FreeRTOS/Source/queue.o
 .text.prvCopyDataFromQueue
                0x00000000080093bc       0x4c ./Middlewares/Third_Party/FreeRTOS/Source/queue.o
 .text.prvUnlockQueue
                0x0000000008009408       0xa4 ./Middlewares/Third_Party/FreeRTOS/Source/queue.o
 .text.prvIsQueueEmpty
                0x00000000080094ac       0x2c ./Middlewares/Third_Party/FreeRTOS/Source/queue.o
 .text.prvIsQueueFull
                0x00000000080094d8       0x30 ./Middlewares/Third_Party/FreeRTOS/Source/queue.o
 .text.vQueueAddToRegistry
                0x0000000008009508       0x54 ./Middlewares/Third_Party/FreeRTOS/Source/queue.o
                0x0000000008009508                vQueueAddToRegistry
 .text.vQueueWaitForMessageRestricted
                0x000000000800955c       0x68 ./Middlewares/Third_Party/FreeRTOS/Source/queue.o
                0x000000000800955c                vQueueWaitForMessageRestricted
 .text.xTaskCreateStatic
                0x00000000080095c4       0xba ./Middlewares/Third_Party/FreeRTOS/Source/tasks.o
                0x00000000080095c4                xTaskCreateStatic
 .text.xTaskCreate
                0x000000000800967e       0x8a ./Middlewares/Third_Party/FreeRTOS/Source/tasks.o
                0x000000000800967e                xTaskCreate
 .text.prvInitialiseNewTask
                0x0000000008009708      0x154 ./Middlewares/Third_Party/FreeRTOS/Source/tasks.o
 .text.prvAddNewTaskToReadyList
                0x000000000800985c       0xe0 ./Middlewares/Third_Party/FreeRTOS/Source/tasks.o
 .text.vTaskDelay
                0x000000000800993c       0x68 ./Middlewares/Third_Party/FreeRTOS/Source/tasks.o
                0x000000000800993c                vTaskDelay
 .text.vTaskStartScheduler
                0x00000000080099a4       0xe4 ./Middlewares/Third_Party/FreeRTOS/Source/tasks.o
                0x00000000080099a4                vTaskStartScheduler
 .text.vTaskSuspendAll
                0x0000000008009a88       0x1c ./Middlewares/Third_Party/FreeRTOS/Source/tasks.o
                0x0000000008009a88                vTaskSuspendAll
 .text.xTaskResumeAll
                0x0000000008009aa4      0x13c ./Middlewares/Third_Party/FreeRTOS/Source/tasks.o
                0x0000000008009aa4                xTaskResumeAll
 .text.xTaskGetTickCount
                0x0000000008009be0       0x20 ./Middlewares/Third_Party/FreeRTOS/Source/tasks.o
                0x0000000008009be0                xTaskGetTickCount
 .text.xTaskIncrementTick
                0x0000000008009c00      0x174 ./Middlewares/Third_Party/FreeRTOS/Source/tasks.o
                0x0000000008009c00                xTaskIncrementTick
 .text.vTaskSwitchContext
                0x0000000008009d74      0x100 ./Middlewares/Third_Party/FreeRTOS/Source/tasks.o
                0x0000000008009d74                vTaskSwitchContext
 .text.vTaskPlaceOnEventList
                0x0000000008009e74       0x48 ./Middlewares/Third_Party/FreeRTOS/Source/tasks.o
                0x0000000008009e74                vTaskPlaceOnEventList
 .text.vTaskPlaceOnEventListRestricted
                0x0000000008009ebc       0x58 ./Middlewares/Third_Party/FreeRTOS/Source/tasks.o
                0x0000000008009ebc                vTaskPlaceOnEventListRestricted
 .text.xTaskRemoveFromEventList
                0x0000000008009f14       0xc8 ./Middlewares/Third_Party/FreeRTOS/Source/tasks.o
                0x0000000008009f14                xTaskRemoveFromEventList
 .text.vTaskInternalSetTimeOutState
                0x0000000008009fdc       0x2c ./Middlewares/Third_Party/FreeRTOS/Source/tasks.o
                0x0000000008009fdc                vTaskInternalSetTimeOutState
 .text.xTaskCheckForTimeOut
                0x000000000800a008       0xc4 ./Middlewares/Third_Party/FreeRTOS/Source/tasks.o
                0x000000000800a008                xTaskCheckForTimeOut
 .text.vTaskMissedYield
                0x000000000800a0cc       0x18 ./Middlewares/Third_Party/FreeRTOS/Source/tasks.o
                0x000000000800a0cc                vTaskMissedYield
 .text.prvIdleTask
                0x000000000800a0e4       0x30 ./Middlewares/Third_Party/FreeRTOS/Source/tasks.o
 .text.prvInitialiseTaskLists
                0x000000000800a114       0x80 ./Middlewares/Third_Party/FreeRTOS/Source/tasks.o
 .text.prvCheckTasksWaitingTermination
                0x000000000800a194       0x5c ./Middlewares/Third_Party/FreeRTOS/Source/tasks.o
 .text.prvDeleteTCB
                0x000000000800a1f0       0x68 ./Middlewares/Third_Party/FreeRTOS/Source/tasks.o
 .text.prvResetNextTaskUnblockTime
                0x000000000800a258       0x40 ./Middlewares/Third_Party/FreeRTOS/Source/tasks.o
 .text.xTaskGetSchedulerState
                0x000000000800a298       0x3c ./Middlewares/Third_Party/FreeRTOS/Source/tasks.o
                0x000000000800a298                xTaskGetSchedulerState
 .text.xTaskPriorityInherit
                0x000000000800a2d4       0xd0 ./Middlewares/Third_Party/FreeRTOS/Source/tasks.o
                0x000000000800a2d4                xTaskPriorityInherit
 .text.xTaskPriorityDisinherit
                0x000000000800a3a4       0xdc ./Middlewares/Third_Party/FreeRTOS/Source/tasks.o
                0x000000000800a3a4                xTaskPriorityDisinherit
 .text.vTaskPriorityDisinheritAfterTimeout
                0x000000000800a480      0x104 ./Middlewares/Third_Party/FreeRTOS/Source/tasks.o
                0x000000000800a480                vTaskPriorityDisinheritAfterTimeout
 .text.pvTaskIncrementMutexHeldCount
                0x000000000800a584       0x28 ./Middlewares/Third_Party/FreeRTOS/Source/tasks.o
                0x000000000800a584                pvTaskIncrementMutexHeldCount
 .text.prvAddCurrentTaskToDelayedList
                0x000000000800a5ac       0xa8 ./Middlewares/Third_Party/FreeRTOS/Source/tasks.o
 .text.xTimerCreateTimerTask
                0x000000000800a654       0x90 ./Middlewares/Third_Party/FreeRTOS/Source/timers.o
                0x000000000800a654                xTimerCreateTimerTask
 .text.xTimerGenericCommand
                0x000000000800a6e4       0x9c ./Middlewares/Third_Party/FreeRTOS/Source/timers.o
                0x000000000800a6e4                xTimerGenericCommand
 .text.prvProcessExpiredTimer
                0x000000000800a780       0x98 ./Middlewares/Third_Party/FreeRTOS/Source/timers.o
 .text.prvTimerTask
                0x000000000800a818       0x24 ./Middlewares/Third_Party/FreeRTOS/Source/timers.o
 .text.prvProcessTimerOrBlockTask
                0x000000000800a83c       0x9c ./Middlewares/Third_Party/FreeRTOS/Source/timers.o
 .text.prvGetNextExpireTime
                0x000000000800a8d8       0x48 ./Middlewares/Third_Party/FreeRTOS/Source/timers.o
 .text.prvSampleTimeNow
                0x000000000800a920       0x40 ./Middlewares/Third_Party/FreeRTOS/Source/timers.o
 .text.prvInsertTimerInActiveList
                0x000000000800a960       0x84 ./Middlewares/Third_Party/FreeRTOS/Source/timers.o
 .text.prvProcessReceivedCommands
                0x000000000800a9e4      0x1c4 ./Middlewares/Third_Party/FreeRTOS/Source/timers.o
 .text.prvSwitchTimerLists
                0x000000000800aba8       0xc8 ./Middlewares/Third_Party/FreeRTOS/Source/timers.o
 .text.prvCheckForValidListAndQueue
                0x000000000800ac70       0x80 ./Middlewares/Third_Party/FreeRTOS/Source/timers.o
 .text.pxPortInitialiseStack
                0x000000000800acf0       0x68 ./Middlewares/Third_Party/FreeRTOS/Source/portable/GCC/ARM_CM4F/port.o
                0x000000000800acf0                pxPortInitialiseStack
 .text.prvTaskExitError
                0x000000000800ad58       0x58 ./Middlewares/Third_Party/FreeRTOS/Source/portable/GCC/ARM_CM4F/port.o
 .text.SVC_Handler
                0x000000000800adb0       0x28 ./Middlewares/Third_Party/FreeRTOS/Source/portable/GCC/ARM_CM4F/port.o
                0x000000000800adb0                SVC_Handler
 .text.prvPortStartFirstTask
                0x000000000800add8       0x28 ./Middlewares/Third_Party/FreeRTOS/Source/portable/GCC/ARM_CM4F/port.o
 .text.xPortStartScheduler
                0x000000000800ae00      0x144 ./Middlewares/Third_Party/FreeRTOS/Source/portable/GCC/ARM_CM4F/port.o
                0x000000000800ae00                xPortStartScheduler
 .text.vPortEnterCritical
                0x000000000800af44       0x60 ./Middlewares/Third_Party/FreeRTOS/Source/portable/GCC/ARM_CM4F/port.o
                0x000000000800af44                vPortEnterCritical
 .text.vPortExitCritical
                0x000000000800afa4       0x54 ./Middlewares/Third_Party/FreeRTOS/Source/portable/GCC/ARM_CM4F/port.o
                0x000000000800afa4                vPortExitCritical
 *fill*         0x000000000800aff8        0x8 
 .text.PendSV_Handler
                0x000000000800b000       0x68 ./Middlewares/Third_Party/FreeRTOS/Source/portable/GCC/ARM_CM4F/port.o
                0x000000000800b000                PendSV_Handler
 .text.xPortSysTickHandler
                0x000000000800b068       0x44 ./Middlewares/Third_Party/FreeRTOS/Source/portable/GCC/ARM_CM4F/port.o
                0x000000000800b068                xPortSysTickHandler
 .text.vPortSetupTimerInterrupt
                0x000000000800b0ac       0x48 ./Middlewares/Third_Party/FreeRTOS/Source/portable/GCC/ARM_CM4F/port.o
                0x000000000800b0ac                vPortSetupTimerInterrupt
 .text.vPortEnableVFP
                0x000000000800b0f4       0x14 ./Middlewares/Third_Party/FreeRTOS/Source/portable/GCC/ARM_CM4F/port.o
 .text.vPortValidateInterruptPriority
                0x000000000800b108       0x80 ./Middlewares/Third_Party/FreeRTOS/Source/portable/GCC/ARM_CM4F/port.o
                0x000000000800b108                vPortValidateInterruptPriority
 .text.pvPortMalloc
                0x000000000800b188      0x198 ./Middlewares/Third_Party/FreeRTOS/Source/portable/MemMang/heap_4.o
                0x000000000800b188                pvPortMalloc
 .text.vPortFree
                0x000000000800b320       0xc4 ./Middlewares/Third_Party/FreeRTOS/Source/portable/MemMang/heap_4.o
                0x000000000800b320                vPortFree
 .text.prvHeapInit
                0x000000000800b3e4       0xc4 ./Middlewares/Third_Party/FreeRTOS/Source/portable/MemMang/heap_4.o
 .text.prvInsertBlockIntoFreeList
                0x000000000800b4a8       0xb4 ./Middlewares/Third_Party/FreeRTOS/Source/portable/MemMang/heap_4.o
 .text._strtol_l.constprop.0
                0x000000000800b55c      0x104 C:/ST/STM32CubeIDE_1.14.0/STM32CubeIDE/plugins/com.st.stm32cube.ide.mcu.externaltools.gnu-tools-for-stm32.11.3.rel1.win32_1.1.100.202309141235/tools/bin/../lib/gcc/arm-none-eabi/11.3.1/../../../../arm-none-eabi/lib/thumb/v7e-m+fp/hard\libc_nano.a(libc_a-strtol.o)
 .text.strtol   0x000000000800b660       0x14 C:/ST/STM32CubeIDE_1.14.0/STM32CubeIDE/plugins/com.st.stm32cube.ide.mcu.externaltools.gnu-tools-for-stm32.11.3.rel1.win32_1.1.100.202309141235/tools/bin/../lib/gcc/arm-none-eabi/11.3.1/../../../../arm-none-eabi/lib/thumb/v7e-m+fp/hard\libc_nano.a(libc_a-strtol.o)
                0x000000000800b660                strtol
 .text._vsnprintf_r
                0x000000000800b674       0x56 C:/ST/STM32CubeIDE_1.14.0/STM32CubeIDE/plugins/com.st.stm32cube.ide.mcu.externaltools.gnu-tools-for-stm32.11.3.rel1.win32_1.1.100.202309141235/tools/bin/../lib/gcc/arm-none-eabi/11.3.1/../../../../arm-none-eabi/lib/thumb/v7e-m+fp/hard\libc_nano.a(libc_a-vsnprintf.o)
                0x000000000800b674                _vsniprintf_r
                0x000000000800b674                _vsnprintf_r
 *fill*         0x000000000800b6ca        0x2 
 .text.vsnprintf
                0x000000000800b6cc       0x1c C:/ST/STM32CubeIDE_1.14.0/STM32CubeIDE/plugins/com.st.stm32cube.ide.mcu.externaltools.gnu-tools-for-stm32.11.3.rel1.win32_1.1.100.202309141235/tools/bin/../lib/gcc/arm-none-eabi/11.3.1/../../../../arm-none-eabi/lib/thumb/v7e-m+fp/hard\libc_nano.a(libc_a-vsnprintf.o)
                0x000000000800b6cc                vsniprintf
                0x000000000800b6cc                vsnprintf
 .text.memset   0x000000000800b6e8       0x10 C:/ST/STM32CubeIDE_1.14.0/STM32CubeIDE/plugins/com.st.stm32cube.ide.mcu.externaltools.gnu-tools-for-stm32.11.3.rel1.win32_1.1.100.202309141235/tools/bin/../lib/gcc/arm-none-eabi/11.3.1/../../../../arm-none-eabi/lib/thumb/v7e-m+fp/hard\libc_nano.a(libc_a-memset.o)
                0x000000000800b6e8                memset
 .text._reclaim_reent
                0x000000000800b6f8       0xac C:/ST/STM32CubeIDE_1.14.0/STM32CubeIDE/plugins/com.st.stm32cube.ide.mcu.externaltools.gnu-tools-for-stm32.11.3.rel1.win32_1.1.100.202309141235/tools/bin/../lib/gcc/arm-none-eabi/11.3.1/../../../../arm-none-eabi/lib/thumb/v7e-m+fp/hard\libc_nano.a(libc_a-reent.o)
                0x000000000800b6f8                _reclaim_reent
 .text.__errno  0x000000000800b7a4        0xc C:/ST/STM32CubeIDE_1.14.0/STM32CubeIDE/plugins/com.st.stm32cube.ide.mcu.externaltools.gnu-tools-for-stm32.11.3.rel1.win32_1.1.100.202309141235/tools/bin/../lib/gcc/arm-none-eabi/11.3.1/../../../../arm-none-eabi/lib/thumb/v7e-m+fp/hard\libc_nano.a(libc_a-errno.o)
                0x000000000800b7a4                __errno
 .text.__libc_init_array
                0x000000000800b7b0       0x48 C:/ST/STM32CubeIDE_1.14.0/STM32CubeIDE/plugins/com.st.stm32cube.ide.mcu.externaltools.gnu-tools-for-stm32.11.3.rel1.win32_1.1.100.202309141235/tools/bin/../lib/gcc/arm-none-eabi/11.3.1/../../../../arm-none-eabi/lib/thumb/v7e-m+fp/hard\libc_nano.a(libc_a-init.o)
                0x000000000800b7b0                __libc_init_array
 .text.__retarget_lock_acquire_recursive
                0x000000000800b7f8        0x2 C:/ST/STM32CubeIDE_1.14.0/STM32CubeIDE/plugins/com.st.stm32cube.ide.mcu.externaltools.gnu-tools-for-stm32.11.3.rel1.win32_1.1.100.202309141235/tools/bin/../lib/gcc/arm-none-eabi/11.3.1/../../../../arm-none-eabi/lib/thumb/v7e-m+fp/hard\libc_nano.a(libc_a-lock.o)
                0x000000000800b7f8                __retarget_lock_acquire_recursive
 .text.__retarget_lock_release_recursive
                0x000000000800b7fa        0x2 C:/ST/STM32CubeIDE_1.14.0/STM32CubeIDE/plugins/com.st.stm32cube.ide.mcu.externaltools.gnu-tools-for-stm32.11.3.rel1.win32_1.1.100.202309141235/tools/bin/../lib/gcc/arm-none-eabi/11.3.1/../../../../arm-none-eabi/lib/thumb/v7e-m+fp/hard\libc_nano.a(libc_a-lock.o)
                0x000000000800b7fa                __retarget_lock_release_recursive
 .text.strcpy   0x000000000800b7fc       0x10 C:/ST/STM32CubeIDE_1.14.0/STM32CubeIDE/plugins/com.st.stm32cube.ide.mcu.externaltools.gnu-tools-for-stm32.11.3.rel1.win32_1.1.100.202309141235/tools/bin/../lib/gcc/arm-none-eabi/11.3.1/../../../../arm-none-eabi/lib/thumb/v7e-m+fp/hard\libc_nano.a(libc_a-strcpy.o)
                0x000000000800b7fc                strcpy
 .text.memcpy   0x000000000800b80c       0x1c C:/ST/STM32CubeIDE_1.14.0/STM32CubeIDE/plugins/com.st.stm32cube.ide.mcu.externaltools.gnu-tools-for-stm32.11.3.rel1.win32_1.1.100.202309141235/tools/bin/../lib/gcc/arm-none-eabi/11.3.1/../../../../arm-none-eabi/lib/thumb/v7e-m+fp/hard\libc_nano.a(libc_a-memcpy-stub.o)
                0x000000000800b80c                memcpy
 .text._free_r  0x000000000800b828       0x98 C:/ST/STM32CubeIDE_1.14.0/STM32CubeIDE/plugins/com.st.stm32cube.ide.mcu.externaltools.gnu-tools-for-stm32.11.3.rel1.win32_1.1.100.202309141235/tools/bin/../lib/gcc/arm-none-eabi/11.3.1/../../../../arm-none-eabi/lib/thumb/v7e-m+fp/hard\libc_nano.a(libc_a-freer.o)
                0x000000000800b828                _free_r
 .text.sbrk_aligned
                0x000000000800b8c0       0x40 C:/ST/STM32CubeIDE_1.14.0/STM32CubeIDE/plugins/com.st.stm32cube.ide.mcu.externaltools.gnu-tools-for-stm32.11.3.rel1.win32_1.1.100.202309141235/tools/bin/../lib/gcc/arm-none-eabi/11.3.1/../../../../arm-none-eabi/lib/thumb/v7e-m+fp/hard\libc_nano.a(libc_a-mallocr.o)
 .text._malloc_r
                0x000000000800b900      0x100 C:/ST/STM32CubeIDE_1.14.0/STM32CubeIDE/plugins/com.st.stm32cube.ide.mcu.externaltools.gnu-tools-for-stm32.11.3.rel1.win32_1.1.100.202309141235/tools/bin/../lib/gcc/arm-none-eabi/11.3.1/../../../../arm-none-eabi/lib/thumb/v7e-m+fp/hard\libc_nano.a(libc_a-mallocr.o)
                0x000000000800b900                _malloc_r
 .text.__malloc_lock
                0x000000000800ba00        0xc C:/ST/STM32CubeIDE_1.14.0/STM32CubeIDE/plugins/com.st.stm32cube.ide.mcu.externaltools.gnu-tools-for-stm32.11.3.rel1.win32_1.1.100.202309141235/tools/bin/../lib/gcc/arm-none-eabi/11.3.1/../../../../arm-none-eabi/lib/thumb/v7e-m+fp/hard\libc_nano.a(libc_a-mlock.o)
                0x000000000800ba00                __malloc_lock
 .text.__malloc_unlock
                0x000000000800ba0c        0xc C:/ST/STM32CubeIDE_1.14.0/STM32CubeIDE/plugins/com.st.stm32cube.ide.mcu.externaltools.gnu-tools-for-stm32.11.3.rel1.win32_1.1.100.202309141235/tools/bin/../lib/gcc/arm-none-eabi/11.3.1/../../../../arm-none-eabi/lib/thumb/v7e-m+fp/hard\libc_nano.a(libc_a-mlock.o)
                0x000000000800ba0c                __malloc_unlock
 .text.__ssputs_r
                0x000000000800ba18       0xb4 C:/ST/STM32CubeIDE_1.14.0/STM32CubeIDE/plugins/com.st.stm32cube.ide.mcu.externaltools.gnu-tools-for-stm32.11.3.rel1.win32_1.1.100.202309141235/tools/bin/../lib/gcc/arm-none-eabi/11.3.1/../../../../arm-none-eabi/lib/thumb/v7e-m+fp/hard\libc_nano.a(libc_a-nano-svfprintf.o)
                0x000000000800ba18                __ssputs_r
 .text._svfprintf_r
                0x000000000800bacc      0x1fc C:/ST/STM32CubeIDE_1.14.0/STM32CubeIDE/plugins/com.st.stm32cube.ide.mcu.externaltools.gnu-tools-for-stm32.11.3.rel1.win32_1.1.100.202309141235/tools/bin/../lib/gcc/arm-none-eabi/11.3.1/../../../../arm-none-eabi/lib/thumb/v7e-m+fp/hard\libc_nano.a(libc_a-nano-svfprintf.o)
                0x000000000800bacc                _svfiprintf_r
                0x000000000800bacc                _svfprintf_r
 .text._printf_common
                0x000000000800bcc8       0xda C:/ST/STM32CubeIDE_1.14.0/STM32CubeIDE/plugins/com.st.stm32cube.ide.mcu.externaltools.gnu-tools-for-stm32.11.3.rel1.win32_1.1.100.202309141235/tools/bin/../lib/gcc/arm-none-eabi/11.3.1/../../../../arm-none-eabi/lib/thumb/v7e-m+fp/hard\libc_nano.a(libc_a-nano-vfprintf_i.o)
                0x000000000800bcc8                _printf_common
 *fill*         0x000000000800bda2        0x2 
 .text._printf_i
                0x000000000800bda4      0x244 C:/ST/STM32CubeIDE_1.14.0/STM32CubeIDE/plugins/com.st.stm32cube.ide.mcu.externaltools.gnu-tools-for-stm32.11.3.rel1.win32_1.1.100.202309141235/tools/bin/../lib/gcc/arm-none-eabi/11.3.1/../../../../arm-none-eabi/lib/thumb/v7e-m+fp/hard\libc_nano.a(libc_a-nano-vfprintf_i.o)
                0x000000000800bda4                _printf_i
 .text.memmove  0x000000000800bfe8       0x34 C:/ST/STM32CubeIDE_1.14.0/STM32CubeIDE/plugins/com.st.stm32cube.ide.mcu.externaltools.gnu-tools-for-stm32.11.3.rel1.win32_1.1.100.202309141235/tools/bin/../lib/gcc/arm-none-eabi/11.3.1/../../../../arm-none-eabi/lib/thumb/v7e-m+fp/hard\libc_nano.a(libc_a-memmove.o)
                0x000000000800bfe8                memmove
 .text._sbrk_r  0x000000000800c01c       0x20 C:/ST/STM32CubeIDE_1.14.0/STM32CubeIDE/plugins/com.st.stm32cube.ide.mcu.externaltools.gnu-tools-for-stm32.11.3.rel1.win32_1.1.100.202309141235/tools/bin/../lib/gcc/arm-none-eabi/11.3.1/../../../../arm-none-eabi/lib/thumb/v7e-m+fp/hard\libc_nano.a(libc_a-sbrkr.o)
                0x000000000800c01c                _sbrk_r
 .text._realloc_r
                0x000000000800c03c       0x5e C:/ST/STM32CubeIDE_1.14.0/STM32CubeIDE/plugins/com.st.stm32cube.ide.mcu.externaltools.gnu-tools-for-stm32.11.3.rel1.win32_1.1.100.202309141235/tools/bin/../lib/gcc/arm-none-eabi/11.3.1/../../../../arm-none-eabi/lib/thumb/v7e-m+fp/hard\libc_nano.a(libc_a-reallocr.o)
                0x000000000800c03c                _realloc_r
 .text._malloc_usable_size_r
                0x000000000800c09a       0x10 C:/ST/STM32CubeIDE_1.14.0/STM32CubeIDE/plugins/com.st.stm32cube.ide.mcu.externaltools.gnu-tools-for-stm32.11.3.rel1.win32_1.1.100.202309141235/tools/bin/../lib/gcc/arm-none-eabi/11.3.1/../../../../arm-none-eabi/lib/thumb/v7e-m+fp/hard\libc_nano.a(libc_a-msizer.o)
                0x000000000800c09a                _malloc_usable_size_r
 *fill*         0x000000000800c0aa        0x2 
 .text.round    0x000000000800c0ac       0x90 C:/ST/STM32CubeIDE_1.14.0/STM32CubeIDE/plugins/com.st.stm32cube.ide.mcu.externaltools.gnu-tools-for-stm32.11.3.rel1.win32_1.1.100.202309141235/tools/bin/../lib/gcc/arm-none-eabi/11.3.1/../../../../arm-none-eabi/lib/thumb/v7e-m+fp/hard\libm.a(libm_a-s_round.o)
                0x000000000800c0ac                round
 *(.glue_7)
 .glue_7        0x000000000800c13c        0x0 linker stubs
 *(.glue_7t)
 .glue_7t       0x000000000800c13c        0x0 linker stubs
 *(.eh_frame)
 .eh_frame      0x000000000800c13c        0x0 C:/ST/STM32CubeIDE_1.14.0/STM32CubeIDE/plugins/com.st.stm32cube.ide.mcu.externaltools.gnu-tools-for-stm32.11.3.rel1.win32_1.1.100.202309141235/tools/bin/../lib/gcc/arm-none-eabi/11.3.1/thumb/v7e-m+fp/hard/crtbegin.o
 *(.init)
 .init          0x000000000800c13c        0x4 C:/ST/STM32CubeIDE_1.14.0/STM32CubeIDE/plugins/com.st.stm32cube.ide.mcu.externaltools.gnu-tools-for-stm32.11.3.rel1.win32_1.1.100.202309141235/tools/bin/../lib/gcc/arm-none-eabi/11.3.1/thumb/v7e-m+fp/hard/crti.o
                0x000000000800c13c                _init
 .init          0x000000000800c140        0x8 C:/ST/STM32CubeIDE_1.14.0/STM32CubeIDE/plugins/com.st.stm32cube.ide.mcu.externaltools.gnu-tools-for-stm32.11.3.rel1.win32_1.1.100.202309141235/tools/bin/../lib/gcc/arm-none-eabi/11.3.1/thumb/v7e-m+fp/hard/crtn.o
 *(.fini)
 .fini          0x000000000800c148        0x4 C:/ST/STM32CubeIDE_1.14.0/STM32CubeIDE/plugins/com.st.stm32cube.ide.mcu.externaltools.gnu-tools-for-stm32.11.3.rel1.win32_1.1.100.202309141235/tools/bin/../lib/gcc/arm-none-eabi/11.3.1/thumb/v7e-m+fp/hard/crti.o
                0x000000000800c148                _fini
 .fini          0x000000000800c14c        0x8 C:/ST/STM32CubeIDE_1.14.0/STM32CubeIDE/plugins/com.st.stm32cube.ide.mcu.externaltools.gnu-tools-for-stm32.11.3.rel1.win32_1.1.100.202309141235/tools/bin/../lib/gcc/arm-none-eabi/11.3.1/thumb/v7e-m+fp/hard/crtn.o
                0x000000000800c154                . = ALIGN (0x4)
                0x000000000800c154                _etext = .

.vfp11_veneer   0x000000000800c154        0x0
 .vfp11_veneer  0x000000000800c154        0x0 linker stubs

.v4_bx          0x000000000800c154        0x0
 .v4_bx         0x000000000800c154        0x0 linker stubs

.iplt           0x000000000800c154        0x0
 .iplt          0x000000000800c154        0x0 C:/ST/STM32CubeIDE_1.14.0/STM32CubeIDE/plugins/com.st.stm32cube.ide.mcu.externaltools.gnu-tools-for-stm32.11.3.rel1.win32_1.1.100.202309141235/tools/bin/../lib/gcc/arm-none-eabi/11.3.1/thumb/v7e-m+fp/hard/crtbegin.o

.rodata         0x000000000800c154      0x758
                0x000000000800c154                . = ALIGN (0x4)
 *(.rodata)
 .rodata        0x000000000800c154      0x468 ./Core/Src/main.o
 .rodata        0x000000000800c5bc        0x5 ./Middlewares/Third_Party/FreeRTOS/Source/tasks.o
 *fill*         0x000000000800c5c1        0x3 
 .rodata        0x000000000800c5c4        0xd ./Middlewares/Third_Party/FreeRTOS/Source/timers.o
 *(.rodata*)
 *fill*         0x000000000800c5d1        0x3 
 .rodata.AHBPrescTable
                0x000000000800c5d4       0x10 ./Core/Src/system_stm32l4xx.o
                0x000000000800c5d4                AHBPrescTable
 .rodata.APBPrescTable
                0x000000000800c5e4        0x8 ./Core/Src/system_stm32l4xx.o
                0x000000000800c5e4                APBPrescTable
 .rodata.MSIRangeTable
                0x000000000800c5ec       0x30 ./Core/Src/system_stm32l4xx.o
                0x000000000800c5ec                MSIRangeTable
 .rodata.s_vectcBandRegValue
                0x000000000800c61c        0x4 ./Drivers/Drivers/BSP/Components/spirit1/SPIRIT1_Library/Src/SPIRIT_Management.o
 .rodata.s_vectcBHalfFactor
                0x000000000800c620        0x4 ./Drivers/Drivers/BSP/Components/spirit1/SPIRIT1_Library/Src/SPIRIT_Management.o
 .rodata.s_vectcBHalfFactor
                0x000000000800c624        0x4 ./Drivers/Drivers/BSP/Components/spirit1/SPIRIT1_Library/Src/SPIRIT_Radio.o
 .rodata.s_vectcBandRegValue
                0x000000000800c628        0x4 ./Drivers/Drivers/BSP/Components/spirit1/SPIRIT1_Library/Src/SPIRIT_Radio.o
 .rodata.s_vectnBandwidth26M
                0x000000000800c62c       0xb4 ./Drivers/Drivers/BSP/Components/spirit1/SPIRIT1_Library/Src/SPIRIT_Radio.o
 .rodata.s_vectnVCOFreq
                0x000000000800c6e0       0x20 ./Drivers/Drivers/BSP/Components/spirit1/SPIRIT1_Library/Src/SPIRIT_Radio.o
 .rodata.fPowerFactors
                0x000000000800c700       0x78 ./Drivers/Drivers/BSP/Components/spirit1/SPIRIT1_Library/Src/SPIRIT_Radio.o
 .rodata._ctype_
                0x000000000800c778      0x101 C:/ST/STM32CubeIDE_1.14.0/STM32CubeIDE/plugins/com.st.stm32cube.ide.mcu.externaltools.gnu-tools-for-stm32.11.3.rel1.win32_1.1.100.202309141235/tools/bin/../lib/gcc/arm-none-eabi/11.3.1/../../../../arm-none-eabi/lib/thumb/v7e-m+fp/hard\libc_nano.a(libc_a-ctype_.o)
                0x000000000800c778                _ctype_
 .rodata._svfprintf_r.str1.1
                0x000000000800c879       0x11 C:/ST/STM32CubeIDE_1.14.0/STM32CubeIDE/plugins/com.st.stm32cube.ide.mcu.externaltools.gnu-tools-for-stm32.11.3.rel1.win32_1.1.100.202309141235/tools/bin/../lib/gcc/arm-none-eabi/11.3.1/../../../../arm-none-eabi/lib/thumb/v7e-m+fp/hard\libc_nano.a(libc_a-nano-svfprintf.o)
 .rodata._printf_i.str1.1
                0x000000000800c88a       0x22 C:/ST/STM32CubeIDE_1.14.0/STM32CubeIDE/plugins/com.st.stm32cube.ide.mcu.externaltools.gnu-tools-for-stm32.11.3.rel1.win32_1.1.100.202309141235/tools/bin/../lib/gcc/arm-none-eabi/11.3.1/../../../../arm-none-eabi/lib/thumb/v7e-m+fp/hard\libc_nano.a(libc_a-nano-vfprintf_i.o)
                0x000000000800c8ac                . = ALIGN (0x4)

.ARM.extab      0x000000000800c8ac        0x0
                0x000000000800c8ac                . = ALIGN (0x4)
 *(.ARM.extab* .gnu.linkonce.armextab.*)
                0x000000000800c8ac                . = ALIGN (0x4)

.ARM            0x000000000800c8ac        0x8
                0x000000000800c8ac                . = ALIGN (0x4)
                0x000000000800c8ac                __exidx_start = .
 *(.ARM.exidx*)
 .ARM.exidx     0x000000000800c8ac        0x8 C:/ST/STM32CubeIDE_1.14.0/STM32CubeIDE/plugins/com.st.stm32cube.ide.mcu.externaltools.gnu-tools-for-stm32.11.3.rel1.win32_1.1.100.202309141235/tools/bin/../lib/gcc/arm-none-eabi/11.3.1/thumb/v7e-m+fp/hard\libgcc.a(_udivmoddi4.o)
                0x000000000800c8b4                __exidx_end = .
                0x000000000800c8b4                . = ALIGN (0x4)

.rel.dyn        0x000000000800c8b4        0x0
 .rel.iplt      0x000000000800c8b4        0x0 C:/ST/STM32CubeIDE_1.14.0/STM32CubeIDE/plugins/com.st.stm32cube.ide.mcu.externaltools.gnu-tools-for-stm32.11.3.rel1.win32_1.1.100.202309141235/tools/bin/../lib/gcc/arm-none-eabi/11.3.1/thumb/v7e-m+fp/hard/crtbegin.o

.preinit_array  0x000000000800c8b4        0x0
                0x000000000800c8b4                . = ALIGN (0x4)
                0x000000000800c8b4                PROVIDE (__preinit_array_start = .)
 *(.preinit_array*)
                0x000000000800c8b4                PROVIDE (__preinit_array_end = .)
                0x000000000800c8b4                . = ALIGN (0x4)

.init_array     0x000000000800c8b4        0x4
                0x000000000800c8b4                . = ALIGN (0x4)
                0x000000000800c8b4                PROVIDE (__init_array_start = .)
 *(SORT_BY_NAME(.init_array.*))
 *(.init_array*)
 .init_array    0x000000000800c8b4        0x4 C:/ST/STM32CubeIDE_1.14.0/STM32CubeIDE/plugins/com.st.stm32cube.ide.mcu.externaltools.gnu-tools-for-stm32.11.3.rel1.win32_1.1.100.202309141235/tools/bin/../lib/gcc/arm-none-eabi/11.3.1/thumb/v7e-m+fp/hard/crtbegin.o
                0x000000000800c8b8                PROVIDE (__init_array_end = .)
                0x000000000800c8b8                . = ALIGN (0x4)

.fini_array     0x000000000800c8b8        0x4
                0x000000000800c8b8                . = ALIGN (0x4)
                [!provide]                        PROVIDE (__fini_array_start = .)
 *(SORT_BY_NAME(.fini_array.*))
 *(.fini_array*)
 .fini_array    0x000000000800c8b8        0x4 C:/ST/STM32CubeIDE_1.14.0/STM32CubeIDE/plugins/com.st.stm32cube.ide.mcu.externaltools.gnu-tools-for-stm32.11.3.rel1.win32_1.1.100.202309141235/tools/bin/../lib/gcc/arm-none-eabi/11.3.1/thumb/v7e-m+fp/hard/crtbegin.o
                [!provide]                        PROVIDE (__fini_array_end = .)
                0x000000000800c8bc                . = ALIGN (0x4)
                0x000000000800c8bc                _sidata = LOADADDR (.data)

.data           0x0000000020000000      0x488 load address 0x000000000800c8bc
                0x0000000020000000                . = ALIGN (0x4)
                0x0000000020000000                _sdata = .
 *(.data)
 *(.data*)
 .data.currentUser
                0x0000000020000000        0x1 ./Core/Src/main.o
                0x0000000020000000                currentUser
 *fill*         0x0000000020000001        0x3 
 .data.names    0x0000000020000004      0x400 ./Core/Src/main.o
                0x0000000020000004                names
 .data.noUser   0x0000000020000404        0x4 ./Core/Src/main.o
                0x0000000020000404                noUser
 .data.myUsername
                0x0000000020000408       0x15 ./Core/Src/main.o
                0x0000000020000408                myUsername
 *fill*         0x000000002000041d        0x3 
 .data.SystemCoreClock
                0x0000000020000420        0x4 ./Core/Src/system_stm32l4xx.o
                0x0000000020000420                SystemCoreClock
 .data.s_cCommunicationState
                0x0000000020000424        0x1 ./Drivers/Drivers/BSP/Components/spirit1/SPIRIT1_Library/Src/SPIRIT_Management.o
 .data.xDoVcoCalibrationWA
                0x0000000020000425        0x1 ./Drivers/Drivers/BSP/Components/spirit1/SPIRIT1_Library/Src/SPIRIT_Radio.o
 *fill*         0x0000000020000426        0x2 
 .data.radioSpi
                0x0000000020000428        0x4 ./Drivers/Drivers/BSP/Components/spirit1/radio_target.o
                0x0000000020000428                radioSpi
 .data.uwTickPrio
                0x000000002000042c        0x4 ./Drivers/STM32L4xx_HAL_Driver/Src/stm32l4xx_hal.o
                0x000000002000042c                uwTickPrio
 .data.uwTickFreq
                0x0000000020000430        0x1 ./Drivers/STM32L4xx_HAL_Driver/Src/stm32l4xx_hal.o
                0x0000000020000430                uwTickFreq
 *fill*         0x0000000020000431        0x3 
 .data.uxCriticalNesting
                0x0000000020000434        0x4 ./Middlewares/Third_Party/FreeRTOS/Source/portable/GCC/ARM_CM4F/port.o
 .data._impure_data
                0x0000000020000438       0x4c C:/ST/STM32CubeIDE_1.14.0/STM32CubeIDE/plugins/com.st.stm32cube.ide.mcu.externaltools.gnu-tools-for-stm32.11.3.rel1.win32_1.1.100.202309141235/tools/bin/../lib/gcc/arm-none-eabi/11.3.1/../../../../arm-none-eabi/lib/thumb/v7e-m+fp/hard\libc_nano.a(libc_a-impure.o)
                0x0000000020000438                _impure_data
 .data._impure_ptr
                0x0000000020000484        0x4 C:/ST/STM32CubeIDE_1.14.0/STM32CubeIDE/plugins/com.st.stm32cube.ide.mcu.externaltools.gnu-tools-for-stm32.11.3.rel1.win32_1.1.100.202309141235/tools/bin/../lib/gcc/arm-none-eabi/11.3.1/../../../../arm-none-eabi/lib/thumb/v7e-m+fp/hard\libc_nano.a(libc_a-impure.o)
                0x0000000020000484                _impure_ptr
 *(.RamFunc)
 *(.RamFunc*)
                0x0000000020000488                . = ALIGN (0x4)
                0x0000000020000488                _edata = .

.igot.plt       0x0000000020000488        0x0 load address 0x000000000800cd44
 .igot.plt      0x0000000020000488        0x0 C:/ST/STM32CubeIDE_1.14.0/STM32CubeIDE/plugins/com.st.stm32cube.ide.mcu.externaltools.gnu-tools-for-stm32.11.3.rel1.win32_1.1.100.202309141235/tools/bin/../lib/gcc/arm-none-eabi/11.3.1/thumb/v7e-m+fp/hard/crtbegin.o
                0x0000000020000488                . = ALIGN (0x4)

.bss            0x0000000020000488     0x5e6c load address 0x000000000800cd44
                0x0000000020000488                _sbss = .
                0x0000000020000488                __bss_start__ = _sbss
 *(.bss)
 .bss           0x0000000020000488       0x1c C:/ST/STM32CubeIDE_1.14.0/STM32CubeIDE/plugins/com.st.stm32cube.ide.mcu.externaltools.gnu-tools-for-stm32.11.3.rel1.win32_1.1.100.202309141235/tools/bin/../lib/gcc/arm-none-eabi/11.3.1/thumb/v7e-m+fp/hard/crtbegin.o
 *(.bss*)
 .bss.Task_TXHandler
                0x00000000200004a4        0x4 ./Core/Src/main.o
                0x00000000200004a4                Task_TXHandler
 .bss.Task_RXHandler
                0x00000000200004a8        0x4 ./Core/Src/main.o
                0x00000000200004a8                Task_RXHandler
 .bss.Task_HBHandler
                0x00000000200004ac        0x4 ./Core/Src/main.o
                0x00000000200004ac                Task_HBHandler
 .bss.Task_HandleUpdatesHandler
                0x00000000200004b0        0x4 ./Core/Src/main.o
                0x00000000200004b0                Task_HandleUpdatesHandler
 .bss.FLAG_SPIRIT
                0x00000000200004b4        0x4 ./Core/Src/main.o
                0x00000000200004b4                FLAG_SPIRIT
 .bss.usersOnline
                0x00000000200004b8     0x1c00 ./Core/Src/main.o
                0x00000000200004b8                usersOnline
 .bss.startTime
                0x00000000200020b8        0x4 ./Core/Src/main.o
                0x00000000200020b8                startTime
 .bss.spreadVirus
                0x00000000200020bc        0x1 ./Core/Src/main.o
                0x00000000200020bc                spreadVirus
 .bss.skinSuit  0x00000000200020bd        0x1 ./Core/Src/main.o
                0x00000000200020bd                skinSuit
 *fill*         0x00000000200020be        0x2 
 .bss.TXq       0x00000000200020c0      0x100 ./Core/Src/main.o
                0x00000000200020c0                TXq
 .bss.currentReadTX
                0x00000000200021c0        0x1 ./Core/Src/main.o
                0x00000000200021c0                currentReadTX
 .bss.currentWriteTX
                0x00000000200021c1        0x1 ./Core/Src/main.o
                0x00000000200021c1                currentWriteTX
 *fill*         0x00000000200021c2        0x2 
 .bss.RXq       0x00000000200021c4     0x2080 ./Core/Src/main.o
                0x00000000200021c4                RXq
 .bss.currentReadRX
                0x0000000020004244        0x1 ./Core/Src/main.o
                0x0000000020004244                currentReadRX
 .bss.currentWriteRX
                0x0000000020004245        0x1 ./Core/Src/main.o
                0x0000000020004245                currentWriteRX
 *fill*         0x0000000020004246        0x2 
 .bss.userInput
                0x0000000020004248       0x64 ./Core/Src/main.o
                0x0000000020004248                userInput
 .bss.userInputPos
                0x00000000200042ac        0x1 ./Core/Src/main.o
                0x00000000200042ac                userInputPos
 *fill*         0x00000000200042ad        0x3 
 .bss.buffer.1  0x00000000200042b0      0x400 ./Core/Src/main.o
 .bss.i.0       0x00000000200046b0        0x4 ./Core/Src/main.o
 .bss.hspi1     0x00000000200046b4       0x64 ./Core/Src/spi.o
                0x00000000200046b4                hspi1
 .bss.htim16    0x0000000020004718       0x4c ./Core/Src/stm32l4xx_hal_timebase_tim.o
                0x0000000020004718                htim16
 .bss.__sbrk_heap_end
                0x0000000020004764        0x4 ./Core/Src/sysmem.o
 .bss.huart2    0x0000000020004768       0x88 ./Core/Src/usart.o
                0x0000000020004768                huart2
 .bss.s_nDesiredFrequency
                0x00000000200047f0        0x4 ./Drivers/Drivers/BSP/Components/spirit1/SPIRIT1_Library/Src/SPIRIT_Management.o
 .bss.s_lXtalFrequency
                0x00000000200047f4        0x4 ./Drivers/Drivers/BSP/Components/spirit1/SPIRIT1_Library/Src/SPIRIT_Radio.o
 .bss.g_xStatus
                0x00000000200047f8        0x2 ./Drivers/Drivers/BSP/Components/spirit1/SPIRIT1_Library/Src/SPIRIT_Types.o
                0x00000000200047f8                g_xStatus
 *fill*         0x00000000200047fa        0x2 
 .bss.uwTick    0x00000000200047fc        0x4 ./Drivers/STM32L4xx_HAL_Driver/Src/stm32l4xx_hal.o
                0x00000000200047fc                uwTick
 .bss.Idle_TCB.3
                0x0000000020004800       0xac ./Middlewares/Third_Party/FreeRTOS/Source/CMSIS_RTOS_V2/cmsis_os2.o
 .bss.Idle_Stack.2
                0x00000000200048ac      0x200 ./Middlewares/Third_Party/FreeRTOS/Source/CMSIS_RTOS_V2/cmsis_os2.o
 .bss.Timer_TCB.1
                0x0000000020004aac       0xac ./Middlewares/Third_Party/FreeRTOS/Source/CMSIS_RTOS_V2/cmsis_os2.o
 .bss.Timer_Stack.0
                0x0000000020004b58      0x400 ./Middlewares/Third_Party/FreeRTOS/Source/CMSIS_RTOS_V2/cmsis_os2.o
 .bss.xQueueRegistry
                0x0000000020004f58       0x40 ./Middlewares/Third_Party/FreeRTOS/Source/queue.o
                0x0000000020004f58                xQueueRegistry
 .bss.pxCurrentTCB
                0x0000000020004f98        0x4 ./Middlewares/Third_Party/FreeRTOS/Source/tasks.o
                0x0000000020004f98                pxCurrentTCB
 .bss.pxReadyTasksLists
                0x0000000020004f9c      0x460 ./Middlewares/Third_Party/FreeRTOS/Source/tasks.o
 .bss.xDelayedTaskList1
                0x00000000200053fc       0x14 ./Middlewares/Third_Party/FreeRTOS/Source/tasks.o
 .bss.xDelayedTaskList2
                0x0000000020005410       0x14 ./Middlewares/Third_Party/FreeRTOS/Source/tasks.o
 .bss.pxDelayedTaskList
                0x0000000020005424        0x4 ./Middlewares/Third_Party/FreeRTOS/Source/tasks.o
 .bss.pxOverflowDelayedTaskList
                0x0000000020005428        0x4 ./Middlewares/Third_Party/FreeRTOS/Source/tasks.o
 .bss.xPendingReadyList
                0x000000002000542c       0x14 ./Middlewares/Third_Party/FreeRTOS/Source/tasks.o
 .bss.xTasksWaitingTermination
                0x0000000020005440       0x14 ./Middlewares/Third_Party/FreeRTOS/Source/tasks.o
 .bss.uxDeletedTasksWaitingCleanUp
                0x0000000020005454        0x4 ./Middlewares/Third_Party/FreeRTOS/Source/tasks.o
 .bss.xSuspendedTaskList
                0x0000000020005458       0x14 ./Middlewares/Third_Party/FreeRTOS/Source/tasks.o
 .bss.uxCurrentNumberOfTasks
                0x000000002000546c        0x4 ./Middlewares/Third_Party/FreeRTOS/Source/tasks.o
 .bss.xTickCount
                0x0000000020005470        0x4 ./Middlewares/Third_Party/FreeRTOS/Source/tasks.o
 .bss.uxTopReadyPriority
                0x0000000020005474        0x4 ./Middlewares/Third_Party/FreeRTOS/Source/tasks.o
 .bss.xSchedulerRunning
                0x0000000020005478        0x4 ./Middlewares/Third_Party/FreeRTOS/Source/tasks.o
 .bss.xPendedTicks
                0x000000002000547c        0x4 ./Middlewares/Third_Party/FreeRTOS/Source/tasks.o
 .bss.xYieldPending
                0x0000000020005480        0x4 ./Middlewares/Third_Party/FreeRTOS/Source/tasks.o
 .bss.xNumOfOverflows
                0x0000000020005484        0x4 ./Middlewares/Third_Party/FreeRTOS/Source/tasks.o
 .bss.uxTaskNumber
                0x0000000020005488        0x4 ./Middlewares/Third_Party/FreeRTOS/Source/tasks.o
 .bss.xNextTaskUnblockTime
                0x000000002000548c        0x4 ./Middlewares/Third_Party/FreeRTOS/Source/tasks.o
 .bss.xIdleTaskHandle