Archive member included to satisfy reference by file (symbol)

C:/ST/STM32CubeIDE_1.14.0/STM32CubeIDE/plugins/com.st.stm32cube.ide.mcu.externaltools.gnu-tools-for-stm32.11.3.rel1.win32_1.1.100.202309141235/tools/bin/../lib/gcc/arm-none-eabi/11.3.1/../../../../arm-none-eabi/lib/thumb/v7e-m+fp/hard\libc_nano.a(libc_a-exit.o)
                              C:/ST/STM32CubeIDE_1.14.0/STM32CubeIDE/plugins/com.st.stm32cube.ide.mcu.externaltools.gnu-tools-for-stm32.11.3.rel1.win32_1.1.100.202309141235/tools/bin/../lib/gcc/arm-none-eabi/11.3.1/../../../../arm-none-eabi/lib/thumb/v7e-m+fp/hard/crt0.o (exit)
C:/ST/STM32CubeIDE_1.14.0/STM32CubeIDE/plugins/com.st.stm32cube.ide.mcu.externaltools.gnu-tools-for-stm32.11.3.rel1.win32_1.1.100.202309141235/tools/bin/../lib/gcc/arm-none-eabi/11.3.1/../../../../arm-none-eabi/lib/thumb/v7e-m+fp/hard\libc_nano.a(libc_a-strtol.o)
                              ./Core/Src/main.o (strtol)
C:/ST/STM32CubeIDE_1.14.0/STM32CubeIDE/plugins/com.st.stm32cube.ide.mcu.externaltools.gnu-tools-for-stm32.11.3.rel1.win32_1.1.100.202309141235/tools/bin/../lib/gcc/arm-none-eabi/11.3.1/../../../../arm-none-eabi/lib/thumb/v7e-m+fp/hard\libc_nano.a(libc_a-ctype_.o)
                              C:/ST/STM32CubeIDE_1.14.0/STM32CubeIDE/plugins/com.st.stm32cube.ide.mcu.externaltools.gnu-tools-for-stm32.11.3.rel1.win32_1.1.100.202309141235/tools/bin/../lib/gcc/arm-none-eabi/11.3.1/../../../../arm-none-eabi/lib/thumb/v7e-m+fp/hard\libc_nano.a(libc_a-strtol.o) (_ctype_)
C:/ST/STM32CubeIDE_1.14.0/STM32CubeIDE/plugins/com.st.stm32cube.ide.mcu.externaltools.gnu-tools-for-stm32.11.3.rel1.win32_1.1.100.202309141235/tools/bin/../lib/gcc/arm-none-eabi/11.3.1/../../../../arm-none-eabi/lib/thumb/v7e-m+fp/hard\libc_nano.a(libc_a-findfp.o)
                              ./Middlewares/Third_Party/FreeRTOS/Source/tasks.o (__sf)
C:/ST/STM32CubeIDE_1.14.0/STM32CubeIDE/plugins/com.st.stm32cube.ide.mcu.externaltools.gnu-tools-for-stm32.11.3.rel1.win32_1.1.100.202309141235/tools/bin/../lib/gcc/arm-none-eabi/11.3.1/../../../../arm-none-eabi/lib/thumb/v7e-m+fp/hard\libc_nano.a(libc_a-fwalk.o)
                              C:/ST/STM32CubeIDE_1.14.0/STM32CubeIDE/plugins/com.st.stm32cube.ide.mcu.externaltools.gnu-tools-for-stm32.11.3.rel1.win32_1.1.100.202309141235/tools/bin/../lib/gcc/arm-none-eabi/11.3.1/../../../../arm-none-eabi/lib/thumb/v7e-m+fp/hard\libc_nano.a(libc_a-findfp.o) (_fwalk_sglue)
C:/ST/STM32CubeIDE_1.14.0/STM32CubeIDE/plugins/com.st.stm32cube.ide.mcu.externaltools.gnu-tools-for-stm32.11.3.rel1.win32_1.1.100.202309141235/tools/bin/../lib/gcc/arm-none-eabi/11.3.1/../../../../arm-none-eabi/lib/thumb/v7e-m+fp/hard\libc_nano.a(libc_a-stdio.o)
                              C:/ST/STM32CubeIDE_1.14.0/STM32CubeIDE/plugins/com.st.stm32cube.ide.mcu.externaltools.gnu-tools-for-stm32.11.3.rel1.win32_1.1.100.202309141235/tools/bin/../lib/gcc/arm-none-eabi/11.3.1/../../../../arm-none-eabi/lib/thumb/v7e-m+fp/hard\libc_nano.a(libc_a-findfp.o) (__sread)
C:/ST/STM32CubeIDE_1.14.0/STM32CubeIDE/plugins/com.st.stm32cube.ide.mcu.externaltools.gnu-tools-for-stm32.11.3.rel1.win32_1.1.100.202309141235/tools/bin/../lib/gcc/arm-none-eabi/11.3.1/../../../../arm-none-eabi/lib/thumb/v7e-m+fp/hard\libc_nano.a(libc_a-vsnprintf.o)
                              ./Core/Src/main.o (vsnprintf)
C:/ST/STM32CubeIDE_1.14.0/STM32CubeIDE/plugins/com.st.stm32cube.ide.mcu.externaltools.gnu-tools-for-stm32.11.3.rel1.win32_1.1.100.202309141235/tools/bin/../lib/gcc/arm-none-eabi/11.3.1/../../../../arm-none-eabi/lib/thumb/v7e-m+fp/hard\libc_nano.a(libc_a-memset.o)
                              C:/ST/STM32CubeIDE_1.14.0/STM32CubeIDE/plugins/com.st.stm32cube.ide.mcu.externaltools.gnu-tools-for-stm32.11.3.rel1.win32_1.1.100.202309141235/tools/bin/../lib/gcc/arm-none-eabi/11.3.1/../../../../arm-none-eabi/lib/thumb/v7e-m+fp/hard/crt0.o (memset)
C:/ST/STM32CubeIDE_1.14.0/STM32CubeIDE/plugins/com.st.stm32cube.ide.mcu.externaltools.gnu-tools-for-stm32.11.3.rel1.win32_1.1.100.202309141235/tools/bin/../lib/gcc/arm-none-eabi/11.3.1/../../../../arm-none-eabi/lib/thumb/v7e-m+fp/hard\libc_nano.a(libc_a-strdup.o)
                              ./Core/Src/main.o (strdup)
C:/ST/STM32CubeIDE_1.14.0/STM32CubeIDE/plugins/com.st.stm32cube.ide.mcu.externaltools.gnu-tools-for-stm32.11.3.rel1.win32_1.1.100.202309141235/tools/bin/../lib/gcc/arm-none-eabi/11.3.1/../../../../arm-none-eabi/lib/thumb/v7e-m+fp/hard\libc_nano.a(libc_a-strdup_r.o)
                              C:/ST/STM32CubeIDE_1.14.0/STM32CubeIDE/plugins/com.st.stm32cube.ide.mcu.externaltools.gnu-tools-for-stm32.11.3.rel1.win32_1.1.100.202309141235/tools/bin/../lib/gcc/arm-none-eabi/11.3.1/../../../../arm-none-eabi/lib/thumb/v7e-m+fp/hard\libc_nano.a(libc_a-strdup.o) (_strdup_r)
[...]
Memory Configuration

Name             Origin             Length             Attributes
RAM              0x0000000020000000 0x0000000000018000 xrw
RAM2             0x0000000010000000 0x0000000000008000 xrw
FLASH            0x0000000008000000 0x0000000000100000 xr
*default*        0x0000000000000000 0xffffffffffffffff

Linker script and memory map

LOAD C:/ST/STM32CubeIDE_1.14.0/STM32CubeIDE/plugins/com.st.stm32cube.ide.mcu.externaltools.gnu-tools-for-stm32.11.3.rel1.win32_1.1.100.202309141235/tools/bin/../lib/gcc/arm-none-eabi/11.3.1/thumb/v7e-m+fp/hard/crti.o
LOAD C:/ST/STM32CubeIDE_1.14.0/STM32CubeIDE/plugins/com.st.stm32cube.ide.mcu.externaltools.gnu-tools-for-stm32.11.3.rel1.win32_1.1.100.202309141235/tools/bin/../lib/gcc/arm-none-eabi/11.3.1/thumb/v7e-m+fp/hard/crtbegin.o
LOAD C:/ST/STM32CubeIDE_1.14.0/STM32CubeIDE/plugins/com.st.stm32cube.ide.mcu.externaltools.gnu-tools-for-stm32.11.3.rel1.win32_1.1.100.202309141235/tools/bin/../lib/gcc/arm-none-eabi/11.3.1/../../../../arm-none-eabi/lib/thumb/v7e-m+fp/hard/crt0.o
LOAD ./Core/Src/freertos.o
LOAD ./Core/Src/gpio.o
LOAD ./Core/Src/main.o
LOAD ./Core/Src/spi.o
LOAD ./Core/Src/spsgrf.o
LOAD ./Core/Src/stm32l4xx_hal_msp.o
LOAD ./Core/Src/stm32l4xx_hal_timebase_tim.o
LOAD ./Core/Src/stm32l4xx_it.o
LOAD ./Core/Src/syscalls.o
LOAD ./Core/Src/sysmem.o
LOAD ./Core/Src/system_stm32l4xx.o
LOAD ./Core/Src/usart.o
LOAD ./Core/Startup/startup_stm32l476rgtx.o
LOAD ./Drivers/Drivers/BSP/Components/spirit1/SPIRIT1_Library/Src/SPIRIT_Aes.o
LOAD ./Drivers/Drivers/BSP/Components/spirit1/SPIRIT1_Library/Src/SPIRIT_Calibration.o
LOAD ./Drivers/Drivers/BSP/Components/spirit1/SPIRIT1_Library/Src/SPIRIT_Commands.o
LOAD ./Drivers/Drivers/BSP/Components/spirit1/SPIRIT1_Library/Src/SPIRIT_Csma.o
LOAD ./Drivers/Drivers/BSP/Components/spirit1/SPIRIT1_Library/Src/SPIRIT_DirectRF.o
LOAD ./Drivers/Drivers/BSP/Components/spirit1/SPIRIT1_Library/Src/SPIRIT_General.o
LOAD ./Drivers/Drivers/BSP/Components/spirit1/SPIRIT1_Library/Src/SPIRIT_Gpio.o
LOAD ./Drivers/Drivers/BSP/Components/spirit1/SPIRIT1_Library/Src/SPIRIT_Irq.o
LOAD ./Drivers/Drivers/BSP/Components/spirit1/SPIRIT1_Library/Src/SPIRIT_LinearFifo.o
LOAD ./Drivers/Drivers/BSP/Components/spirit1/SPIRIT1_Library/Src/SPIRIT_Management.o
LOAD ./Drivers/Drivers/BSP/Components/spirit1/SPIRIT1_Library/Src/SPIRIT_PktBasic.o
LOAD ./Drivers/Drivers/BSP/Components/spirit1/SPIRIT1_Library/Src/SPIRIT_PktCommon.o
LOAD ./Drivers/Drivers/BSP/Components/spirit1/SPIRIT1_Library/Src/SPIRIT_PktMbus.o
LOAD ./Drivers/Drivers/BSP/Components/spirit1/SPIRIT1_Library/Src/SPIRIT_PktStack.o
LOAD ./Drivers/Drivers/BSP/Components/spirit1/SPIRIT1_Library/Src/SPIRIT_Qi.o
LOAD ./Drivers/Drivers/BSP/Components/spirit1/SPIRIT1_Library/Src/SPIRIT_Radio.o
LOAD ./Drivers/Drivers/BSP/Components/spirit1/SPIRIT1_Library/Src/SPIRIT_Timer.o
LOAD ./Drivers/Drivers/BSP/Components/spirit1/SPIRIT1_Library/Src/SPIRIT_Types.o
LOAD ./Drivers/Drivers/BSP/Components/spirit1/radio_target.o
LOAD ./Drivers/STM32L4xx_HAL_Driver/Src/stm32l4xx_hal.o
LOAD ./Drivers/STM32L4xx_HAL_Driver/Src/stm32l4xx_hal_cortex.o
LOAD ./Drivers/STM32L4xx_HAL_Driver/Src/stm32l4xx_hal_dma.o
LOAD ./Drivers/STM32L4xx_HAL_Driver/Src/stm32l4xx_hal_dma_ex.o
LOAD ./Drivers/STM32L4xx_HAL_Driver/Src/stm32l4xx_hal_exti.o
LOAD ./Drivers/STM32L4xx_HAL_Driver/Src/stm32l4xx_hal_flash.o
LOAD ./Drivers/STM32L4xx_HAL_Driver/Src/stm32l4xx_hal_flash_ex.o
LOAD ./Drivers/STM32L4xx_HAL_Driver/Src/stm32l4xx_hal_flash_ramfunc.o
LOAD ./Drivers/STM32L4xx_HAL_Driver/Src/stm32l4xx_hal_gpio.o
LOAD ./Drivers/STM32L4xx_HAL_Driver/Src/stm32l4xx_hal_i2c.o
LOAD ./Drivers/STM32L4xx_HAL_Driver/Src/stm32l4xx_hal_i2c_ex.o
LOAD ./Drivers/STM32L4xx_HAL_Driver/Src/stm32l4xx_hal_pwr.o
LOAD ./Drivers/STM32L4xx_HAL_Driver/Src/stm32l4xx_hal_pwr_ex.o
LOAD ./Drivers/STM32L4xx_HAL_Driver/Src/stm32l4xx_hal_rcc.o
LOAD ./Drivers/STM32L4xx_HAL_Driver/Src/stm32l4xx_hal_rcc_ex.o
LOAD ./Drivers/STM32L4xx_HAL_Driver/Src/stm32l4xx_hal_spi.o
LOAD ./Drivers/STM32L4xx_HAL_Driver/Src/stm32l4xx_hal_spi_ex.o
LOAD ./Drivers/STM32L4xx_HAL_Driver/Src/stm32l4xx_hal_tim.o
LOAD ./Drivers/STM32L4xx_HAL_Driver/Src/stm32l4xx_hal_tim_ex.o
LOAD ./Drivers/STM32L4xx_HAL_Driver/Src/stm32l4xx_hal_uart.o
LOAD ./Drivers/STM32L4xx_HAL_Driver/Src/stm32l4xx_hal_uart_ex.o
LOAD ./Middlewares/Third_Party/FreeRTOS/Source/CMSIS_RTOS_V2/cmsis_os2.o
LOAD ./Middlewares/Third_Party/FreeRTOS/Source/croutine.o
LOAD ./Middlewares/Third_Party/FreeRTOS/Source/event_groups.o
LOAD ./Middlewares/Third_Party/FreeRTOS/Source/list.o
LOAD ./Middlewares/Third_Party/FreeRTOS/Source/queue.o
LOAD ./Middlewares/Third_Party/FreeRTOS/Source/stream_buffer.o
LOAD ./Middlewares/Third_Party/FreeRTOS/Source/tasks.o
LOAD ./Middlewares/Third_Party/FreeRTOS/Source/timers.o
LOAD ./Middlewares/Third_Party/FreeRTOS/Source/portable/GCC/ARM_CM4F/port.o
LOAD ./Middlewares/Third_Party/FreeRTOS/Source/portable/MemMang/heap_4.o
START GROUP
LOAD C:/ST/STM32CubeIDE_1.14.0/STM32CubeIDE/plugins/com.st.stm32cube.ide.mcu.externaltools.gnu-tools-for-stm32.11.3.rel1.win32_1.1.100.202309141235/tools/bin/../lib/gcc/arm-none-eabi/11.3.1/../../../../arm-none-eabi/lib/thumb/v7e-m+fp/hard\libc_nano.a
LOAD C:/ST/STM32CubeIDE_1.14.0/STM32CubeIDE/plugins/com.st.stm32cube.ide.mcu.externaltools.gnu-tools-for-stm32.11.3.rel1.win32_1.1.100.202309141235/tools/bin/../lib/gcc/arm-none-eabi/11.3.1/../../../../arm-none-eabi/lib/thumb/v7e-m+fp/hard\libm.a
END GROUP
START GROUP
LOAD C:/ST/STM32CubeIDE_1.14.0/STM32CubeIDE/plugins/com.st.stm32cube.ide.mcu.externaltools.gnu-tools-for-stm32.11.3.rel1.win32_1.1.100.202309141235/tools/bin/../lib/gcc/arm-none-eabi/11.3.1/thumb/v7e-m+fp/hard\libgcc.a
LOAD C:/ST/STM32CubeIDE_1.14.0/STM32CubeIDE/plugins/com.st.stm32cube.ide.mcu.externaltools.gnu-tools-for-stm32.11.3.rel1.win32_1.1.100.202309141235/tools/bin/../lib/gcc/arm-none-eabi/11.3.1/../../../../arm-none-eabi/lib/thumb/v7e-m+fp/hard\libc_nano.a
END GROUP
START GROUP
LOAD C:/ST/STM32CubeIDE_1.14.0/STM32CubeIDE/plugins/com.st.stm32cube.ide.mcu.externaltools.gnu-tools-for-stm32.11.3.rel1.win32_1.1.100.202309141235/tools/bin/../lib/gcc/arm-none-eabi/11.3.1/thumb/v7e-m+fp/hard\libgcc.a
LOAD C:/ST/STM32CubeIDE_1.14.0/STM32CubeIDE/plugins/com.st.stm32cube.ide.mcu.externaltools.gnu-tools-for-stm32.11.3.rel1.win32_1.1.100.202309141235/tools/bin/../lib/gcc/arm-none-eabi/11.3.1/../../../../arm-none-eabi/lib/thumb/v7e-m+fp/hard\libc_nano.a
LOAD C:/ST/STM32CubeIDE_1.14.0/STM32CubeIDE/plugins/com.st.stm32cube.ide.mcu.externaltools.gnu-tools-for-stm32.11.3.rel1.win32_1.1.100.202309141235/tools/bin/../lib/gcc/arm-none-eabi/11.3.1/../../../../arm-none-eabi/lib/thumb/v7e-m+fp/hard\libnosys.a
END GROUP
START GROUP
LOAD C:/ST/STM32CubeIDE_1.14.0/STM32CubeIDE/plugins/com.st.stm32cube.ide.mcu.externaltools.gnu-tools-for-stm32.11.3.rel1.win32_1.1.100.202309141235/tools/bin/../lib/gcc/arm-none-eabi/11.3.1/thumb/v7e-m+fp/hard\libgcc.a
LOAD C:/ST/STM32CubeIDE_1.14.0/STM32CubeIDE/plugins/com.st.stm32cube.ide.mcu.externaltools.gnu-tools-for-stm32.11.3.rel1.win32_1.1.100.202309141235/tools/bin/../lib/gcc/arm-none-eabi/11.3.1/../../../../arm-none-eabi/lib/thumb/v7e-m+fp/hard\libc_nano.a
LOAD C:/ST/STM32CubeIDE_1.14.0/STM32CubeIDE/plugins/com.st.stm32cube.ide.mcu.externaltools.gnu-tools-for-stm32.11.3.rel1.win32_1.1.100.202309141235/tools/bin/../lib/gcc/arm-none-eabi/11.3.1/../../../../arm-none-eabi/lib/thumb/v7e-m+fp/hard\libnosys.a
END GROUP
LOAD C:/ST/STM32CubeIDE_1.14.0/STM32CubeIDE/plugins/com.st.stm32cube.ide.mcu.externaltools.gnu-tools-for-stm32.11.3.rel1.win32_1.1.100.202309141235/tools/bin/../lib/gcc/arm-none-eabi/11.3.1/thumb/v7e-m+fp/hard/crtend.o
LOAD C:/ST/STM32CubeIDE_1.14.0/STM32CubeIDE/plugins/com.st.stm32cube.ide.mcu.externaltools.gnu-tools-for-stm32.11.3.rel1.win32_1.1.100.202309141235/tools/bin/../lib/gcc/arm-none-eabi/11.3.1/thumb/v7e-m+fp/hard/crtn.o
                0x0000000020018000                _estack = (ORIGIN (RAM) + LENGTH (RAM))
                0x0000000000000200                _Min_Heap_Size = 0x200
                0x0000000000000400                _Min_Stack_Size = 0x400

.isr_vector     0x0000000008000000      0x188
                0x0000000008000000                . = ALIGN (0x4)
 *(.isr_vector)
 .isr_vector    0x0000000008000000      0x188 ./Core/Startup/startup_stm32l476rgtx.o
                0x0000000008000000                g_pfnVectors
                0x0000000008000188                . = ALIGN (0x4)

.text           0x0000000008000190     0xbe54
                0x0000000008000190                . = ALIGN (0x4)
 *(.text)
 .text          0x0000000008000190       0x40 C:/ST/STM32CubeIDE_1.14.0/STM32CubeIDE/plugins/com.st.stm32cube.ide.mcu.externaltools.gnu-tools-for-stm32.11.3.rel1.win32_1.1.100.202309141235/tools/bin/../lib/gcc/arm-none-eabi/11.3.1/thumb/v7e-m+fp/hard/crtbegin.o
 .text          0x00000000080001d0       0x10 C:/ST/STM32CubeIDE_1.14.0/STM32CubeIDE/plugins/com.st.stm32cube.ide.mcu.externaltools.gnu-tools-for-stm32.11.3.rel1.win32_1.1.100.202309141235/tools/bin/../lib/gcc/arm-none-eabi/11.3.1/../../../../arm-none-eabi/lib/thumb/v7e-m+fp/hard\libc_nano.a(libc_a-strlen.o)
                0x00000000080001d0                strlen
 .text          0x00000000080001e0       0xa0 C:/ST/STM32CubeIDE_1.14.0/STM32CubeIDE/plugins/com.st.stm32cube.ide.mcu.externaltools.gnu-tools-for-stm32.11.3.rel1.win32_1.1.100.202309141235/tools/bin/../lib/gcc/arm-none-eabi/11.3.1/../../../../arm-none-eabi/lib/thumb/v7e-m+fp/hard\libc_nano.a(libc_a-memchr.o)
                0x00000000080001e0                memchr
 .text          0x0000000008000280      0x378 C:/ST/STM32CubeIDE_1.14.0/STM32CubeIDE/plugins/com.st.stm32cube.ide.mcu.externaltools.gnu-tools-for-stm32.11.3.rel1.win32_1.1.100.202309141235/tools/bin/../lib/gcc/arm-none-eabi/11.3.1/thumb/v7e-m+fp/hard\libgcc.a(_arm_addsubdf3.o)
                0x0000000008000280                __aeabi_drsub
                0x0000000008000288                __aeabi_dsub
                0x0000000008000288                __subdf3
                0x000000000800028c                __aeabi_dadd
                0x000000000800028c                __adddf3
                0x0000000008000504                __floatunsidf
                0x0000000008000504                __aeabi_ui2d
                0x0000000008000524                __floatsidf
                0x0000000008000524                __aeabi_i2d
                0x0000000008000548                __aeabi_f2d
                0x0000000008000548                __extendsfdf2
                0x000000000800058c                __floatundidf
                0x000000000800058c                __aeabi_ul2d
                0x000000000800059c                __floatdidf
                0x000000000800059c                __aeabi_l2d
 .text          0x00000000080005f8      0x424 C:/ST/STM32CubeIDE_1.14.0/STM32CubeIDE/plugins/com.st.stm32cube.ide.mcu.externaltools.gnu-tools-for-stm32.11.3.rel1.win32_1.1.100.202309141235/tools/bin/../lib/gcc/arm-none-eabi/11.3.1/thumb/v7e-m+fp/hard\libgcc.a(_arm_muldivdf3.o)
                0x00000000080005f8                __aeabi_dmul
                0x00000000080005f8                __muldf3
                0x000000000800084c                __divdf3
                0x000000000800084c                __aeabi_ddiv
 .text          0x0000000008000a1c       0x40 C:/ST/STM32CubeIDE_1.14.0/STM32CubeIDE/plugins/com.st.stm32cube.ide.mcu.externaltools.gnu-tools-for-stm32.11.3.rel1.win32_1.1.100.202309141235/tools/bin/../lib/gcc/arm-none-eabi/11.3.1/thumb/v7e-m+fp/hard\libgcc.a(_arm_fixunsdfsi.o)
                0x0000000008000a1c                __aeabi_d2uiz
                0x0000000008000a1c                __fixunsdfsi
 .text          0x0000000008000a5c       0x30 C:/ST/STM32CubeIDE_1.14.0/STM32CubeIDE/plugins/com.st.stm32cube.ide.mcu.externaltools.gnu-tools-for-stm32.11.3.rel1.win32_1.1.100.202309141235/tools/bin/../lib/gcc/arm-none-eabi/11.3.1/thumb/v7e-m+fp/hard\libgcc.a(_aeabi_uldivmod.o)
                0x0000000008000a5c                __aeabi_uldivmod
 .text          0x0000000008000a8c      0x2c8 C:/ST/STM32CubeIDE_1.14.0/STM32CubeIDE/plugins/com.st.stm32cube.ide.mcu.externaltools.gnu-tools-for-stm32.11.3.rel1.win32_1.1.100.202309141235/tools/bin/../lib/gcc/arm-none-eabi/11.3.1/thumb/v7e-m+fp/hard\libgcc.a(_udivmoddi4.o)
                0x0000000008000a8c                __udivmoddi4
 .text          0x0000000008000d54        0x4 C:/ST/STM32CubeIDE_1.14.0/STM32CubeIDE/plugins/com.st.stm32cube.ide.mcu.externaltools.gnu-tools-for-stm32.11.3.rel1.win32_1.1.100.202309141235/tools/bin/../lib/gcc/arm-none-eabi/11.3.1/thumb/v7e-m+fp/hard\libgcc.a(_dvmd_tls.o)
                0x0000000008000d54                __aeabi_idiv0
                0x0000000008000d54                __aeabi_ldiv0
 *(.text*)
 .text.configureTimerForRunTimeStats
                0x0000000008000d58        0xe ./Core/Src/freertos.o
                0x0000000008000d58                configureTimerForRunTimeStats
 .text.getRunTimeCounterValue
                0x0000000008000d66       0x10 ./Core/Src/freertos.o
                0x0000000008000d66                getRunTimeCounterValue
 *fill*         0x0000000008000d76        0x2 
 .text.MX_GPIO_Init
                0x0000000008000d78      0x11c ./Core/Src/gpio.o
                0x0000000008000d78                MX_GPIO_Init
 .text.__NVIC_SetPriority
                0x0000000008000e94       0x54 ./Core/Src/main.o
 .text.NVIC_EncodePriority
                0x0000000008000ee8       0x66 ./Core/Src/main.o
 .text.RTOS_ISR_setPriority
                0x0000000008000f4e       0x2e ./Core/Src/main.o
                0x0000000008000f4e                RTOS_ISR_setPriority
 .text.HAL_GPIO_EXTI_Callback
                0x0000000008000f7c       0xa0 ./Core/Src/main.o
                0x0000000008000f7c                HAL_GPIO_EXTI_Callback
 .text.confirm_TX
                0x000000000800101c       0xe4 ./Core/Src/main.o
                0x000000000800101c                confirm_TX
 .text.Task_TX  0x0000000008001100      0x11c ./Core/Src/main.o
                0x0000000008001100                Task_TX
 .text.printUsersOnline
                0x000000000800121c       0xe8 ./Core/Src/main.o
                0x000000000800121c                printUsersOnline
 .text.reapUsers
                0x0000000008001304       0x8c ./Core/Src/main.o
                0x0000000008001304                reapUsers
 .text.get_RX   0x0000000008001390      0x1a4 ./Core/Src/main.o
                0x0000000008001390                get_RX
 .text.Task_RX  0x0000000008001534       0x2c ./Core/Src/main.o
                0x0000000008001534                Task_RX
 .text.Task_BeatHeart
                0x0000000008001560       0x2c ./Core/Src/main.o
                0x0000000008001560                Task_BeatHeart
 .text.createPayload
                0x000000000800158c       0xa0 ./Core/Src/main.o
                0x000000000800158c                createPayload
 .text.main     0x000000000800162c      0x148 ./Core/Src/main.o
                0x000000000800162c                main
 .text.USART2_IRQHandler
                0x0000000008001774       0xb4 ./Core/Src/main.o
                0x0000000008001774                USART2_IRQHandler
 .text.impersonate
                0x0000000008001828       0x74 ./Core/Src/main.o
                0x0000000008001828                impersonate
 .text.handleCommand
                0x000000000800189c      0x128 ./Core/Src/main.o
                0x000000000800189c                handleCommand
 .text.myHAL_UART_printf
                0x00000000080019c4       0x50 ./Core/Src/main.o
                0x00000000080019c4                myHAL_UART_printf
 .text.myHAL_UART_clear
                0x0000000008001a14       0x38 ./Core/Src/main.o
                0x0000000008001a14                myHAL_UART_clear
 .text.SpiritGotoReadyState
                0x0000000008001a4c       0x6c ./Core/Src/main.o
                0x0000000008001a4c                SpiritGotoReadyState
 .text.SystemClock_Config
                0x0000000008001ab8       0xa4 ./Core/Src/main.o
                0x0000000008001ab8                SystemClock_Config
 .text.HAL_TIM_PeriodElapsedCallback
                0x0000000008001b5c       0x24 ./Core/Src/main.o
                0x0000000008001b5c                HAL_TIM_PeriodElapsedCallback
 .text.Error_Handler
                0x0000000008001b80        0xa ./Core/Src/main.o
                0x0000000008001b80                Error_Handler
 *fill*         0x0000000008001b8a        0x2 
 .text.MX_SPI1_Init
                0x0000000008001b8c       0x7c ./Core/Src/spi.o
                0x0000000008001b8c                MX_SPI1_Init
 .text.HAL_SPI_MspInit
                0x0000000008001c08       0xc0 ./Core/Src/spi.o
                0x0000000008001c08                HAL_SPI_MspInit
 .text.SPSGRF_Init
                0x0000000008001cc8      0x174 ./Core/Src/spsgrf.o
                0x0000000008001cc8                SPSGRF_Init
 .text.SPSGRF_StartTx
                0x0000000008001e3c       0x42 ./Core/Src/spsgrf.o
                0x0000000008001e3c                SPSGRF_StartTx
 .text.SPSGRF_StartRx
                0x0000000008001e7e       0x12 ./Core/Src/spsgrf.o
                0x0000000008001e7e                SPSGRF_StartRx
 .text.SPSGRF_GetRxData
                0x0000000008001e90       0x24 ./Core/Src/spsgrf.o
                0x0000000008001e90                SPSGRF_GetRxData
 .text.HAL_MspInit
                0x0000000008001eb4       0x50 ./Core/Src/stm32l4xx_hal_msp.o
                0x0000000008001eb4                HAL_MspInit
 .text.HAL_InitTick
                0x0000000008001f04       0xdc ./Core/Src/stm32l4xx_hal_timebase_tim.o
                0x0000000008001f04                HAL_InitTick
 .text.NMI_Handler
                0x0000000008001fe0        0x6 ./Core/Src/stm32l4xx_it.o
                0x0000000008001fe0                NMI_Handler
 .text.HardFault_Handler
                0x0000000008001fe6        0x6 ./Core/Src/stm32l4xx_it.o
                0x0000000008001fe6                HardFault_Handler
 .text.MemManage_Handler
                0x0000000008001fec        0x6 ./Core/Src/stm32l4xx_it.o
                0x0000000008001fec                MemManage_Handler
 .text.BusFault_Handler
                0x0000000008001ff2        0x6 ./Core/Src/stm32l4xx_it.o
                0x0000000008001ff2                BusFault_Handler
 .text.UsageFault_Handler
                0x0000000008001ff8        0x6 ./Core/Src/stm32l4xx_it.o
                0x0000000008001ff8                UsageFault_Handler
 .text.DebugMon_Handler
                0x0000000008001ffe        0xe ./Core/Src/stm32l4xx_it.o
                0x0000000008001ffe                DebugMon_Handler
 .text.EXTI9_5_IRQHandler
                0x000000000800200c        0xe ./Core/Src/stm32l4xx_it.o
                0x000000000800200c                EXTI9_5_IRQHandler
 *fill*         0x000000000800201a        0x2 
 .text.TIM1_UP_TIM16_IRQHandler
                0x000000000800201c       0x14 ./Core/Src/stm32l4xx_it.o
                0x000000000800201c                TIM1_UP_TIM16_IRQHandler
 .text.EXTI15_10_IRQHandler
                0x0000000008002030       0x10 ./Core/Src/stm32l4xx_it.o
                0x0000000008002030                EXTI15_10_IRQHandler
 .text._sbrk    0x0000000008002040       0x6c ./Core/Src/sysmem.o
                0x0000000008002040                _sbrk
 .text.SystemInit
                0x00000000080020ac       0x24 ./Core/Src/system_stm32l4xx.o
                0x00000000080020ac                SystemInit
 .text.MX_USART2_UART_Init
                0x00000000080020d0       0x60 ./Core/Src/usart.o
                0x00000000080020d0                MX_USART2_UART_Init
 .text.HAL_UART_MspInit
                0x0000000008002130       0xb8 ./Core/Src/usart.o
                0x0000000008002130                HAL_UART_MspInit
 .text.Reset_Handler
                0x00000000080021e8       0x50 ./Core/Startup/startup_stm32l476rgtx.o
                0x00000000080021e8                Reset_Handler
 .text.Default_Handler
                0x0000000008002238        0x2 ./Core/Startup/startup_stm32l476rgtx.o
                0x0000000008002238                RTC_Alarm_IRQHandler
                0x0000000008002238                EXTI2_IRQHandler
                0x0000000008002238                TIM8_TRG_COM_IRQHandler
                0x0000000008002238                TIM8_CC_IRQHandler
                0x0000000008002238                TIM1_CC_IRQHandler
                0x0000000008002238                TSC_IRQHandler
                0x0000000008002238                TAMP_STAMP_IRQHandler
                0x0000000008002238                EXTI3_IRQHandler
                0x0000000008002238                LPTIM2_IRQHandler
                0x0000000008002238                DFSDM1_FLT1_IRQHandler
                0x0000000008002238                I2C3_ER_IRQHandler
                0x0000000008002238                DFSDM1_FLT2_IRQHandler
                0x0000000008002238                EXTI0_IRQHandler
                0x0000000008002238                I2C2_EV_IRQHandler
                0x0000000008002238                CAN1_RX0_IRQHandler
                0x0000000008002238                FPU_IRQHandler
                0x0000000008002238                ADC1_2_IRQHandler
                0x0000000008002238                SPI1_IRQHandler
                0x0000000008002238                TIM6_DAC_IRQHandler
                0x0000000008002238                TIM8_UP_IRQHandler
                0x0000000008002238                DMA2_Channel2_IRQHandler
                0x0000000008002238                DMA1_Channel4_IRQHandler
                0x0000000008002238                SAI2_IRQHandler
                0x0000000008002238                DFSDM1_FLT3_IRQHandler
                0x0000000008002238                USART3_IRQHandler
                0x0000000008002238                DMA1_Channel7_IRQHandler
                0x0000000008002238                CAN1_RX1_IRQHandler
                0x0000000008002238                LCD_IRQHandler
                0x0000000008002238                UART5_IRQHandler
                0x0000000008002238                ADC3_IRQHandler
                0x0000000008002238                TIM4_IRQHandler
                0x0000000008002238                DMA2_Channel1_IRQHandler
                0x0000000008002238                QUADSPI_IRQHandler
                0x0000000008002238                I2C1_EV_IRQHandler
                0x0000000008002238                DMA1_Channel6_IRQHandler
                0x0000000008002238                UART4_IRQHandler
                0x0000000008002238                DMA2_Channel4_IRQHandler
                0x0000000008002238                TIM3_IRQHandler
                0x0000000008002238                RCC_IRQHandler
                0x0000000008002238                DMA1_Channel1_IRQHandler
                0x0000000008002238                Default_Handler
                0x0000000008002238                DMA2_Channel7_IRQHandler
                0x0000000008002238                TIM7_IRQHandler
                0x0000000008002238                SDMMC1_IRQHandler
                0x0000000008002238                TIM5_IRQHandler
                0x0000000008002238                I2C3_EV_IRQHandler
                0x0000000008002238                RTC_WKUP_IRQHandler
                0x0000000008002238                PVD_PVM_IRQHandler
                0x0000000008002238                SPI2_IRQHandler
                0x0000000008002238                CAN1_TX_IRQHandler
                0x0000000008002238                DMA2_Channel5_IRQHandler
                0x0000000008002238                DMA1_Channel5_IRQHandler
                0x0000000008002238                EXTI4_IRQHandler
                0x0000000008002238                RNG_IRQHandler
                0x0000000008002238                TIM1_TRG_COM_TIM17_IRQHandler
                0x0000000008002238                DMA1_Channel3_IRQHandler
                0x0000000008002238                COMP_IRQHandler
                0x0000000008002238                WWDG_IRQHandler
                0x0000000008002238                LPUART1_IRQHandler
                0x0000000008002238                DMA2_Channel6_IRQHandler
                0x0000000008002238                TIM2_IRQHandler
                0x0000000008002238                EXTI1_IRQHandler
                0x0000000008002238                DFSDM1_FLT0_IRQHandler
                0x0000000008002238                I2C2_ER_IRQHandler
                0x0000000008002238                DMA1_Channel2_IRQHandler
                0x0000000008002238                TIM8_BRK_IRQHandler
                0x0000000008002238                CAN1_SCE_IRQHandler
                0x0000000008002238                FLASH_IRQHandler
                0x0000000008002238                USART1_IRQHandler
                0x0000000008002238                OTG_FS_IRQHandler
                0x0000000008002238                SPI3_IRQHandler
                0x0000000008002238                I2C1_ER_IRQHandler
                0x0000000008002238                FMC_IRQHandler
                0x0000000008002238                SWPMI1_IRQHandler
                0x0000000008002238                LPTIM1_IRQHandler
                0x0000000008002238                SAI1_IRQHandler
                0x0000000008002238                DMA2_Channel3_IRQHandler
                0x0000000008002238                TIM1_BRK_TIM15_IRQHandler
 *fill*         0x000000000800223a        0x2 
 .text.SpiritCalibrationVco
                0x000000000800223c       0x70 ./Drivers/Drivers/BSP/Components/spirit1/SPIRIT1_Library/Src/SPIRIT_Calibration.o
                0x000000000800223c                SpiritCalibrationVco
 .text.SpiritCalibrationGetVcoCalData
                0x00000000080022ac       0x38 ./Drivers/Drivers/BSP/Components/spirit1/SPIRIT1_Library/Src/SPIRIT_Calibration.o
                0x00000000080022ac                SpiritCalibrationGetVcoCalData
 .text.SpiritCalibrationSetVcoCalDataTx
                0x00000000080022e4       0x68 ./Drivers/Drivers/BSP/Components/spirit1/SPIRIT1_Library/Src/SPIRIT_Calibration.o
                0x00000000080022e4                SpiritCalibrationSetVcoCalDataTx
 .text.SpiritCalibrationSetVcoCalDataRx
                0x000000000800234c       0x68 ./Drivers/Drivers/BSP/Components/spirit1/SPIRIT1_Library/Src/SPIRIT_Calibration.o
                0x000000000800234c                SpiritCalibrationSetVcoCalDataRx
 .text.SpiritCalibrationSelectVco
                0x00000000080023b4       0x54 ./Drivers/Drivers/BSP/Components/spirit1/SPIRIT1_Library/Src/SPIRIT_Calibration.o
                0x00000000080023b4                SpiritCalibrationSelectVco
 .text.SpiritCmdStrobeCommand
                0x0000000008002408       0x30 ./Drivers/Drivers/BSP/Components/spirit1/SPIRIT1_Library/Src/SPIRIT_Commands.o
                0x0000000008002408                SpiritCmdStrobeCommand
 .text.SpiritGpioInit
                0x0000000008002438       0x48 ./Drivers/Drivers/BSP/Components/spirit1/SPIRIT1_Library/Src/SPIRIT_Gpio.o
                0x0000000008002438                SpiritGpioInit
 .text.SpiritIrqDeInit
                0x0000000008002480       0x58 ./Drivers/Drivers/BSP/Components/spirit1/SPIRIT1_Library/Src/SPIRIT_Irq.o
                0x0000000008002480                SpiritIrqDeInit
 .text.SpiritIrq
                0x00000000080024d8       0xcc ./Drivers/Drivers/BSP/Components/spirit1/SPIRIT1_Library/Src/SPIRIT_Irq.o
                0x00000000080024d8                SpiritIrq
 .text.SpiritIrqGetStatus
                0x00000000080025a4       0x64 ./Drivers/Drivers/BSP/Components/spirit1/SPIRIT1_Library/Src/SPIRIT_Irq.o
                0x00000000080025a4                SpiritIrqGetStatus
 .text.SpiritIrqClearStatus
                0x0000000008002608       0x30 ./Drivers/Drivers/BSP/Components/spirit1/SPIRIT1_Library/Src/SPIRIT_Irq.o
                0x0000000008002608                SpiritIrqClearStatus
 .text.SpiritLinearFifoReadNumElementsRxFifo
                0x0000000008002638       0x38 ./Drivers/Drivers/BSP/Components/spirit1/SPIRIT1_Library/Src/SPIRIT_LinearFifo.o
                0x0000000008002638                SpiritLinearFifoReadNumElementsRxFifo
 .text.SpiritManagementSetFrequencyBase
                0x0000000008002670      0x204 ./Drivers/Drivers/BSP/Components/spirit1/SPIRIT1_Library/Src/SPIRIT_Management.o
                0x0000000008002670                SpiritManagementSetFrequencyBase
 .text.SpiritManagementWaVcoCalibration
                0x0000000008002874      0x180 ./Drivers/Drivers/BSP/Components/spirit1/SPIRIT1_Library/Src/SPIRIT_Management.o
                0x0000000008002874                SpiritManagementWaVcoCalibration
 .text.SpiritManagementWaCmdStrobeTx
                0x00000000080029f4       0x70 ./Drivers/Drivers/BSP/Components/spirit1/SPIRIT1_Library/Src/SPIRIT_Management.o
                0x00000000080029f4                SpiritManagementWaCmdStrobeTx
 .text.SpiritManagementWaCmdStrobeRx
                0x0000000008002a64       0x38 ./Drivers/Drivers/BSP/Components/spirit1/SPIRIT1_Library/Src/SPIRIT_Management.o
                0x0000000008002a64                SpiritManagementWaCmdStrobeRx
 .text.SpiritManagementWaTRxFcMem
                0x0000000008002a9c       0x28 ./Drivers/Drivers/BSP/Components/spirit1/SPIRIT1_Library/Src/SPIRIT_Management.o
                0x0000000008002a9c                SpiritManagementWaTRxFcMem
 .text.SpiritManagementWaExtraCurrent
                0x0000000008002ac4       0x4a ./Drivers/Drivers/BSP/Components/spirit1/SPIRIT1_Library/Src/SPIRIT_Management.o
                0x0000000008002ac4                SpiritManagementWaExtraCurrent
 *fill*         0x0000000008002b0e        0x2 
 .text.SpiritPktCommonGetControlLength
                0x0000000008002b10       0x38 ./Drivers/Drivers/BSP/Components/spirit1/SPIRIT1_Library/Src/SPIRIT_PktCommon.o
                0x0000000008002b10                SpiritPktCommonGetControlLength
 .text.SpiritPktCommonFilterOnCrc
                0x0000000008002b48       0x70 ./Drivers/Drivers/BSP/Components/spirit1/SPIRIT1_Library/Src/SPIRIT_PktCommon.o
                0x0000000008002b48                SpiritPktCommonFilterOnCrc
 .text.SpiritPktCommonSetDestinationAddress
                0x0000000008002bb8       0x34 ./Drivers/Drivers/BSP/Components/spirit1/SPIRIT1_Library/Src/SPIRIT_PktCommon.o
                0x0000000008002bb8                SpiritPktCommonSetDestinationAddress
 .text.SpiritPktCommonGetBroadcastAddress
                0x0000000008002bec       0x30 ./Drivers/Drivers/BSP/Components/spirit1/SPIRIT1_Library/Src/SPIRIT_PktCommon.o
                0x0000000008002bec                SpiritPktCommonGetBroadcastAddress
 .text.SpiritPktCommonGetReceivedDestAddress
                0x0000000008002c1c       0x30 ./Drivers/Drivers/BSP/Components/spirit1/SPIRIT1_Library/Src/SPIRIT_PktCommon.o
                0x0000000008002c1c                SpiritPktCommonGetReceivedDestAddress
 .text.SpiritPktCommonGetReceivedSourceAddress
                0x0000000008002c4c       0x30 ./Drivers/Drivers/BSP/Components/spirit1/SPIRIT1_Library/Src/SPIRIT_PktCommon.o
                0x0000000008002c4c                SpiritPktCommonGetReceivedSourceAddress
 .text.SpiritPktStackInit
                0x0000000008002c7c      0x1a0 ./Drivers/Drivers/BSP/Components/spirit1/SPIRIT1_Library/Src/SPIRIT_PktStack.o
                0x0000000008002c7c                SpiritPktStackInit
 .text.SpiritPktStackAddressesInit
                0x0000000008002e1c       0xdc ./Drivers/Drivers/BSP/Components/spirit1/SPIRIT1_Library/Src/SPIRIT_PktStack.o
                0x0000000008002e1c                SpiritPktStackAddressesInit
 .text.SpiritPktStackLlpInit
                0x0000000008002ef8       0xa4 ./Drivers/Drivers/BSP/Components/spirit1/SPIRIT1_Library/Src/SPIRIT_PktStack.o
                0x0000000008002ef8                SpiritPktStackLlpInit
 .text.SpiritPktStackSetPayloadLength
                0x0000000008002f9c       0x5c ./Drivers/Drivers/BSP/Components/spirit1/SPIRIT1_Library/Src/SPIRIT_PktStack.o
                0x0000000008002f9c                SpiritPktStackSetPayloadLength
 .text.SpiritQiSqiCheck
                0x0000000008002ff8       0x70 ./Drivers/Drivers/BSP/Components/spirit1/SPIRIT1_Library/Src/SPIRIT_Qi.o
                0x0000000008002ff8                SpiritQiSqiCheck
 .text.SpiritQiSetSqiThreshold
                0x0000000008003068       0x68 ./Drivers/Drivers/BSP/Components/spirit1/SPIRIT1_Library/Src/SPIRIT_Qi.o
                0x0000000008003068                SpiritQiSetSqiThreshold
 .text.SpiritQiSetRssiThresholddBm
                0x00000000080030d0       0x40 ./Drivers/Drivers/BSP/Components/spirit1/SPIRIT1_Library/Src/SPIRIT_Qi.o
                0x00000000080030d0                SpiritQiSetRssiThresholddBm
 .text.SpiritRadioInit
                0x0000000008003110      0x3c8 ./Drivers/Drivers/BSP/Components/spirit1/SPIRIT1_Library/Src/SPIRIT_Radio.o
                0x0000000008003110                SpiritRadioInit
 .text.SpiritRadioSetXtalFlag
                0x00000000080034d8       0x74 ./Drivers/Drivers/BSP/Components/spirit1/SPIRIT1_Library/Src/SPIRIT_Radio.o
                0x00000000080034d8                SpiritRadioSetXtalFlag
 .text.SpiritRadioSearchWCP
                0x000000000800354c      0x128 ./Drivers/Drivers/BSP/Components/spirit1/SPIRIT1_Library/Src/SPIRIT_Radio.o
                0x000000000800354c                SpiritRadioSearchWCP
 .text.SpiritRadioGetSynthWord
                0x0000000008003674       0x4c ./Drivers/Drivers/BSP/Components/spirit1/SPIRIT1_Library/Src/SPIRIT_Radio.o
                0x0000000008003674                SpiritRadioGetSynthWord
 .text.SpiritRadioGetBand
                0x00000000080036c0       0x5c ./Drivers/Drivers/BSP/Components/spirit1/SPIRIT1_Library/Src/SPIRIT_Radio.o
                0x00000000080036c0                SpiritRadioGetBand
 .text.SpiritRadioGetChannel
                0x000000000800371c       0x30 ./Drivers/Drivers/BSP/Components/spirit1/SPIRIT1_Library/Src/SPIRIT_Radio.o
                0x000000000800371c                SpiritRadioGetChannel
 .text.SpiritRadioGetChannelSpace
                0x000000000800374c       0x40 ./Drivers/Drivers/BSP/Components/spirit1/SPIRIT1_Library/Src/SPIRIT_Radio.o
                0x000000000800374c                SpiritRadioGetChannelSpace
 .text.SpiritRadioGetFrequencyOffset
                0x000000000800378c       0x88 ./Drivers/Drivers/BSP/Components/spirit1/SPIRIT1_Library/Src/SPIRIT_Radio.o
                0x000000000800378c                SpiritRadioGetFrequencyOffset
 .text.SpiritRadioSetFrequencyBase
                0x0000000008003814      0x23c ./Drivers/Drivers/BSP/Components/spirit1/SPIRIT1_Library/Src/SPIRIT_Radio.o
                0x0000000008003814                SpiritRadioSetFrequencyBase
 .text.SpiritRadioGetFrequencyBase
                0x0000000008003a50       0x98 ./Drivers/Drivers/BSP/Components/spirit1/SPIRIT1_Library/Src/SPIRIT_Radio.o
                0x0000000008003a50                SpiritRadioGetFrequencyBase
 .text.SpiritRadioSearchDatarateME
                0x0000000008003ae8      0x164 ./Drivers/Drivers/BSP/Components/spirit1/SPIRIT1_Library/Src/SPIRIT_Radio.o
                0x0000000008003ae8                SpiritRadioSearchDatarateME
 .text.SpiritRadioSearchChannelBwME
                0x0000000008003c4c      0x1cc ./Drivers/Drivers/BSP/Components/spirit1/SPIRIT1_Library/Src/SPIRIT_Radio.o
                0x0000000008003c4c                SpiritRadioSearchChannelBwME
 .text.SpiritRadioSearchFreqDevME
                0x0000000008003e18      0x170 ./Drivers/Drivers/BSP/Components/spirit1/SPIRIT1_Library/Src/SPIRIT_Radio.o
                0x0000000008003e18                SpiritRadioSearchFreqDevME
 .text.SpiritRadioGetdBm2Reg
                0x0000000008003f88      0x21c ./Drivers/Drivers/BSP/Components/spirit1/SPIRIT1_Library/Src/SPIRIT_Radio.o
                0x0000000008003f88                SpiritRadioGetdBm2Reg
 .text.SpiritRadioSetPALeveldBm
                0x00000000080041a4       0x54 ./Drivers/Drivers/BSP/Components/spirit1/SPIRIT1_Library/Src/SPIRIT_Radio.o
                0x00000000080041a4                SpiritRadioSetPALeveldBm
 .text.SpiritRadioSetPACwc
                0x00000000080041f8       0x58 ./Drivers/Drivers/BSP/Components/spirit1/SPIRIT1_Library/Src/SPIRIT_Radio.o
                0x00000000080041f8                SpiritRadioSetPACwc
 .text.SpiritRadioSetPALevelMaxIndex
                0x0000000008004250       0x58 ./Drivers/Drivers/BSP/Components/spirit1/SPIRIT1_Library/Src/SPIRIT_Radio.o
                0x0000000008004250                SpiritRadioSetPALevelMaxIndex
 .text.SpiritRadioAFCFreezeOnSync
                0x00000000080042a8       0x64 ./Drivers/Drivers/BSP/Components/spirit1/SPIRIT1_Library/Src/SPIRIT_Radio.o
                0x00000000080042a8                SpiritRadioAFCFreezeOnSync
 .text.SpiritRadioSetRefDiv
                0x000000000800430c       0x60 ./Drivers/Drivers/BSP/Components/spirit1/SPIRIT1_Library/Src/SPIRIT_Radio.o
                0x000000000800430c                SpiritRadioSetRefDiv
 .text.SpiritRadioGetRefDiv
                0x000000000800436c       0x44 ./Drivers/Drivers/BSP/Components/spirit1/SPIRIT1_Library/Src/SPIRIT_Radio.o
                0x000000000800436c                SpiritRadioGetRefDiv
 .text.SpiritRadioSetDigDiv
                0x00000000080043b0       0x60 ./Drivers/Drivers/BSP/Components/spirit1/SPIRIT1_Library/Src/SPIRIT_Radio.o
                0x00000000080043b0                SpiritRadioSetDigDiv
 .text.SpiritRadioGetDigDiv
                0x0000000008004410       0x44 ./Drivers/Drivers/BSP/Components/spirit1/SPIRIT1_Library/Src/SPIRIT_Radio.o
                0x0000000008004410                SpiritRadioGetDigDiv
 .text.SpiritRadioGetXtalFrequency
                0x0000000008004454       0x18 ./Drivers/Drivers/BSP/Components/spirit1/SPIRIT1_Library/Src/SPIRIT_Radio.o
                0x0000000008004454                SpiritRadioGetXtalFrequency
 .text.SpiritRadioSetXtalFrequency
                0x000000000800446c       0x20 ./Drivers/Drivers/BSP/Components/spirit1/SPIRIT1_Library/Src/SPIRIT_Radio.o
                0x000000000800446c                SpiritRadioSetXtalFrequency
 .text.SpiritTimerSetRxTimeoutCounter
                0x000000000800448c       0x34 ./Drivers/Drivers/BSP/Components/spirit1/SPIRIT1_Library/Src/SPIRIT_Timer.o
                0x000000000800448c                SpiritTimerSetRxTimeoutCounter
 .text.SpiritTimerSetRxTimeoutStopCondition
                0x00000000080044c0       0x90 ./Drivers/Drivers/BSP/Components/spirit1/SPIRIT1_Library/Src/SPIRIT_Timer.o
                0x00000000080044c0                SpiritTimerSetRxTimeoutStopCondition
 .text.SpiritRefreshStatus
                0x0000000008004550       0x44 ./Drivers/Drivers/BSP/Components/spirit1/SPIRIT1_Library/Src/SPIRIT_Types.o
                0x0000000008004550                SpiritRefreshStatus
 .text.RadioSpiInit
                0x0000000008004594       0x20 ./Drivers/Drivers/BSP/Components/spirit1/radio_target.o
                0x0000000008004594                RadioSpiInit
 .text.RadioSpiWriteRegisters
                0x00000000080045b4       0x98 ./Drivers/Drivers/BSP/Components/spirit1/radio_target.o
                0x00000000080045b4                RadioSpiWriteRegisters
 .text.RadioSpiReadRegisters
                0x000000000800464c       0x98 ./Drivers/Drivers/BSP/Components/spirit1/radio_target.o
                0x000000000800464c                RadioSpiReadRegisters
 .text.RadioSpiCommandStrobes
                0x00000000080046e4       0x80 ./Drivers/Drivers/BSP/Components/spirit1/radio_target.o
                0x00000000080046e4                RadioSpiCommandStrobes
 .text.RadioSpiWriteFifo
                0x0000000008004764       0x90 ./Drivers/Drivers/BSP/Components/spirit1/radio_target.o
                0x0000000008004764                RadioSpiWriteFifo
 .text.RadioSpiReadFifo
                0x00000000080047f4       0x90 ./Drivers/Drivers/BSP/Components/spirit1/radio_target.o
                0x00000000080047f4                RadioSpiReadFifo
 .text.RadioEnterShutdown
                0x0000000008004884       0x16 ./Drivers/Drivers/BSP/Components/spirit1/radio_target.o
                0x0000000008004884                RadioEnterShutdown
 .text.RadioExitShutdown
                0x000000000800489a       0x16 ./Drivers/Drivers/BSP/Components/spirit1/radio_target.o
                0x000000000800489a                RadioExitShutdown
 .text.HAL_Init
                0x00000000080048b0       0x30 ./Drivers/STM32L4xx_HAL_Driver/Src/stm32l4xx_hal.o
                0x00000000080048b0                HAL_Init
 .text.HAL_IncTick
                0x00000000080048e0       0x28 ./Drivers/STM32L4xx_HAL_Driver/Src/stm32l4xx_hal.o
                0x00000000080048e0                HAL_IncTick
 .text.HAL_GetTick
                0x0000000008004908       0x18 ./Drivers/STM32L4xx_HAL_Driver/Src/stm32l4xx_hal.o
                0x0000000008004908                HAL_GetTick
 .text.__NVIC_SetPriorityGrouping
                0x0000000008004920       0x48 ./Drivers/STM32L4xx_HAL_Driver/Src/stm32l4xx_hal_cortex.o
 .text.__NVIC_GetPriorityGrouping
                0x0000000008004968       0x1c ./Drivers/STM32L4xx_HAL_Driver/Src/stm32l4xx_hal_cortex.o
 .text.__NVIC_EnableIRQ
                0x0000000008004984       0x3c ./Drivers/STM32L4xx_HAL_Driver/Src/stm32l4xx_hal_cortex.o
 .text.__NVIC_DisableIRQ
                0x00000000080049c0       0x48 ./Drivers/STM32L4xx_HAL_Driver/Src/stm32l4xx_hal_cortex.o
 .text.__NVIC_SetPriority
                0x0000000008004a08       0x54 ./Drivers/STM32L4xx_HAL_Driver/Src/stm32l4xx_hal_cortex.o
 .text.NVIC_EncodePriority
                0x0000000008004a5c       0x66 ./Drivers/STM32L4xx_HAL_Driver/Src/stm32l4xx_hal_cortex.o
 .text.HAL_NVIC_SetPriorityGrouping
                0x0000000008004ac2       0x16 ./Drivers/STM32L4xx_HAL_Driver/Src/stm32l4xx_hal_cortex.o
                0x0000000008004ac2                HAL_NVIC_SetPriorityGrouping
 .text.HAL_NVIC_SetPriority
                0x0000000008004ad8       0x38 ./Drivers/STM32L4xx_HAL_Driver/Src/stm32l4xx_hal_cortex.o
                0x0000000008004ad8                HAL_NVIC_SetPriority
 .text.HAL_NVIC_EnableIRQ
                0x0000000008004b10       0x1c ./Drivers/STM32L4xx_HAL_Driver/Src/stm32l4xx_hal_cortex.o
                0x0000000008004b10                HAL_NVIC_EnableIRQ
 .text.HAL_NVIC_DisableIRQ
                0x0000000008004b2c       0x1c ./Drivers/STM32L4xx_HAL_Driver/Src/stm32l4xx_hal_cortex.o
                0x0000000008004b2c                HAL_NVIC_DisableIRQ
 .text.HAL_GPIO_Init
                0x0000000008004b48      0x354 ./Drivers/STM32L4xx_HAL_Driver/Src/stm32l4xx_hal_gpio.o
                0x0000000008004b48                HAL_GPIO_Init
 .text.HAL_GPIO_WritePin
                0x0000000008004e9c       0x30 ./Drivers/STM32L4xx_HAL_Driver/Src/stm32l4xx_hal_gpio.o
                0x0000000008004e9c                HAL_GPIO_WritePin
 .text.HAL_GPIO_EXTI_IRQHandler
                0x0000000008004ecc       0x30 ./Drivers/STM32L4xx_HAL_Driver/Src/stm32l4xx_hal_gpio.o
                0x0000000008004ecc                HAL_GPIO_EXTI_IRQHandler
 .text.HAL_PWREx_GetVoltageRange
                0x0000000008004efc       0x1c ./Drivers/STM32L4xx_HAL_Driver/Src/stm32l4xx_hal_pwr_ex.o
                0x0000000008004efc                HAL_PWREx_GetVoltageRange
 .text.HAL_PWREx_ControlVoltageScaling
                0x0000000008004f18       0xac ./Drivers/STM32L4xx_HAL_Driver/Src/stm32l4xx_hal_pwr_ex.o
                0x0000000008004f18                HAL_PWREx_ControlVoltageScaling
 .text.HAL_RCC_OscConfig
                0x0000000008004fc4      0x7b8 ./Drivers/STM32L4xx_HAL_Driver/Src/stm32l4xx_hal_rcc.o
                0x0000000008004fc4                HAL_RCC_OscConfig
 .text.HAL_RCC_ClockConfig
                0x000000000800577c      0x200 ./Drivers/STM32L4xx_HAL_Driver/Src/stm32l4xx_hal_rcc.o
                0x000000000800577c                HAL_RCC_ClockConfig
 .text.HAL_RCC_GetSysClockFreq
                0x000000000800597c      0x118 ./Drivers/STM32L4xx_HAL_Driver/Src/stm32l4xx_hal_rcc.o
                0x000000000800597c                HAL_RCC_GetSysClockFreq
 .text.HAL_RCC_GetHCLKFreq
                0x0000000008005a94       0x18 ./Drivers/STM32L4xx_HAL_Driver/Src/stm32l4xx_hal_rcc.o
                0x0000000008005a94                HAL_RCC_GetHCLKFreq
 .text.HAL_RCC_GetPCLK1Freq
                0x0000000008005aac       0x2c ./Drivers/STM32L4xx_HAL_Driver/Src/stm32l4xx_hal_rcc.o
                0x0000000008005aac                HAL_RCC_GetPCLK1Freq
 .text.HAL_RCC_GetPCLK2Freq
                0x0000000008005ad8       0x2c ./Drivers/STM32L4xx_HAL_Driver/Src/stm32l4xx_hal_rcc.o
                0x0000000008005ad8                HAL_RCC_GetPCLK2Freq
 .text.HAL_RCC_GetClockConfig
                0x0000000008005b04       0x64 ./Drivers/STM32L4xx_HAL_Driver/Src/stm32l4xx_hal_rcc.o
                0x0000000008005b04                HAL_RCC_GetClockConfig
 .text.RCC_SetFlashLatencyFromMSIRange
                0x0000000008005b68       0xc0 ./Drivers/STM32L4xx_HAL_Driver/Src/stm32l4xx_hal_rcc.o
 .text.HAL_RCCEx_PeriphCLKConfig
                0x0000000008005c28      0x5d4 ./Drivers/STM32L4xx_HAL_Driver/Src/stm32l4xx_hal_rcc_ex.o
                0x0000000008005c28                HAL_RCCEx_PeriphCLKConfig
 .text.RCCEx_PLLSAI1_Config
                0x00000000080061fc      0x1e8 ./Drivers/STM32L4xx_HAL_Driver/Src/stm32l4xx_hal_rcc_ex.o
 .text.RCCEx_PLLSAI2_Config
                0x00000000080063e4      0x1bc ./Drivers/STM32L4xx_HAL_Driver/Src/stm32l4xx_hal_rcc_ex.o
 .text.HAL_SPI_Init
                0x00000000080065a0      0x146 ./Drivers/STM32L4xx_HAL_Driver/Src/stm32l4xx_hal_spi.o
                0x00000000080065a0                HAL_SPI_Init
 .text.HAL_SPI_Transmit
                0x00000000080066e6      0x2ea ./Drivers/STM32L4xx_HAL_Driver/Src/stm32l4xx_hal_spi.o
                0x00000000080066e6                HAL_SPI_Transmit
 .text.HAL_SPI_Receive
                0x00000000080069d0      0x26e ./Drivers/STM32L4xx_HAL_Driver/Src/stm32l4xx_hal_spi.o
                0x00000000080069d0                HAL_SPI_Receive
 .text.HAL_SPI_TransmitReceive
                0x0000000008006c3e      0x444 ./Drivers/STM32L4xx_HAL_Driver/Src/stm32l4xx_hal_spi.o
                0x0000000008006c3e                HAL_SPI_TransmitReceive
 *fill*         0x0000000008007082        0x2 
 .text.SPI_WaitFlagStateUntilTimeout
                0x0000000008007084      0x110 ./Drivers/STM32L4xx_HAL_Driver/Src/stm32l4xx_hal_spi.o
 .text.SPI_WaitFifoStateUntilTimeout
                0x0000000008007194      0x12c ./Drivers/STM32L4xx_HAL_Driver/Src/stm32l4xx_hal_spi.o
 .text.SPI_EndRxTransaction
                0x00000000080072c0       0xb0 ./Drivers/STM32L4xx_HAL_Driver/Src/stm32l4xx_hal_spi.o
 .text.SPI_EndRxTxTransaction
                0x0000000008007370       0x8c ./Drivers/STM32L4xx_HAL_Driver/Src/stm32l4xx_hal_spi.o
 .text.HAL_TIM_Base_Init
                0x00000000080073fc       0xae ./Drivers/STM32L4xx_HAL_Driver/Src/stm32l4xx_hal_tim.o
                0x00000000080073fc                HAL_TIM_Base_Init
 .text.HAL_TIM_Base_MspInit
                0x00000000080074aa       0x14 ./Drivers/STM32L4xx_HAL_Driver/Src/stm32l4xx_hal_tim.o
                0x00000000080074aa                HAL_TIM_Base_MspInit
 *fill*         0x00000000080074be        0x2 
 .text.HAL_TIM_Base_Start_IT
                0x00000000080074c0       0xe0 ./Drivers/STM32L4xx_HAL_Driver/Src/stm32l4xx_hal_tim.o
                0x00000000080074c0                HAL_TIM_Base_Start_IT
 .text.HAL_TIM_IRQHandler
                0x00000000080075a0      0x204 ./Drivers/STM32L4xx_HAL_Driver/Src/stm32l4xx_hal_tim.o
                0x00000000080075a0                HAL_TIM_IRQHandler
 .text.HAL_TIM_OC_DelayElapsedCallback
                0x00000000080077a4       0x14 ./Drivers/STM32L4xx_HAL_Driver/Src/stm32l4xx_hal_tim.o
                0x00000000080077a4                HAL_TIM_OC_DelayElapsedCallback
 .text.HAL_TIM_IC_CaptureCallback
                0x00000000080077b8       0x14 ./Drivers/STM32L4xx_HAL_Driver/Src/stm32l4xx_hal_tim.o
                0x00000000080077b8                HAL_TIM_IC_CaptureCallback
 .text.HAL_TIM_PWM_PulseFinishedCallback
                0x00000000080077cc       0x14 ./Drivers/STM32L4xx_HAL_Driver/Src/stm32l4xx_hal_tim.o
                0x00000000080077cc                HAL_TIM_PWM_PulseFinishedCallback
 .text.HAL_TIM_TriggerCallback
                0x00000000080077e0       0x14 ./Drivers/STM32L4xx_HAL_Driver/Src/stm32l4xx_hal_tim.o
                0x00000000080077e0                HAL_TIM_TriggerCallback
 .text.TIM_Base_SetConfig
                0x00000000080077f4      0x134 ./Drivers/STM32L4xx_HAL_Driver/Src/stm32l4xx_hal_tim.o
                0x00000000080077f4                TIM_Base_SetConfig
 .text.HAL_TIMEx_CommutCallback
                0x0000000008007928       0x14 ./Drivers/STM32L4xx_HAL_Driver/Src/stm32l4xx_hal_tim_ex.o
                0x0000000008007928                HAL_TIMEx_CommutCallback
 .text.HAL_TIMEx_BreakCallback
                0x000000000800793c       0x14 ./Drivers/STM32L4xx_HAL_Driver/Src/stm32l4xx_hal_tim_ex.o
                0x000000000800793c                HAL_TIMEx_BreakCallback
 .text.HAL_TIMEx_Break2Callback
                0x0000000008007950       0x14 ./Drivers/STM32L4xx_HAL_Driver/Src/stm32l4xx_hal_tim_ex.o
                0x0000000008007950                HAL_TIMEx_Break2Callback
 .text.HAL_UART_Init
                0x0000000008007964       0x9c ./Drivers/STM32L4xx_HAL_Driver/Src/stm32l4xx_hal_uart.o
                0x0000000008007964                HAL_UART_Init
 .text.HAL_UART_Transmit
                0x0000000008007a00      0x114 ./Drivers/STM32L4xx_HAL_Driver/Src/stm32l4xx_hal_uart.o
                0x0000000008007a00                HAL_UART_Transmit
 .text.UART_SetConfig
                0x0000000008007b14      0x570 ./Drivers/STM32L4xx_HAL_Driver/Src/stm32l4xx_hal_uart.o
                0x0000000008007b14                UART_SetConfig
 .text.UART_AdvFeatureConfig
                0x0000000008008084      0x144 ./Drivers/STM32L4xx_HAL_Driver/Src/stm32l4xx_hal_uart.o
                0x0000000008008084                UART_AdvFeatureConfig
 .text.UART_CheckIdleState
                0x00000000080081c8      0x150 ./Drivers/STM32L4xx_HAL_Driver/Src/stm32l4xx_hal_uart.o
                0x00000000080081c8                UART_CheckIdleState
 .text.UART_WaitOnFlagUntilTimeout
                0x0000000008008318       0xce ./Drivers/STM32L4xx_HAL_Driver/Src/stm32l4xx_hal_uart.o
                0x0000000008008318                UART_WaitOnFlagUntilTimeout
 .text.UART_EndRxTransfer
                0x00000000080083e6       0xc8 ./Drivers/STM32L4xx_HAL_Driver/Src/stm32l4xx_hal_uart.o
 *fill*         0x00000000080084ae        0x2 
 .text.SysTick_Handler
                0x00000000080084b0       0x20 ./Middlewares/Third_Party/FreeRTOS/Source/CMSIS_RTOS_V2/cmsis_os2.o
                0x00000000080084b0                SysTick_Handler
 .text.vApplicationGetIdleTaskMemory
                0x00000000080084d0       0x34 ./Middlewares/Third_Party/FreeRTOS/Source/CMSIS_RTOS_V2/cmsis_os2.o
                0x00000000080084d0                vApplicationGetIdleTaskMemory
 .text.vApplicationGetTimerTaskMemory
                0x0000000008008504       0x34 ./Middlewares/Third_Party/FreeRTOS/Source/CMSIS_RTOS_V2/cmsis_os2.o
                0x0000000008008504                vApplicationGetTimerTaskMemory
 .text.vListInitialise
                0x0000000008008538       0x40 ./Middlewares/Third_Party/FreeRTOS/Source/list.o
                0x0000000008008538                vListInitialise
 .text.vListInitialiseItem
                0x0000000008008578       0x1a ./Middlewares/Third_Party/FreeRTOS/Source/list.o
                0x0000000008008578                vListInitialiseItem
 .text.vListInsertEnd
                0x0000000008008592       0x48 ./Middlewares/Third_Party/FreeRTOS/Source/list.o
                0x0000000008008592                vListInsertEnd
 .text.vListInsert
                0x00000000080085da       0x72 ./Middlewares/Third_Party/FreeRTOS/Source/list.o
                0x00000000080085da                vListInsert
 .text.uxListRemove
                0x000000000800864c       0x54 ./Middlewares/Third_Party/FreeRTOS/Source/list.o
                0x000000000800864c                uxListRemove
 .text.xQueueGenericReset
                0x00000000080086a0       0xd0 ./Middlewares/Third_Party/FreeRTOS/Source/queue.o
                0x00000000080086a0                xQueueGenericReset
 .text.xQueueGenericCreateStatic
                0x0000000008008770       0xf0 ./Middlewares/Third_Party/FreeRTOS/Source/queue.o
                0x0000000008008770                xQueueGenericCreateStatic
 .text.xQueueGenericCreate
                0x0000000008008860       0x74 ./Middlewares/Third_Party/FreeRTOS/Source/queue.o
                0x0000000008008860                xQueueGenericCreate
 .text.prvInitialiseNewQueue
                0x00000000080088d4       0x46 ./Middlewares/Third_Party/FreeRTOS/Source/queue.o
 *fill*         0x000000000800891a        0x2 
 .text.xQueueGenericSend
                0x000000000800891c      0x1fc ./Middlewares/Third_Party/FreeRTOS/Source/queue.o
                0x000000000800891c                xQueueGenericSend
 .text.xQueueGenericSendFromISR
                0x0000000008008b18      0x136 ./Middlewares/Third_Party/FreeRTOS/Source/queue.o
                0x0000000008008b18                xQueueGenericSendFromISR
 .text.xQueueGiveFromISR
                0x0000000008008c4e      0x11a ./Middlewares/Third_Party/FreeRTOS/Source/queue.o
                0x0000000008008c4e                xQueueGiveFromISR
 .text.xQueueReceive
                0x0000000008008d68      0x1c0 ./Middlewares/Third_Party/FreeRTOS/Source/queue.o
                0x0000000008008d68                xQueueReceive
 .text.xQueueSemaphoreTake
                0x0000000008008f28      0x218 ./Middlewares/Third_Party/FreeRTOS/Source/queue.o
                0x0000000008008f28                xQueueSemaphoreTake
 .text.prvGetDisinheritPriorityAfterTimeout
                0x0000000008009140       0x30 ./Middlewares/Third_Party/FreeRTOS/Source/queue.o
 .text.prvCopyDataToQueue
                0x0000000008009170       0xd4 ./Middlewares/Third_Party/FreeRTOS/Source/queue.o
 .text.prvCopyDataFromQueue
                0x0000000008009244       0x4c ./Middlewares/Third_Party/FreeRTOS/Source/queue.o
 .text.prvUnlockQueue
                0x0000000008009290       0xa4 ./Middlewares/Third_Party/FreeRTOS/Source/queue.o
 .text.prvIsQueueEmpty
                0x0000000008009334       0x2c ./Middlewares/Third_Party/FreeRTOS/Source/queue.o
 .text.prvIsQueueFull
                0x0000000008009360       0x30 ./Middlewares/Third_Party/FreeRTOS/Source/queue.o
 .text.vQueueAddToRegistry
                0x0000000008009390       0x54 ./Middlewares/Third_Party/FreeRTOS/Source/queue.o
                0x0000000008009390                vQueueAddToRegistry
 .text.vQueueWaitForMessageRestricted
                0x00000000080093e4       0x68 ./Middlewares/Third_Party/FreeRTOS/Source/queue.o
                0x00000000080093e4                vQueueWaitForMessageRestricted
 .text.xTaskCreateStatic
                0x000000000800944c       0xba ./Middlewares/Third_Party/FreeRTOS/Source/tasks.o
                0x000000000800944c                xTaskCreateStatic
 .text.xTaskCreate
                0x0000000008009506       0x8a ./Middlewares/Third_Party/FreeRTOS/Source/tasks.o
                0x0000000008009506                xTaskCreate
 .text.prvInitialiseNewTask
                0x0000000008009590      0x154 ./Middlewares/Third_Party/FreeRTOS/Source/tasks.o
 .text.prvAddNewTaskToReadyList
                0x00000000080096e4       0xe0 ./Middlewares/Third_Party/FreeRTOS/Source/tasks.o
 .text.vTaskDelay
                0x00000000080097c4       0x68 ./Middlewares/Third_Party/FreeRTOS/Source/tasks.o
                0x00000000080097c4                vTaskDelay
 .text.vTaskStartScheduler
                0x000000000800982c       0xe4 ./Middlewares/Third_Party/FreeRTOS/Source/tasks.o
                0x000000000800982c                vTaskStartScheduler
 .text.vTaskSuspendAll
                0x0000000008009910       0x1c ./Middlewares/Third_Party/FreeRTOS/Source/tasks.o
                0x0000000008009910                vTaskSuspendAll
 .text.xTaskResumeAll
                0x000000000800992c      0x13c ./Middlewares/Third_Party/FreeRTOS/Source/tasks.o
                0x000000000800992c                xTaskResumeAll
 .text.xTaskGetTickCount
                0x0000000008009a68       0x20 ./Middlewares/Third_Party/FreeRTOS/Source/tasks.o
                0x0000000008009a68                xTaskGetTickCount
 .text.xTaskIncrementTick
                0x0000000008009a88      0x174 ./Middlewares/Third_Party/FreeRTOS/Source/tasks.o
                0x0000000008009a88                xTaskIncrementTick
 .text.vTaskSwitchContext
                0x0000000008009bfc      0x100 ./Middlewares/Third_Party/FreeRTOS/Source/tasks.o
                0x0000000008009bfc                vTaskSwitchContext
 .text.vTaskPlaceOnEventList
                0x0000000008009cfc       0x48 ./Middlewares/Third_Party/FreeRTOS/Source/tasks.o
                0x0000000008009cfc                vTaskPlaceOnEventList
 .text.vTaskPlaceOnEventListRestricted
                0x0000000008009d44       0x58 ./Middlewares/Third_Party/FreeRTOS/Source/tasks.o
                0x0000000008009d44                vTaskPlaceOnEventListRestricted
 .text.xTaskRemoveFromEventList
                0x0000000008009d9c       0xc8 ./Middlewares/Third_Party/FreeRTOS/Source/tasks.o
                0x0000000008009d9c                xTaskRemoveFromEventList
 .text.vTaskInternalSetTimeOutState
                0x0000000008009e64       0x2c ./Middlewares/Third_Party/FreeRTOS/Source/tasks.o
                0x0000000008009e64                vTaskInternalSetTimeOutState
 .text.xTaskCheckForTimeOut
                0x0000000008009e90       0xc4 ./Middlewares/Third_Party/FreeRTOS/Source/tasks.o
                0x0000000008009e90                xTaskCheckForTimeOut
 .text.vTaskMissedYield
                0x0000000008009f54       0x18 ./Middlewares/Third_Party/FreeRTOS/Source/tasks.o
                0x0000000008009f54                vTaskMissedYield
 .text.prvIdleTask
                0x0000000008009f6c       0x30 ./Middlewares/Third_Party/FreeRTOS/Source/tasks.o
 .text.prvInitialiseTaskLists
                0x0000000008009f9c       0x80 ./Middlewares/Third_Party/FreeRTOS/Source/tasks.o
 .text.prvCheckTasksWaitingTermination
                0x000000000800a01c       0x5c ./Middlewares/Third_Party/FreeRTOS/Source/tasks.o
 .text.prvDeleteTCB
                0x000000000800a078       0x68 ./Middlewares/Third_Party/FreeRTOS/Source/tasks.o
 .text.prvResetNextTaskUnblockTime
                0x000000000800a0e0       0x40 ./Middlewares/Third_Party/FreeRTOS/Source/tasks.o
 .text.xTaskGetSchedulerState
                0x000000000800a120       0x3c ./Middlewares/Third_Party/FreeRTOS/Source/tasks.o
                0x000000000800a120                xTaskGetSchedulerState
 .text.xTaskPriorityInherit
                0x000000000800a15c       0xd0 ./Middlewares/Third_Party/FreeRTOS/Source/tasks.o
                0x000000000800a15c                xTaskPriorityInherit
 .text.xTaskPriorityDisinherit
                0x000000000800a22c       0xdc ./Middlewares/Third_Party/FreeRTOS/Source/tasks.o
                0x000000000800a22c                xTaskPriorityDisinherit
 .text.vTaskPriorityDisinheritAfterTimeout
                0x000000000800a308      0x104 ./Middlewares/Third_Party/FreeRTOS/Source/tasks.o
                0x000000000800a308                vTaskPriorityDisinheritAfterTimeout
 .text.pvTaskIncrementMutexHeldCount
                0x000000000800a40c       0x28 ./Middlewares/Third_Party/FreeRTOS/Source/tasks.o
                0x000000000800a40c                pvTaskIncrementMutexHeldCount
 .text.prvAddCurrentTaskToDelayedList
                0x000000000800a434       0xa8 ./Middlewares/Third_Party/FreeRTOS/Source/tasks.o
 .text.xTimerCreateTimerTask
                0x000000000800a4dc       0x90 ./Middlewares/Third_Party/FreeRTOS/Source/timers.o
                0x000000000800a4dc                xTimerCreateTimerTask
 .text.xTimerGenericCommand
                0x000000000800a56c       0x9c ./Middlewares/Third_Party/FreeRTOS/Source/timers.o
                0x000000000800a56c                xTimerGenericCommand
 .text.prvProcessExpiredTimer
                0x000000000800a608       0x98 ./Middlewares/Third_Party/FreeRTOS/Source/timers.o
 .text.prvTimerTask
                0x000000000800a6a0       0x24 ./Middlewares/Third_Party/FreeRTOS/Source/timers.o
 .text.prvProcessTimerOrBlockTask
                0x000000000800a6c4       0x9c ./Middlewares/Third_Party/FreeRTOS/Source/timers.o
 .text.prvGetNextExpireTime
                0x000000000800a760       0x48 ./Middlewares/Third_Party/FreeRTOS/Source/timers.o
 .text.prvSampleTimeNow
                0x000000000800a7a8       0x40 ./Middlewares/Third_Party/FreeRTOS/Source/timers.o
 .text.prvInsertTimerInActiveList
                0x000000000800a7e8       0x84 ./Middlewares/Third_Party/FreeRTOS/Source/timers.o
 .text.prvProcessReceivedCommands
                0x000000000800a86c      0x1c4 ./Middlewares/Third_Party/FreeRTOS/Source/timers.o
 .text.prvSwitchTimerLists
                0x000000000800aa30       0xc8 ./Middlewares/Third_Party/FreeRTOS/Source/timers.o
 .text.prvCheckForValidListAndQueue
                0x000000000800aaf8       0x80 ./Middlewares/Third_Party/FreeRTOS/Source/timers.o
 .text.pxPortInitialiseStack
                0x000000000800ab78       0x68 ./Middlewares/Third_Party/FreeRTOS/Source/portable/GCC/ARM_CM4F/port.o
                0x000000000800ab78                pxPortInitialiseStack
 .text.prvTaskExitError
                0x000000000800abe0       0x58 ./Middlewares/Third_Party/FreeRTOS/Source/portable/GCC/ARM_CM4F/port.o
 *fill*         0x000000000800ac38        0x8 
 .text.SVC_Handler
                0x000000000800ac40       0x28 ./Middlewares/Third_Party/FreeRTOS/Source/portable/GCC/ARM_CM4F/port.o
                0x000000000800ac40                SVC_Handler
 .text.prvPortStartFirstTask
                0x000000000800ac68       0x28 ./Middlewares/Third_Party/FreeRTOS/Source/portable/GCC/ARM_CM4F/port.o
 .text.xPortStartScheduler
                0x000000000800ac90      0x144 ./Middlewares/Third_Party/FreeRTOS/Source/portable/GCC/ARM_CM4F/port.o
                0x000000000800ac90                xPortStartScheduler
 .text.vPortEnterCritical
                0x000000000800add4       0x60 ./Middlewares/Third_Party/FreeRTOS/Source/portable/GCC/ARM_CM4F/port.o
                0x000000000800add4                vPortEnterCritical
 .text.vPortExitCritical
                0x000000000800ae34       0x54 ./Middlewares/Third_Party/FreeRTOS/Source/portable/GCC/ARM_CM4F/port.o
                0x000000000800ae34                vPortExitCritical
 *fill*         0x000000000800ae88        0x8 
 .text.PendSV_Handler
                0x000000000800ae90       0x68 ./Middlewares/Third_Party/FreeRTOS/Source/portable/GCC/ARM_CM4F/port.o
                0x000000000800ae90                PendSV_Handler
 .text.xPortSysTickHandler
                0x000000000800aef8       0x44 ./Middlewares/Third_Party/FreeRTOS/Source/portable/GCC/ARM_CM4F/port.o
                0x000000000800aef8                xPortSysTickHandler
 .text.vPortSetupTimerInterrupt
                0x000000000800af3c       0x48 ./Middlewares/Third_Party/FreeRTOS/Source/portable/GCC/ARM_CM4F/port.o
                0x000000000800af3c                vPortSetupTimerInterrupt
 .text.vPortEnableVFP
                0x000000000800af84       0x14 ./Middlewares/Third_Party/FreeRTOS/Source/portable/GCC/ARM_CM4F/port.o
 .text.vPortValidateInterruptPriority
                0x000000000800af98       0x80 ./Middlewares/Third_Party/FreeRTOS/Source/portable/GCC/ARM_CM4F/port.o
                0x000000000800af98                vPortValidateInterruptPriority
 .text.pvPortMalloc
                0x000000000800b018      0x198 ./Middlewares/Third_Party/FreeRTOS/Source/portable/MemMang/heap_4.o
                0x000000000800b018                pvPortMalloc
 .text.vPortFree
                0x000000000800b1b0       0xc4 ./Middlewares/Third_Party/FreeRTOS/Source/portable/MemMang/heap_4.o
                0x000000000800b1b0                vPortFree
 .text.prvHeapInit
                0x000000000800b274       0xc4 ./Middlewares/Third_Party/FreeRTOS/Source/portable/MemMang/heap_4.o
 .text.prvInsertBlockIntoFreeList
                0x000000000800b338       0xb4 ./Middlewares/Third_Party/FreeRTOS/Source/portable/MemMang/heap_4.o
 .text._strtol_l.constprop.0
                0x000000000800b3ec      0x104 C:/ST/STM32CubeIDE_1.14.0/STM32CubeIDE/plugins/com.st.stm32cube.ide.mcu.externaltools.gnu-tools-for-stm32.11.3.rel1.win32_1.1.100.202309141235/tools/bin/../lib/gcc/arm-none-eabi/11.3.1/../../../../arm-none-eabi/lib/thumb/v7e-m+fp/hard\libc_nano.a(libc_a-strtol.o)
 .text.strtol   0x000000000800b4f0       0x14 C:/ST/STM32CubeIDE_1.14.0/STM32CubeIDE/plugins/com.st.stm32cube.ide.mcu.externaltools.gnu-tools-for-stm32.11.3.rel1.win32_1.1.100.202309141235/tools/bin/../lib/gcc/arm-none-eabi/11.3.1/../../../../arm-none-eabi/lib/thumb/v7e-m+fp/hard\libc_nano.a(libc_a-strtol.o)
                0x000000000800b4f0                strtol
 .text._vsnprintf_r
                0x000000000800b504       0x56 C:/ST/STM32CubeIDE_1.14.0/STM32CubeIDE/plugins/com.st.stm32cube.ide.mcu.externaltools.gnu-tools-for-stm32.11.3.rel1.win32_1.1.100.202309141235/tools/bin/../lib/gcc/arm-none-eabi/11.3.1/../../../../arm-none-eabi/lib/thumb/v7e-m+fp/hard\libc_nano.a(libc_a-vsnprintf.o)
                0x000000000800b504                _vsniprintf_r
                0x000000000800b504                _vsnprintf_r
 *fill*         0x000000000800b55a        0x2 
 .text.vsnprintf
                0x000000000800b55c       0x1c C:/ST/STM32CubeIDE_1.14.0/STM32CubeIDE/plugins/com.st.stm32cube.ide.mcu.externaltools.gnu-tools-for-stm32.11.3.rel1.win32_1.1.100.202309141235/tools/bin/../lib/gcc/arm-none-eabi/11.3.1/../../../../arm-none-eabi/lib/thumb/v7e-m+fp/hard\libc_nano.a(libc_a-vsnprintf.o)
                0x000000000800b55c                vsniprintf
                0x000000000800b55c                vsnprintf
 .text.memset   0x000000000800b578       0x10 C:/ST/STM32CubeIDE_1.14.0/STM32CubeIDE/plugins/com.st.stm32cube.ide.mcu.externaltools.gnu-tools-for-stm32.11.3.rel1.win32_1.1.100.202309141235/tools/bin/../lib/gcc/arm-none-eabi/11.3.1/../../../../arm-none-eabi/lib/thumb/v7e-m+fp/hard\libc_nano.a(libc_a-memset.o)
                0x000000000800b578                memset
 .text._reclaim_reent
                0x000000000800b588       0xac C:/ST/STM32CubeIDE_1.14.0/STM32CubeIDE/plugins/com.st.stm32cube.ide.mcu.externaltools.gnu-tools-for-stm32.11.3.rel1.win32_1.1.100.202309141235/tools/bin/../lib/gcc/arm-none-eabi/11.3.1/../../../../arm-none-eabi/lib/thumb/v7e-m+fp/hard\libc_nano.a(libc_a-reent.o)
                0x000000000800b588                _reclaim_reent
 .text.__errno  0x000000000800b634        0xc C:/ST/STM32CubeIDE_1.14.0/STM32CubeIDE/plugins/com.st.stm32cube.ide.mcu.externaltools.gnu-tools-for-stm32.11.3.rel1.win32_1.1.100.202309141235/tools/bin/../lib/gcc/arm-none-eabi/11.3.1/../../../../arm-none-eabi/lib/thumb/v7e-m+fp/hard\libc_nano.a(libc_a-errno.o)
                0x000000000800b634                __errno
 .text.__libc_init_array
                0x000000000800b640       0x48 C:/ST/STM32CubeIDE_1.14.0/STM32CubeIDE/plugins/com.st.stm32cube.ide.mcu.externaltools.gnu-tools-for-stm32.11.3.rel1.win32_1.1.100.202309141235/tools/bin/../lib/gcc/arm-none-eabi/11.3.1/../../../../arm-none-eabi/lib/thumb/v7e-m+fp/hard\libc_nano.a(libc_a-init.o)
                0x000000000800b640                __libc_init_array
 .text.__retarget_lock_acquire_recursive
                0x000000000800b688        0x2 C:/ST/STM32CubeIDE_1.14.0/STM32CubeIDE/plugins/com.st.stm32cube.ide.mcu.externaltools.gnu-tools-for-stm32.11.3.rel1.win32_1.1.100.202309141235/tools/bin/../lib/gcc/arm-none-eabi/11.3.1/../../../../arm-none-eabi/lib/thumb/v7e-m+fp/hard\libc_nano.a(libc_a-lock.o)
                0x000000000800b688                __retarget_lock_acquire_recursive
 .text.__retarget_lock_release_recursive
                0x000000000800b68a        0x2 C:/ST/STM32CubeIDE_1.14.0/STM32CubeIDE/plugins/com.st.stm32cube.ide.mcu.externaltools.gnu-tools-for-stm32.11.3.rel1.win32_1.1.100.202309141235/tools/bin/../lib/gcc/arm-none-eabi/11.3.1/../../../../arm-none-eabi/lib/thumb/v7e-m+fp/hard\libc_nano.a(libc_a-lock.o)
                0x000000000800b68a                __retarget_lock_release_recursive
 .text.strcpy   0x000000000800b68c       0x10 C:/ST/STM32CubeIDE_1.14.0/STM32CubeIDE/plugins/com.st.stm32cube.ide.mcu.externaltools.gnu-tools-for-stm32.11.3.rel1.win32_1.1.100.202309141235/tools/bin/../lib/gcc/arm-none-eabi/11.3.1/../../../../arm-none-eabi/lib/thumb/v7e-m+fp/hard\libc_nano.a(libc_a-strcpy.o)
                0x000000000800b68c                strcpy
 .text.memcpy   0x000000000800b69c       0x1c C:/ST/STM32CubeIDE_1.14.0/STM32CubeIDE/plugins/com.st.stm32cube.ide.mcu.externaltools.gnu-tools-for-stm32.11.3.rel1.win32_1.1.100.202309141235/tools/bin/../lib/gcc/arm-none-eabi/11.3.1/../../../../arm-none-eabi/lib/thumb/v7e-m+fp/hard\libc_nano.a(libc_a-memcpy-stub.o)
                0x000000000800b69c                memcpy
 .text._free_r  0x000000000800b6b8       0x98 C:/ST/STM32CubeIDE_1.14.0/STM32CubeIDE/plugins/com.st.stm32cube.ide.mcu.externaltools.gnu-tools-for-stm32.11.3.rel1.win32_1.1.100.202309141235/tools/bin/../lib/gcc/arm-none-eabi/11.3.1/../../../../arm-none-eabi/lib/thumb/v7e-m+fp/hard\libc_nano.a(libc_a-freer.o)
                0x000000000800b6b8                _free_r
 .text.sbrk_aligned
                0x000000000800b750       0x40 C:/ST/STM32CubeIDE_1.14.0/STM32CubeIDE/plugins/com.st.stm32cube.ide.mcu.externaltools.gnu-tools-for-stm32.11.3.rel1.win32_1.1.100.202309141235/tools/bin/../lib/gcc/arm-none-eabi/11.3.1/../../../../arm-none-eabi/lib/thumb/v7e-m+fp/hard\libc_nano.a(libc_a-mallocr.o)
 .text._malloc_r
                0x000000000800b790      0x100 C:/ST/STM32CubeIDE_1.14.0/STM32CubeIDE/plugins/com.st.stm32cube.ide.mcu.externaltools.gnu-tools-for-stm32.11.3.rel1.win32_1.1.100.202309141235/tools/bin/../lib/gcc/arm-none-eabi/11.3.1/../../../../arm-none-eabi/lib/thumb/v7e-m+fp/hard\libc_nano.a(libc_a-mallocr.o)
                0x000000000800b790                _malloc_r
 .text.__malloc_lock
                0x000000000800b890        0xc C:/ST/STM32CubeIDE_1.14.0/STM32CubeIDE/plugins/com.st.stm32cube.ide.mcu.externaltools.gnu-tools-for-stm32.11.3.rel1.win32_1.1.100.202309141235/tools/bin/../lib/gcc/arm-none-eabi/11.3.1/../../../../arm-none-eabi/lib/thumb/v7e-m+fp/hard\libc_nano.a(libc_a-mlock.o)
                0x000000000800b890                __malloc_lock
 .text.__malloc_unlock
                0x000000000800b89c        0xc C:/ST/STM32CubeIDE_1.14.0/STM32CubeIDE/plugins/com.st.stm32cube.ide.mcu.externaltools.gnu-tools-for-stm32.11.3.rel1.win32_1.1.100.202309141235/tools/bin/../lib/gcc/arm-none-eabi/11.3.1/../../../../arm-none-eabi/lib/thumb/v7e-m+fp/hard\libc_nano.a(libc_a-mlock.o)
                0x000000000800b89c                __malloc_unlock
 .text.__ssputs_r
                0x000000000800b8a8       0xb4 C:/ST/STM32CubeIDE_1.14.0/STM32CubeIDE/plugins/com.st.stm32cube.ide.mcu.externaltools.gnu-tools-for-stm32.11.3.rel1.win32_1.1.100.202309141235/tools/bin/../lib/gcc/arm-none-eabi/11.3.1/../../../../arm-none-eabi/lib/thumb/v7e-m+fp/hard\libc_nano.a(libc_a-nano-svfprintf.o)
                0x000000000800b8a8                __ssputs_r
 .text._svfprintf_r
                0x000000000800b95c      0x1fc C:/ST/STM32CubeIDE_1.14.0/STM32CubeIDE/plugins/com.st.stm32cube.ide.mcu.externaltools.gnu-tools-for-stm32.11.3.rel1.win32_1.1.100.202309141235/tools/bin/../lib/gcc/arm-none-eabi/11.3.1/../../../../arm-none-eabi/lib/thumb/v7e-m+fp/hard\libc_nano.a(libc_a-nano-svfprintf.o)
                0x000000000800b95c                _svfiprintf_r
                0x000000000800b95c                _svfprintf_r
 .text._printf_common
                0x000000000800bb58       0xda C:/ST/STM32CubeIDE_1.14.0/STM32CubeIDE/plugins/com.st.stm32cube.ide.mcu.externaltools.gnu-tools-for-stm32.11.3.rel1.win32_1.1.100.202309141235/tools/bin/../lib/gcc/arm-none-eabi/11.3.1/../../../../arm-none-eabi/lib/thumb/v7e-m+fp/hard\libc_nano.a(libc_a-nano-vfprintf_i.o)
                0x000000000800bb58                _printf_common
 *fill*         0x000000000800bc32        0x2 
 .text._printf_i
                0x000000000800bc34      0x244 C:/ST/STM32CubeIDE_1.14.0/STM32CubeIDE/plugins/com.st.stm32cube.ide.mcu.externaltools.gnu-tools-for-stm32.11.3.rel1.win32_1.1.100.202309141235/tools/bin/../lib/gcc/arm-none-eabi/11.3.1/../../../../arm-none-eabi/lib/thumb/v7e-m+fp/hard\libc_nano.a(libc_a-nano-vfprintf_i.o)
                0x000000000800bc34                _printf_i
 .text.memmove  0x000000000800be78       0x34 C:/ST/STM32CubeIDE_1.14.0/STM32CubeIDE/plugins/com.st.stm32cube.ide.mcu.externaltools.gnu-tools-for-stm32.11.3.rel1.win32_1.1.100.202309141235/tools/bin/../lib/gcc/arm-none-eabi/11.3.1/../../../../arm-none-eabi/lib/thumb/v7e-m+fp/hard\libc_nano.a(libc_a-memmove.o)
                0x000000000800be78                memmove
 .text._sbrk_r  0x000000000800beac       0x20 C:/ST/STM32CubeIDE_1.14.0/STM32CubeIDE/plugins/com.st.stm32cube.ide.mcu.externaltools.gnu-tools-for-stm32.11.3.rel1.win32_1.1.100.202309141235/tools/bin/../lib/gcc/arm-none-eabi/11.3.1/../../../../arm-none-eabi/lib/thumb/v7e-m+fp/hard\libc_nano.a(libc_a-sbrkr.o)
                0x000000000800beac                _sbrk_r
 .text._realloc_r
                0x000000000800becc       0x5e C:/ST/STM32CubeIDE_1.14.0/STM32CubeIDE/plugins/com.st.stm32cube.ide.mcu.externaltools.gnu-tools-for-stm32.11.3.rel1.win32_1.1.100.202309141235/tools/bin/../lib/gcc/arm-none-eabi/11.3.1/../../../../arm-none-eabi/lib/thumb/v7e-m+fp/hard\libc_nano.a(libc_a-reallocr.o)
                0x000000000800becc                _realloc_r
 .text._malloc_usable_size_r
                0x000000000800bf2a       0x10 C:/ST/STM32CubeIDE_1.14.0/STM32CubeIDE/plugins/com.st.stm32cube.ide.mcu.externaltools.gnu-tools-for-stm32.11.3.rel1.win32_1.1.100.202309141235/tools/bin/../lib/gcc/arm-none-eabi/11.3.1/../../../../arm-none-eabi/lib/thumb/v7e-m+fp/hard\libc_nano.a(libc_a-msizer.o)
                0x000000000800bf2a                _malloc_usable_size_r
 *fill*         0x000000000800bf3a        0x2 
 .text.round    0x000000000800bf3c       0x90 C:/ST/STM32CubeIDE_1.14.0/STM32CubeIDE/plugins/com.st.stm32cube.ide.mcu.externaltools.gnu-tools-for-stm32.11.3.rel1.win32_1.1.100.202309141235/tools/bin/../lib/gcc/arm-none-eabi/11.3.1/../../../../arm-none-eabi/lib/thumb/v7e-m+fp/hard\libm.a(libm_a-s_round.o)
                0x000000000800bf3c                round
 *(.glue_7)
 .glue_7        0x000000000800bfcc        0x0 linker stubs
 *(.glue_7t)
 .glue_7t       0x000000000800bfcc        0x0 linker stubs
 *(.eh_frame)
 .eh_frame      0x000000000800bfcc        0x0 C:/ST/STM32CubeIDE_1.14.0/STM32CubeIDE/plugins/com.st.stm32cube.ide.mcu.externaltools.gnu-tools-for-stm32.11.3.rel1.win32_1.1.100.202309141235/tools/bin/../lib/gcc/arm-none-eabi/11.3.1/thumb/v7e-m+fp/hard/crtbegin.o
 *(.init)
 .init          0x000000000800bfcc        0x4 C:/ST/STM32CubeIDE_1.14.0/STM32CubeIDE/plugins/com.st.stm32cube.ide.mcu.externaltools.gnu-tools-for-stm32.11.3.rel1.win32_1.1.100.202309141235/tools/bin/../lib/gcc/arm-none-eabi/11.3.1/thumb/v7e-m+fp/hard/crti.o
                0x000000000800bfcc                _init
 .init          0x000000000800bfd0        0x8 C:/ST/STM32CubeIDE_1.14.0/STM32CubeIDE/plugins/com.st.stm32cube.ide.mcu.externaltools.gnu-tools-for-stm32.11.3.rel1.win32_1.1.100.202309141235/tools/bin/../lib/gcc/arm-none-eabi/11.3.1/thumb/v7e-m+fp/hard/crtn.o
 *(.fini)
 .fini          0x000000000800bfd8        0x4 C:/ST/STM32CubeIDE_1.14.0/STM32CubeIDE/plugins/com.st.stm32cube.ide.mcu.externaltools.gnu-tools-for-stm32.11.3.rel1.win32_1.1.100.202309141235/tools/bin/../lib/gcc/arm-none-eabi/11.3.1/thumb/v7e-m+fp/hard/crti.o
                0x000000000800bfd8                _fini
 .fini          0x000000000800bfdc        0x8 C:/ST/STM32CubeIDE_1.14.0/STM32CubeIDE/plugins/com.st.stm32cube.ide.mcu.externaltools.gnu-tools-for-stm32.11.3.rel1.win32_1.1.100.202309141235/tools/bin/../lib/gcc/arm-none-eabi/11.3.1/thumb/v7e-m+fp/hard/crtn.o
                0x000000000800bfe4                . = ALIGN (0x4)
                0x000000000800bfe4                _etext = .

.vfp11_veneer   0x000000000800bfe4        0x0
 .vfp11_veneer  0x000000000800bfe4        0x0 linker stubs

.v4_bx          0x000000000800bfe4        0x0
 .v4_bx         0x000000000800bfe4        0x0 linker stubs

.iplt           0x000000000800bfe4        0x0
 .iplt          0x000000000800bfe4        0x0 C:/ST/STM32CubeIDE_1.14.0/STM32CubeIDE/plugins/com.st.stm32cube.ide.mcu.externaltools.gnu-tools-for-stm32.11.3.rel1.win32_1.1.100.202309141235/tools/bin/../lib/gcc/arm-none-eabi/11.3.1/thumb/v7e-m+fp/hard/crtbegin.o

.rodata         0x000000000800bfe4      0x69c
                0x000000000800bfe4                . = ALIGN (0x4)
 *(.rodata)
 .rodata        0x000000000800bfe4      0x3ac ./Core/Src/main.o
 .rodata        0x000000000800c390        0x5 ./Middlewares/Third_Party/FreeRTOS/Source/tasks.o
 *fill*         0x000000000800c395        0x3 
 .rodata        0x000000000800c398        0xd ./Middlewares/Third_Party/FreeRTOS/Source/timers.o
 *(.rodata*)
 *fill*         0x000000000800c3a5        0x3 
 .rodata.AHBPrescTable
                0x000000000800c3a8       0x10 ./Core/Src/system_stm32l4xx.o
                0x000000000800c3a8                AHBPrescTable
 .rodata.APBPrescTable
                0x000000000800c3b8        0x8 ./Core/Src/system_stm32l4xx.o
                0x000000000800c3b8                APBPrescTable
 .rodata.MSIRangeTable
                0x000000000800c3c0       0x30 ./Core/Src/system_stm32l4xx.o
                0x000000000800c3c0                MSIRangeTable
 .rodata.s_vectcBandRegValue
                0x000000000800c3f0        0x4 ./Drivers/Drivers/BSP/Components/spirit1/SPIRIT1_Library/Src/SPIRIT_Management.o
 .rodata.s_vectcBHalfFactor
                0x000000000800c3f4        0x4 ./Drivers/Drivers/BSP/Components/spirit1/SPIRIT1_Library/Src/SPIRIT_Management.o
 .rodata.s_vectcBHalfFactor
                0x000000000800c3f8        0x4 ./Drivers/Drivers/BSP/Components/spirit1/SPIRIT1_Library/Src/SPIRIT_Radio.o
 .rodata.s_vectcBandRegValue
                0x000000000800c3fc        0x4 ./Drivers/Drivers/BSP/Components/spirit1/SPIRIT1_Library/Src/SPIRIT_Radio.o
 .rodata.s_vectnBandwidth26M
                0x000000000800c400       0xb4 ./Drivers/Drivers/BSP/Components/spirit1/SPIRIT1_Library/Src/SPIRIT_Radio.o
 .rodata.s_vectnVCOFreq
                0x000000000800c4b4       0x20 ./Drivers/Drivers/BSP/Components/spirit1/SPIRIT1_Library/Src/SPIRIT_Radio.o
 .rodata.fPowerFactors
                0x000000000800c4d4       0x78 ./Drivers/Drivers/BSP/Components/spirit1/SPIRIT1_Library/Src/SPIRIT_Radio.o
 .rodata._ctype_
                0x000000000800c54c      0x101 C:/ST/STM32CubeIDE_1.14.0/STM32CubeIDE/plugins/com.st.stm32cube.ide.mcu.externaltools.gnu-tools-for-stm32.11.3.rel1.win32_1.1.100.202309141235/tools/bin/../lib/gcc/arm-none-eabi/11.3.1/../../../../arm-none-eabi/lib/thumb/v7e-m+fp/hard\libc_nano.a(libc_a-ctype_.o)
                0x000000000800c54c                _ctype_
 .rodata._svfprintf_r.str1.1
                0x000000000800c64d       0x11 C:/ST/STM32CubeIDE_1.14.0/STM32CubeIDE/plugins/com.st.stm32cube.ide.mcu.externaltools.gnu-tools-for-stm32.11.3.rel1.win32_1.1.100.202309141235/tools/bin/../lib/gcc/arm-none-eabi/11.3.1/../../../../arm-none-eabi/lib/thumb/v7e-m+fp/hard\libc_nano.a(libc_a-nano-svfprintf.o)
 .rodata._printf_i.str1.1
                0x000000000800c65e       0x22 C:/ST/STM32CubeIDE_1.14.0/STM32CubeIDE/plugins/com.st.stm32cube.ide.mcu.externaltools.gnu-tools-for-stm32.11.3.rel1.win32_1.1.100.202309141235/tools/bin/../lib/gcc/arm-none-eabi/11.3.1/../../../../arm-none-eabi/lib/thumb/v7e-m+fp/hard\libc_nano.a(libc_a-nano-vfprintf_i.o)
                0x000000000800c680                . = ALIGN (0x4)

.ARM.extab      0x000000000800c680        0x0
                0x000000000800c680                . = ALIGN (0x4)
 *(.ARM.extab* .gnu.linkonce.armextab.*)
                0x000000000800c680                . = ALIGN (0x4)

.ARM            0x000000000800c680        0x8
                0x000000000800c680                . = ALIGN (0x4)
                0x000000000800c680                __exidx_start = .
 *(.ARM.exidx*)
 .ARM.exidx     0x000000000800c680        0x8 C:/ST/STM32CubeIDE_1.14.0/STM32CubeIDE/plugins/com.st.stm32cube.ide.mcu.externaltools.gnu-tools-for-stm32.11.3.rel1.win32_1.1.100.202309141235/tools/bin/../lib/gcc/arm-none-eabi/11.3.1/thumb/v7e-m+fp/hard\libgcc.a(_udivmoddi4.o)
                0x000000000800c688                __exidx_end = .
                0x000000000800c688                . = ALIGN (0x4)

.rel.dyn        0x000000000800c688        0x0
 .rel.iplt      0x000000000800c688        0x0 C:/ST/STM32CubeIDE_1.14.0/STM32CubeIDE/plugins/com.st.stm32cube.ide.mcu.externaltools.gnu-tools-for-stm32.11.3.rel1.win32_1.1.100.202309141235/tools/bin/../lib/gcc/arm-none-eabi/11.3.1/thumb/v7e-m+fp/hard/crtbegin.o

.preinit_array  0x000000000800c688        0x0
                0x000000000800c688                . = ALIGN (0x4)
                0x000000000800c688                PROVIDE (__preinit_array_start = .)
 *(.preinit_array*)
                0x000000000800c688                PROVIDE (__preinit_array_end = .)
                0x000000000800c688                . = ALIGN (0x4)

.init_array     0x000000000800c688        0x4
                0x000000000800c688                . = ALIGN (0x4)
                0x000000000800c688                PROVIDE (__init_array_start = .)
 *(SORT_BY_NAME(.init_array.*))
 *(.init_array*)
 .init_array    0x000000000800c688        0x4 C:/ST/STM32CubeIDE_1.14.0/STM32CubeIDE/plugins/com.st.stm32cube.ide.mcu.externaltools.gnu-tools-for-stm32.11.3.rel1.win32_1.1.100.202309141235/tools/bin/../lib/gcc/arm-none-eabi/11.3.1/thumb/v7e-m+fp/hard/crtbegin.o
                0x000000000800c68c                PROVIDE (__init_array_end = .)
                0x000000000800c68c                . = ALIGN (0x4)

.fini_array     0x000000000800c68c        0x4
                0x000000000800c68c                . = ALIGN (0x4)
                [!provide]                        PROVIDE (__fini_array_start = .)
 *(SORT_BY_NAME(.fini_array.*))
 *(.fini_array*)
 .fini_array    0x000000000800c68c        0x4 C:/ST/STM32CubeIDE_1.14.0/STM32CubeIDE/plugins/com.st.stm32cube.ide.mcu.externaltools.gnu-tools-for-stm32.11.3.rel1.win32_1.1.100.202309141235/tools/bin/../lib/gcc/arm-none-eabi/11.3.1/thumb/v7e-m+fp/hard/crtbegin.o
                [!provide]                        PROVIDE (__fini_array_end = .)
                0x000000000800c690                . = ALIGN (0x4)
                0x000000000800c690                _sidata = LOADADDR (.data)

.data           0x0000000020000000      0x3ac load address 0x000000000800c690
                0x0000000020000000                . = ALIGN (0x4)
                0x0000000020000000                _sdata = .
 *(.data)
 *(.data*)
 .data.currentUser
                0x0000000020000000        0x1 ./Core/Src/main.o
                0x0000000020000000                currentUser
 *fill*         0x0000000020000001        0x3 
 .data.names    0x0000000020000004      0x328 ./Core/Src/main.o
                0x0000000020000004                names
 .data.myUsername
                0x000000002000032c       0x15 ./Core/Src/main.o
                0x000000002000032c                myUsername
 *fill*         0x0000000020000341        0x3 
 .data.SystemCoreClock
                0x0000000020000344        0x4 ./Core/Src/system_stm32l4xx.o
                0x0000000020000344                SystemCoreClock
 .data.s_cCommunicationState
                0x0000000020000348        0x1 ./Drivers/Drivers/BSP/Components/spirit1/SPIRIT1_Library/Src/SPIRIT_Management.o
 .data.xDoVcoCalibrationWA
                0x0000000020000349        0x1 ./Drivers/Drivers/BSP/Components/spirit1/SPIRIT1_Library/Src/SPIRIT_Radio.o
 *fill*         0x000000002000034a        0x2 
 .data.radioSpi
                0x000000002000034c        0x4 ./Drivers/Drivers/BSP/Components/spirit1/radio_target.o
                0x000000002000034c                radioSpi
 .data.uwTickPrio
                0x0000000020000350        0x4 ./Drivers/STM32L4xx_HAL_Driver/Src/stm32l4xx_hal.o
                0x0000000020000350                uwTickPrio
 .data.uwTickFreq
                0x0000000020000354        0x1 ./Drivers/STM32L4xx_HAL_Driver/Src/stm32l4xx_hal.o
                0x0000000020000354                uwTickFreq
 *fill*         0x0000000020000355        0x3 
 .data.uxCriticalNesting
                0x0000000020000358        0x4 ./Middlewares/Third_Party/FreeRTOS/Source/portable/GCC/ARM_CM4F/port.o
 .data._impure_data
                0x000000002000035c       0x4c C:/ST/STM32CubeIDE_1.14.0/STM32CubeIDE/plugins/com.st.stm32cube.ide.mcu.externaltools.gnu-tools-for-stm32.11.3.rel1.win32_1.1.100.202309141235/tools/bin/../lib/gcc/arm-none-eabi/11.3.1/../../../../arm-none-eabi/lib/thumb/v7e-m+fp/hard\libc_nano.a(libc_a-impure.o)
                0x000000002000035c                _impure_data
 .data._impure_ptr
                0x00000000200003a8        0x4 C:/ST/STM32CubeIDE_1.14.0/STM32CubeIDE/plugins/com.st.stm32cube.ide.mcu.externaltools.gnu-tools-for-stm32.11.3.rel1.win32_1.1.100.202309141235/tools/bin/../lib/gcc/arm-none-eabi/11.3.1/../../../../arm-none-eabi/lib/thumb/v7e-m+fp/hard\libc_nano.a(libc_a-impure.o)
                0x00000000200003a8                _impure_ptr
 *(.RamFunc)
 *(.RamFunc*)
                0x00000000200003ac                . = ALIGN (0x4)
                0x00000000200003ac                _edata = .

.igot.plt       0x00000000200003ac        0x0 load address 0x000000000800ca3c
 .igot.plt      0x00000000200003ac        0x0 C:/ST/STM32CubeIDE_1.14.0/STM32CubeIDE/plugins/com.st.stm32cube.ide.mcu.externaltools.gnu-tools-for-stm32.11.3.rel1.win32_1.1.100.202309141235/tools/bin/../lib/gcc/arm-none-eabi/11.3.1/thumb/v7e-m+fp/hard/crtbegin.o
                0x00000000200003ac                . = ALIGN (0x4)

.bss            0x00000000200003ac     0x4118 load address 0x000000000800ca3c
                0x00000000200003ac                _sbss = .
                0x00000000200003ac                __bss_start__ = _sbss
 *(.bss)
 .bss           0x00000000200003ac       0x1c C:/ST/STM32CubeIDE_1.14.0/STM32CubeIDE/plugins/com.st.stm32cube.ide.mcu.externaltools.gnu-tools-for-stm32.11.3.rel1.win32_1.1.100.202309141235/tools/bin/../lib/gcc/arm-none-eabi/11.3.1/thumb/v7e-m+fp/hard/crtbegin.o
 *(.bss*)
 .bss.Task_TXHandler
                0x00000000200003c8        0x4 ./Core/Src/main.o
                0x00000000200003c8                Task_TXHandler
 .bss.Task_RXHandler
                0x00000000200003cc        0x4 ./Core/Src/main.o
                0x00000000200003cc                Task_RXHandler
 .bss.Task_HBHandler
                0x00000000200003d0        0x4 ./Core/Src/main.o
                0x00000000200003d0                Task_HBHandler
 .bss.FLAG_SPIRIT
                0x00000000200003d4        0x4 ./Core/Src/main.o
                0x00000000200003d4                FLAG_SPIRIT
 .bss.usersOnline
                0x00000000200003d8     0x2000 ./Core/Src/main.o
                0x00000000200003d8                usersOnline
 .bss.startTime
                0x00000000200023d8        0x4 ./Core/Src/main.o
                0x00000000200023d8                startTime
 .bss.skinSuit  0x00000000200023dc        0x1 ./Core/Src/main.o
                0x00000000200023dc                skinSuit
 *fill*         0x00000000200023dd        0x3 
 .bss.TXq       0x00000000200023e0       0x30 ./Core/Src/main.o
                0x00000000200023e0                TXq
 .bss.currentReadTX
                0x0000000020002410        0x4 ./Core/Src/main.o
                0x0000000020002410                currentReadTX
 .bss.currentWriteTX
                0x0000000020002414        0x4 ./Core/Src/main.o
                0x0000000020002414                currentWriteTX
 .bss.userInput
                0x0000000020002418       0x64 ./Core/Src/main.o
                0x0000000020002418                userInput
 .bss.userInputPos
                0x000000002000247c        0x4 ./Core/Src/main.o
                0x000000002000247c                userInputPos
 .bss.buffer.1  0x0000000020002480      0x400 ./Core/Src/main.o
 .bss.i.0       0x0000000020002880        0x4 ./Core/Src/main.o
 .bss.hspi1     0x0000000020002884       0x64 ./Core/Src/spi.o
                0x0000000020002884                hspi1
 .bss.htim16    0x00000000200028e8       0x4c ./Core/Src/stm32l4xx_hal_timebase_tim.o
                0x00000000200028e8                htim16
 .bss.__sbrk_heap_end
                0x0000000020002934        0x4 ./Core/Src/sysmem.o
 .bss.huart2    0x0000000020002938       0x88 ./Core/Src/usart.o
                0x0000000020002938                huart2
 .bss.s_nDesiredFrequency
                0x00000000200029c0        0x4 ./Drivers/Drivers/BSP/Components/spirit1/SPIRIT1_Library/Src/SPIRIT_Management.o
 .bss.s_lXtalFrequency
                0x00000000200029c4        0x4 ./Drivers/Drivers/BSP/Components/spirit1/SPIRIT1_Library/Src/SPIRIT_Radio.o
 .bss.g_xStatus
                0x00000000200029c8        0x2 ./Drivers/Drivers/BSP/Components/spirit1/SPIRIT1_Library/Src/SPIRIT_Types.o
                0x00000000200029c8                g_xStatus
 *fill*         0x00000000200029ca        0x2 
 .bss.uwTick    0x00000000200029cc        0x4 ./Drivers/STM32L4xx_HAL_Driver/Src/stm32l4xx_hal.o
                0x00000000200029cc                uwTick
 .bss.Idle_TCB.3
                0x00000000200029d0       0xac ./Middlewares/Third_Party/FreeRTOS/Source/CMSIS_RTOS_V2/cmsis_os2.o
 .bss.Idle_Stack.2
                0x0000000020002a7c      0x200 ./Middlewares/Third_Party/FreeRTOS/Source/CMSIS_RTOS_V2/cmsis_os2.o
 .bss.Timer_TCB.1
                0x0000000020002c7c       0xac ./Middlewares/Third_Party/FreeRTOS/Source/CMSIS_RTOS_V2/cmsis_os2.o
 .bss.Timer_Stack.0
                0x0000000020002d28      0x400 ./Middlewares/Third_Party/FreeRTOS/Source/CMSIS_RTOS_V2/cmsis_os2.o
 .bss.xQueueRegistry
                0x0000000020003128       0x40 ./Middlewares/Third_Party/FreeRTOS/Source/queue.o
                0x0000000020003128                xQueueRegistry
 .bss.pxCurrentTCB
                0x0000000020003168        0x4 ./Middlewares/Third_Party/FreeRTOS/Source/tasks.o
                0x0000000020003168                pxCurrentTCB
 .bss.pxReadyTasksLists
                0x000000002000316c      0x460 ./Middlewares/Third_Party/FreeRTOS/Source/tasks.o
 .bss.xDelayedTaskList1
                0x00000000200035cc       0x14 ./Middlewares/Third_Party/FreeRTOS/Source/tasks.o
 .bss.xDelayedTaskList2
                0x00000000200035e0       0x14 ./Middlewares/Third_Party/FreeRTOS/Source/tasks.o
 .bss.pxDelayedTaskList
                0x00000000200035f4        0x4 ./Middlewares/Third_Party/FreeRTOS/Source/tasks.o
 .bss.pxOverflowDelayedTaskList
                0x00000000200035f8        0x4 ./Middlewares/Third_Party/FreeRTOS/Source/tasks.o
 .bss.xPendingReadyList
                0x00000000200035fc       0x14 ./Middlewares/Third_Party/FreeRTOS/Source/tasks.o
 .bss.xTasksWaitingTermination
                0x0000000020003610       0x14 ./Middlewares/Third_Party/FreeRTOS/Source/tasks.o
 .bss.uxDeletedTasksWaitingCleanUp
                0x0000000020003624        0x4 ./Middlewares/Third_Party/FreeRTOS/Source/tasks.o
 .bss.xSuspendedTaskList
                0x0000000020003628       0x14 ./Middlewares/Third_Party/FreeRTOS/Source/tasks.o
 .bss.uxCurrentNumberOfTasks
                0x000000002000363c        0x4 ./Middlewares/Third_Party/FreeRTOS/Source/tasks.o
 .bss.xTickCount
                0x0000000020003640        0x4 ./Middlewares/Third_Party/FreeRTOS/Source/tasks.o
 .bss.uxTopReadyPriority
                0x0000000020003644        0x4 ./Middlewares/Third_Party/FreeRTOS/Source/tasks.o
 .bss.xSchedulerRunning
                0x0000000020003648        0x4 ./Middlewares/Third_Party/FreeRTOS/Source/tasks.o
 .bss.xPendedTicks
                0x000000002000364c        0x4 ./Middlewares/Third_Party/FreeRTOS/Source/tasks.o
 .bss.xYieldPending
                0x0000000020003650        0x4 ./Middlewares/Third_Party/FreeRTOS/Source/tasks.o
 .bss.xNumOfOverflows
                0x0000000020003654        0x4 ./Middlewares/Third_Party/FreeRTOS/Source/tasks.o
 .bss.uxTaskNumber
                0x0000000020003658        0x4 ./Middlewares/Third_Party/FreeRTOS/Source/tasks.o
 .bss.xNextTaskUnblockTime
                0x000000002000365c        0x4 ./Middlewares/Third_Party/FreeRTOS/Source/tasks.o
 .bss.xIdleTaskHandle
                0x0000000020003660        0x4 ./Middlewares/Third_Party/FreeRTOS/Source/tasks.o
 .bss.uxSchedulerSuspended
                0x0000000020003664        0x4 ./Middlewares/Third_Party/FreeRTOS/Source/tasks.o
 .bss.ulTaskSwitchedInTime
                0x0000000020003668        0x4 ./Middlewares/Third_Party/FreeRTOS/Source/tasks.o
 .bss.ulTotalRunTime
                0x000000002000366c        0x4 ./Middlewares/Third_Party/FreeRTOS/Source/tasks.o
 .bss.xActiveTimerList1
                0x0000000020003670       0x14 ./Middlewares/Third_Party/FreeRTOS/Source/timers.o
 .bss.xActiveTimerList2
                0x0000000020003684       0x14 ./Middlewares/Third_Party/FreeRTOS/Source/timers.o
 .bss.pxCurrentTimerList
                0x0000000020003698        0x4 ./Middlewares/Third_Party/FreeRTOS/Source/timers.o
 .bss.pxOverflowTimerList
                0x000000002000369c        0x4 ./Middlewares/Third_Party/FreeRTOS/Source/timers.o
 .bss.xTimerQueue
                0x00000000200036a0        0x4 ./Middlewares/Third_Party/FreeRTOS/Source/timers.o
 .bss.xTimerTaskHandle
                0x00000000200036a4        0x4 ./Middlewares/Third_Party/FreeRTOS/Source/timers.o
 .bss.xLastTime.2