../Drivers/Drivers/BSP/Components/spirit1/SPIRIT1_Library/Src/SPIRIT_Calibration.c:120:6:SpiritCalibrationRco	24	static
../Drivers/Drivers/BSP/Components/spirit1/SPIRIT1_Library/Src/SPIRIT_Calibration.c:152:6:SpiritCalibrationVco	24	static
../Drivers/Drivers/BSP/Components/spirit1/SPIRIT1_Library/Src/SPIRIT_Calibration.c:182:6:SpiritCalibrationSetRcoCalWords	24	static
../Drivers/Drivers/BSP/Components/spirit1/SPIRIT1_Library/Src/SPIRIT_Calibration.c:209:6:SpiritCalibrationGetRcoCalWords	24	static
../Drivers/Drivers/BSP/Components/spirit1/SPIRIT1_Library/Src/SPIRIT_Calibration.c:229:9:SpiritCalibrationGetVcoCalData	16	static
../Drivers/Drivers/BSP/Components/spirit1/SPIRIT1_Library/Src/SPIRIT_Calibration.c:247:6:SpiritCalibrationSetVcoCalDataTx	24	static
../Drivers/Drivers/BSP/Components/spirit1/SPIRIT1_Library/Src/SPIRIT_Calibration.c:269:9:SpiritCalibrationGetVcoCalDataTx	16	static
../Drivers/Drivers/BSP/Components/spirit1/SPIRIT1_Library/Src/SPIRIT_Calibration.c:288:6:SpiritCalibrationSetVcoCalDataRx	24	static
../Drivers/Drivers/BSP/Components/spirit1/SPIRIT1_Library/Src/SPIRIT_Calibration.c:310:9:SpiritCalibrationGetVcoCalDataRx	16	static
../Drivers/Drivers/BSP/Components/spirit1/SPIRIT1_Library/Src/SPIRIT_Calibration.c:329:6:SpiritCalibrationSelectVco	24	static
../Drivers/Drivers/BSP/Components/spirit1/SPIRIT1_Library/Src/SPIRIT_Calibration.c:361:8:SpiritCalibrationGetVcoSelecttion	16	static
