../Core/Src/main.c:44:6:HAL_GPIO_EXTI_Callback	24	static,ignoring_inline_asm
../Core/Src/main.c:77:6:USART2_IRQHandler	16	static
../Core/Src/main.c:120:6:Task_TX	128	static
../Core/Src/main.c:156:6:Task_RX	16	static
../Core/Src/main.c:166:6:Task_HandleUpdates	16	static
../Core/Src/main.c:182:6:Task_BeatHeart	16	static
../Core/Src/main.c:198:5:main	24	static,ignoring_inline_asm
../Core/Src/main.c:273:6:createPayload	32	static
../Core/Src/main.c:291:6:confirm_TX	8	static
../Core/Src/main.c:349:6:get_RX	16	static
../Core/Src/main.c:373:6:handle_RX	64	static
../Core/Src/main.c:457:6:printUsersOnline	32	static
../Core/Src/main.c:475:6:reapUsers	16	static
../Core/Src/main.c:494:6:handleCommand	32	static
../Core/Src/main.c:556:6:impersonate	8	static
../Core/Src/main.c:571:6:virus	8	static
../Core/Src/main.c:614:6:SystemClock_Config	96	static
../Core/Src/main.c:672:6:HAL_TIM_PeriodElapsedCallback	16	static
../Core/Src/main.c:689:6:Error_Handler	4	static,ignoring_inline_asm
