../Drivers/CMSIS/Include/core_cm4.h:1809:22:__NVIC_SetPriority	16	static
../Drivers/CMSIS/Include/core_cm4.h:1856:26:NVIC_EncodePriority	40	static
../Core/Src/main.c:48:6:RTOS_ISR_setPriority	24	static
../Core/Src/main.c:193:6:HAL_GPIO_EXTI_Callback	24	static,ignoring_inline_asm
../Core/Src/main.c:249:6:confirm_TX	8	static
../Core/Src/main.c:285:6:Task_TX	128	static
../Core/Src/main.c:327:6:printUsersOnline	32	static
../Core/Src/main.c:340:6:reapUsers	16	static
../Core/Src/main.c:357:6:get_RX	160	static
../Core/Src/main.c:420:6:Task_RX	16	static
../Core/Src/main.c:431:6:Task_BeatHeart	16	static
../Core/Src/main.c:454:6:createPayload	32	static
../Core/Src/main.c:475:5:main	24	static,ignoring_inline_asm
../Core/Src/main.c:547:6:USART2_IRQHandler	16	static
../Core/Src/main.c:583:6:impersonate	16	static
../Core/Src/main.c:619:6:handleCommand	32	static
../Core/Src/main.c:666:6:split_string	32	static
../Core/Src/main.c:695:6:myHAL_UART_printf	16	static
../Core/Src/main.c:715:6:myHAL_UART_clear	24	static
../Core/Src/main.c:721:6:SpiritGotoReadyState	8	static
../Core/Src/main.c:773:6:SystemClock_Config	96	static
../Core/Src/main.c:831:6:HAL_TIM_PeriodElapsedCallback	16	static
../Core/Src/main.c:848:6:Error_Handler	4	static,ignoring_inline_asm
