../Drivers/CMSIS/Include/core_cm4.h:1809:22:__NVIC_SetPriority	16	static
../Drivers/CMSIS/Include/core_cm4.h:1856:26:NVIC_EncodePriority	40	static
../Core/Src/main.c:84:6:RTOS_ISR_setPriority	24	static
../Core/Src/main.c:192:6:HAL_GPIO_EXTI_Callback	24	static,ignoring_inline_asm
../Core/Src/main.c:237:6:confirm_TX	8	static
../Core/Src/main.c:252:6:Task_TX	128	static
../Core/Src/main.c:289:6:printUsersOnline	32	static
../Core/Src/main.c:301:6:reapUsers	16	static
../Core/Src/main.c:315:6:Task_printUsers	16	static
../Core/Src/main.c:326:6:get_RX	152	static
../Core/Src/main.c:380:6:Task_RX	16	static
../Core/Src/main.c:391:6:Task_BeatHeart	16	static
../Core/Src/main.c:399:6:createPayload	32	static
../Core/Src/main.c:420:5:main	24	static,ignoring_inline_asm
../Core/Src/main.c:506:6:USART2_IRQHandler	16	static
../Core/Src/main.c:532:6:impersonate	24	static
../Core/Src/main.c:561:6:handleCommand	24	static
../Core/Src/main.c:616:6:myHAL_UART_printf	16	static
../Core/Src/main.c:636:6:myHAL_UART_clear	24	static
../Core/Src/main.c:642:6:SpiritGotoReadyState	8	static
../Core/Src/main.c:694:6:SystemClock_Config	96	static
../Core/Src/main.c:752:6:HAL_TIM_PeriodElapsedCallback	16	static
../Core/Src/main.c:769:6:Error_Handler	4	static,ignoring_inline_asm
