../Drivers/CMSIS/Include/core_cm4.h:1809:22:__NVIC_SetPriority	16	static
../Drivers/CMSIS/Include/core_cm4.h:1856:26:NVIC_EncodePriority	40	static
../Core/Src/main.c:48:6:RTOS_ISR_setPriority	24	static
../Core/Src/main.c:194:6:HAL_GPIO_EXTI_Callback	24	static,ignoring_inline_asm
../Core/Src/main.c:253:6:confirm_TX	8	static
../Core/Src/main.c:289:6:Task_TX	128	static
../Core/Src/main.c:331:6:printUsersOnline	32	static
../Core/Src/main.c:344:6:reapUsers	16	static
../Core/Src/main.c:360:6:get_RX	16	static
../Core/Src/main.c:385:6:handle_RX	56	static
../Core/Src/main.c:448:6:Task_RX	16	static
../Core/Src/main.c:460:6:Task_BeatHeart	16	static
../Core/Src/main.c:492:6:createPayload	32	static
../Core/Src/main.c:513:5:main	24	static,ignoring_inline_asm
../Core/Src/main.c:585:6:USART2_IRQHandler	16	static
../Core/Src/main.c:621:6:impersonate	16	static
../Core/Src/main.c:657:6:handleCommand	32	static
../Core/Src/main.c:704:6:split_string	32	static
../Core/Src/main.c:733:6:myHAL_UART_printf	16	static
../Core/Src/main.c:753:6:myHAL_UART_clear	24	static
../Core/Src/main.c:759:6:SpiritGotoReadyState	8	static
../Core/Src/main.c:811:6:SystemClock_Config	96	static
../Core/Src/main.c:869:6:HAL_TIM_PeriodElapsedCallback	16	static
../Core/Src/main.c:886:6:Error_Handler	4	static,ignoring_inline_asm
