../Drivers/CMSIS/Include/core_cm4.h:1809:22:__NVIC_SetPriority	16	static
../Drivers/CMSIS/Include/core_cm4.h:1856:26:NVIC_EncodePriority	40	static
../Core/Src/main.c:59:6:RTOS_ISR_setPriority	24	static
../Core/Src/main.c:166:6:myHAL_UART_printf	16	static
../Core/Src/main.c:186:6:myHAL_UART_clear	24	static
../Core/Src/main.c:192:6:SpiritGotoReadyState	8	static
../Core/Src/main.c:215:6:HAL_GPIO_EXTI_Callback	24	static,ignoring_inline_asm
../Core/Src/main.c:260:6:confirm_TX	8	static
../Core/Src/main.c:275:6:Task_TX	128	static
../Core/Src/main.c:312:6:printUsersOnline	32	static
../Core/Src/main.c:324:6:reapUsers	16	static
../Core/Src/main.c:338:6:Task_printUsers	16	static
../Core/Src/main.c:349:6:get_RX	152	static
../Core/Src/main.c:403:6:Task_RX	16	static
../Core/Src/main.c:414:6:Task_BeatHeart	16	static
../Core/Src/main.c:422:6:createPayload	32	static
../Core/Src/main.c:443:5:main	24	static,ignoring_inline_asm
../Core/Src/main.c:531:6:USART2_IRQHandler	16	static
../Core/Src/main.c:557:6:impersonate	24	static
../Core/Src/main.c:586:6:handleCommand	24	static
../Core/Src/main.c:673:6:SystemClock_Config	96	static
../Core/Src/main.c:731:6:HAL_TIM_PeriodElapsedCallback	16	static
../Core/Src/main.c:748:6:Error_Handler	4	static,ignoring_inline_asm
