../Core/Src/main.c:50:6:HAL_GPIO_EXTI_Callback	24	static,ignoring_inline_asm
../Core/Src/main.c:87:6:USART2_IRQHandler	16	static
../Core/Src/main.c:136:6:Task_TX	128	static
../Core/Src/main.c:178:6:Task_RX	16	static
../Core/Src/main.c:191:6:Task_HandleUpdates	16	static
../Core/Src/main.c:209:6:Task_BeatHeart	16	static
../Core/Src/main.c:229:5:main	24	static,ignoring_inline_asm
../Core/Src/main.c:307:6:createPayload	32	static
../Core/Src/main.c:328:6:confirm_TX	8	static
../Core/Src/main.c:391:6:get_RX	16	static
../Core/Src/main.c:421:6:handle_RX	32	static
../Core/Src/main.c:514:6:printUsersOnline	32	static
../Core/Src/main.c:537:6:reapUsers	16	static
../Core/Src/main.c:568:6:handleCommand	32	static
../Core/Src/main.c:635:6:impersonate	8	static
../Core/Src/main.c:654:6:virus	8	static
../Core/Src/main.c:697:6:SystemClock_Config	96	static
../Core/Src/main.c:755:6:HAL_TIM_PeriodElapsedCallback	16	static
../Core/Src/main.c:772:6:Error_Handler	4	static,ignoring_inline_asm
