../Drivers/CMSIS/Include/core_cm4.h:1809:22:__NVIC_SetPriority	16	static
../Drivers/CMSIS/Include/core_cm4.h:1856:26:NVIC_EncodePriority	40	static
../Core/Src/main.c:58:6:RTOS_ISR_setPriority	24	static
../Core/Src/main.c:148:13:getName	16	static
../Core/Src/main.c:156:6:myHAL_UART_printf	16	static
../Core/Src/main.c:176:6:myHAL_UART_clear	24	static
../Core/Src/main.c:182:6:SpiritGotoReadyState	8	static
../Core/Src/main.c:205:6:HAL_GPIO_EXTI_Callback	24	static,ignoring_inline_asm
../Core/Src/main.c:246:6:confirm_TX	8	static
../Core/Src/main.c:251:6:Task_TX	16	static
../Core/Src/main.c:270:6:printUsersOnline	32	static
../Core/Src/main.c:282:6:reapUsers	16	static
../Core/Src/main.c:296:6:Task_printUsers	16	static
../Core/Src/main.c:305:6:get_RX	136	static
../Core/Src/main.c:329:6:printPacket	16	static
../Core/Src/main.c:335:6:Task_RX	16	static
../Core/Src/main.c:350:5:main	24	static
../Core/Src/main.c:426:6:SystemClock_Config	96	static
../Core/Src/main.c:484:6:HAL_TIM_PeriodElapsedCallback	16	static
../Core/Src/main.c:501:6:Error_Handler	4	static,ignoring_inline_asm
