../Drivers/CMSIS/Include/core_cm4.h:1809:22:__NVIC_SetPriority	16	static
../Drivers/CMSIS/Include/core_cm4.h:1856:26:NVIC_EncodePriority	40	static
../Core/Src/main.c:47:6:RTOS_ISR_setPriority	24	static
../Core/Src/main.c:171:7:getName	16	static
../Core/Src/main.c:234:6:createPayload	32	static
../Core/Src/main.c:252:6:HAL_GPIO_EXTI_Callback	24	static,ignoring_inline_asm
../Core/Src/main.c:303:6:confirm_TX	8	static
../Core/Src/main.c:365:6:Task_TX	128	static
../Core/Src/main.c:409:6:get_RX	16	static
../Core/Src/main.c:430:6:handle_RX	64	static
../Core/Src/main.c:513:6:Task_RX	16	static
../Core/Src/main.c:521:6:Task_HandleUpdates	16	static
../Core/Src/main.c:535:6:Task_BeatHeart	16	static
../Core/Src/main.c:551:5:main	24	static,ignoring_inline_asm
../Core/Src/main.c:632:6:USART2_IRQHandler	16	static
../Core/Src/main.c:675:6:printUsersOnline	32	static
../Core/Src/main.c:693:6:reapUsers	16	static
../Core/Src/main.c:711:6:handleCommand	32	static
../Core/Src/main.c:771:6:impersonate	16	static
../Core/Src/main.c:814:6:virus	8	static
../Core/Src/main.c:822:6:myHAL_UART_printf	16	static
../Core/Src/main.c:842:6:myHAL_UART_reset	24	static
../Core/Src/main.c:848:6:SpiritGotoReadyState	8	static
../Core/Src/main.c:899:6:SystemClock_Config	96	static
../Core/Src/main.c:957:6:HAL_TIM_PeriodElapsedCallback	16	static
../Core/Src/main.c:974:6:Error_Handler	4	static,ignoring_inline_asm
